Archive member included to satisfy reference by file (symbol)

/home/smmosle/Rs/TZ/arm-none-eabi/bin/../lib/gcc/arm-none-eabi/6.3.1/thumb/v8-m.base/libgcc.a(_thumb1_case_uqi.o)
                              ../../../Source/tasks.o (__gnu_thumb1_case_uqi)
/home/smmosle/Rs/TZ/arm-none-eabi/bin/../lib/gcc/arm-none-eabi/6.3.1/../../../../arm-none-eabi/lib/thumb/v8-m.base/libc_nano.a(lib_a-exit.o)
                              /home/smmosle/Rs/TZ/arm-none-eabi/bin/../lib/gcc/arm-none-eabi/6.3.1/../../../../arm-none-eabi/lib/thumb/v8-m.base/crt0.o (exit)
/home/smmosle/Rs/TZ/arm-none-eabi/bin/../lib/gcc/arm-none-eabi/6.3.1/../../../../arm-none-eabi/lib/thumb/v8-m.base/libc_nano.a(lib_a-impure.o)
                              /home/smmosle/Rs/TZ/arm-none-eabi/bin/../lib/gcc/arm-none-eabi/6.3.1/../../../../arm-none-eabi/lib/thumb/v8-m.base/libc_nano.a(lib_a-exit.o) (_global_impure_ptr)
/home/smmosle/Rs/TZ/arm-none-eabi/bin/../lib/gcc/arm-none-eabi/6.3.1/../../../../arm-none-eabi/lib/thumb/v8-m.base/libc_nano.a(lib_a-init.o)
                              /home/smmosle/Rs/TZ/arm-none-eabi/bin/../lib/gcc/arm-none-eabi/6.3.1/../../../../arm-none-eabi/lib/thumb/v8-m.base/crt0.o (__libc_init_array)
/home/smmosle/Rs/TZ/arm-none-eabi/bin/../lib/gcc/arm-none-eabi/6.3.1/../../../../arm-none-eabi/lib/thumb/v8-m.base/libc_nano.a(lib_a-memcpy-stub.o)
                              ../../../Source/queue.o (memcpy)
/home/smmosle/Rs/TZ/arm-none-eabi/bin/../lib/gcc/arm-none-eabi/6.3.1/../../../../arm-none-eabi/lib/thumb/v8-m.base/libc_nano.a(lib_a-memset.o)
                              /home/smmosle/Rs/TZ/arm-none-eabi/bin/../lib/gcc/arm-none-eabi/6.3.1/../../../../arm-none-eabi/lib/thumb/v8-m.base/crt0.o (memset)

Allocating common symbols
Common symbol       size              file

xQueueRegistry      0x40              ../../../Source/queue.o
_irq_table          0xb4              hpl/core/hpl_core_m23_base.o

Discarded input sections

 .text          0x0000000000000000        0x0 /home/smmosle/Rs/TZ/arm-none-eabi/bin/../lib/gcc/arm-none-eabi/6.3.1/thumb/v8-m.base/crti.o
 .data          0x0000000000000000        0x0 /home/smmosle/Rs/TZ/arm-none-eabi/bin/../lib/gcc/arm-none-eabi/6.3.1/thumb/v8-m.base/crti.o
 .bss           0x0000000000000000        0x0 /home/smmosle/Rs/TZ/arm-none-eabi/bin/../lib/gcc/arm-none-eabi/6.3.1/thumb/v8-m.base/crti.o
 .data          0x0000000000000000        0x4 /home/smmosle/Rs/TZ/arm-none-eabi/bin/../lib/gcc/arm-none-eabi/6.3.1/thumb/v8-m.base/crtbegin.o
 .text          0x0000000000000000       0x78 /home/smmosle/Rs/TZ/arm-none-eabi/bin/../lib/gcc/arm-none-eabi/6.3.1/../../../../arm-none-eabi/lib/thumb/v8-m.base/crt0.o
 .data          0x0000000000000000        0x0 /home/smmosle/Rs/TZ/arm-none-eabi/bin/../lib/gcc/arm-none-eabi/6.3.1/../../../../arm-none-eabi/lib/thumb/v8-m.base/crt0.o
 .bss           0x0000000000000000        0x0 /home/smmosle/Rs/TZ/arm-none-eabi/bin/../lib/gcc/arm-none-eabi/6.3.1/../../../../arm-none-eabi/lib/thumb/v8-m.base/crt0.o
 .ARM.extab     0x0000000000000000        0x0 /home/smmosle/Rs/TZ/arm-none-eabi/bin/../lib/gcc/arm-none-eabi/6.3.1/../../../../arm-none-eabi/lib/thumb/v8-m.base/crt0.o
 .ARM.exidx     0x0000000000000000        0x8 /home/smmosle/Rs/TZ/arm-none-eabi/bin/../lib/gcc/arm-none-eabi/6.3.1/../../../../arm-none-eabi/lib/thumb/v8-m.base/crt0.o
 .ARM.attributes
                0x0000000000000000       0x20 /home/smmosle/Rs/TZ/arm-none-eabi/bin/../lib/gcc/arm-none-eabi/6.3.1/../../../../arm-none-eabi/lib/thumb/v8-m.base/crt0.o
 .group         0x0000000000000000        0x8 gcc/system_saml11e16a.o
 .group         0x0000000000000000        0x8 gcc/system_saml11e16a.o
 .group         0x0000000000000000        0x8 gcc/system_saml11e16a.o
 .group         0x0000000000000000        0x8 gcc/system_saml11e16a.o
 .group         0x0000000000000000        0x8 gcc/system_saml11e16a.o
 .group         0x0000000000000000        0x8 gcc/system_saml11e16a.o
 .group         0x0000000000000000        0x8 gcc/system_saml11e16a.o
 .group         0x0000000000000000        0x8 gcc/system_saml11e16a.o
 .group         0x0000000000000000        0x8 gcc/system_saml11e16a.o
 .group         0x0000000000000000        0x8 gcc/system_saml11e16a.o
 .group         0x0000000000000000        0x8 gcc/system_saml11e16a.o
 .group         0x0000000000000000        0x8 gcc/system_saml11e16a.o
 .group         0x0000000000000000        0x8 gcc/system_saml11e16a.o
 .group         0x0000000000000000        0x8 gcc/system_saml11e16a.o
 .group         0x0000000000000000        0x8 gcc/system_saml11e16a.o
 .group         0x0000000000000000        0x8 gcc/system_saml11e16a.o
 .group         0x0000000000000000        0x8 gcc/system_saml11e16a.o
 .group         0x0000000000000000        0x8 gcc/system_saml11e16a.o
 .group         0x0000000000000000        0x8 gcc/system_saml11e16a.o
 .group         0x0000000000000000        0x8 gcc/system_saml11e16a.o
 .group         0x0000000000000000        0x8 gcc/system_saml11e16a.o
[...]
Memory Configuration

Name             Origin             Length             Attributes
cert             0x0000000000006a00 0x0000000000000100 xr
rom              0x0000000000006b00 0x0000000000009500 xr
ram              0x0000000020000000 0x0000000000003f80 xrw
userrow          0x0000000000804000 0x0000000000000100 rw
rom_nsc          0x0000000000000000 0xffffffffffffffff
*default*        0x0000000000000000 0xffffffffffffffff

Linker script and memory map

LOAD /home/smmosle/Rs/TZ/arm-none-eabi/bin/../lib/gcc/arm-none-eabi/6.3.1/thumb/v8-m.base/crti.o
LOAD /home/smmosle/Rs/TZ/arm-none-eabi/bin/../lib/gcc/arm-none-eabi/6.3.1/thumb/v8-m.base/crtbegin.o
LOAD /home/smmosle/Rs/TZ/arm-none-eabi/bin/../lib/gcc/arm-none-eabi/6.3.1/../../../../arm-none-eabi/lib/thumb/v8-m.base/crt0.o
LOAD gcc/system_saml11e16a.o
LOAD gcc/gcc/startup_saml11e16a.o
LOAD hal/src/hal_delay.o
LOAD hal/src/hal_init.o
LOAD hpl/core/hpl_core_m23_base.o
LOAD hal/src/hal_gpio.o
LOAD ../../../Source/tasks.o
LOAD ../../../Source/queue.o
LOAD ../../../Source/list.o
LOAD ../../../Source/timers.o
LOAD ../../../Source/portable/MemMang/heap_1.o
LOAD ../../../Source/portable/GCC/AtmelSAML11/port.o
LOAD ParTest/ParTest.o
LOAD main.o
LOAD main-blinky.o
START GROUP
LOAD /home/smmosle/Rs/TZ/arm-none-eabi/bin/../lib/gcc/arm-none-eabi/6.3.1/../../../../arm-none-eabi/lib/thumb/v8-m.base/libm.a
END GROUP
START GROUP
LOAD /home/smmosle/Rs/TZ/arm-none-eabi/bin/../lib/gcc/arm-none-eabi/6.3.1/thumb/v8-m.base/libgcc.a
LOAD /home/smmosle/Rs/TZ/arm-none-eabi/bin/../lib/gcc/arm-none-eabi/6.3.1/../../../../arm-none-eabi/lib/thumb/v8-m.base/libc_nano.a
END GROUP
START GROUP
LOAD /home/smmosle/Rs/TZ/arm-none-eabi/bin/../lib/gcc/arm-none-eabi/6.3.1/thumb/v8-m.base/libgcc.a
LOAD /home/smmosle/Rs/TZ/arm-none-eabi/bin/../lib/gcc/arm-none-eabi/6.3.1/../../../../arm-none-eabi/lib/thumb/v8-m.base/libc_nano.a
END GROUP
LOAD /home/smmosle/Rs/TZ/arm-none-eabi/bin/../lib/gcc/arm-none-eabi/6.3.1/thumb/v8-m.base/crtend.o
LOAD /home/smmosle/Rs/TZ/arm-none-eabi/bin/../lib/gcc/arm-none-eabi/6.3.1/thumb/v8-m.base/crtn.o
                0x0000000000000400                STACK_SIZE = DEFINED (STACK_SIZE)?STACK_SIZE:DEFINED (__stack_size__)?__stack_size__:0x400
                0x0000000000000200                HEAP_SIZE = DEFINED (HEAP_SIZE)?HEAP_SIZE:DEFINED (__heap_size__)?__heap_size__:0x200

.text           0x0000000000006b00     0x173c
                0x0000000000006b00                . = ALIGN (0x4)
                0x0000000000006b00                _sfixed = .
 *(.vectors .vectors.*)
 .vectors       0x0000000000006b00       0xf4 gcc/gcc/startup_saml11e16a.o
                0x0000000000006b00                exception_table
 *trustzone_veneer.o(.text.*)
 *(.text .text.* .gnu.linkonce.t.*)
 .text          0x0000000000006bf4       0x6c /home/smmosle/Rs/TZ/arm-none-eabi/bin/../lib/gcc/arm-none-eabi/6.3.1/thumb/v8-m.base/crtbegin.o
 .text.SystemCoreClockUpdate
                0x0000000000006c60       0x10 gcc/system_saml11e16a.o
                0x0000000000006c60                SystemCoreClockUpdate
 .text.Dummy_Handler
                0x0000000000006c70        0x2 gcc/gcc/startup_saml11e16a.o
                0x0000000000006c70                SVCall_Handler
                0x0000000000006c70                SERCOM0_2_Handler
                0x0000000000006c70                EVSYS_0_Handler
                0x0000000000006c70                TRNG_Handler
                0x0000000000006c70                HardFault_Handler
                0x0000000000006c70                ADC_RESRDY_Handler
                0x0000000000006c70                TC2_Handler
                0x0000000000006c70                AC_Handler
                0x0000000000006c70                DMAC_OTHER_Handler
                0x0000000000006c70                EVSYS_3_Handler
                0x0000000000006c70                NonMaskableInt_Handler
                0x0000000000006c70                SERCOM0_OTHER_Handler
                0x0000000000006c70                EIC_3_Handler
                0x0000000000006c70                SERCOM0_0_Handler
                0x0000000000006c70                RTC_Handler
                0x0000000000006c70                SERCOM1_OTHER_Handler
                0x0000000000006c70                EVSYS_1_Handler
                0x0000000000006c70                DMAC_0_Handler
                0x0000000000006c70                WDT_Handler
                0x0000000000006c70                TRAM_Handler
                0x0000000000006c70                EVSYS_NSCHK_Handler
                0x0000000000006c70                TC1_Handler
                0x0000000000006c70                DAC_EMPTY_Handler
                0x0000000000006c70                PAC_Handler
                0x0000000000006c70                EIC_0_Handler
                0x0000000000006c70                Dummy_Handler
                0x0000000000006c70                DMAC_2_Handler
                0x0000000000006c70                SERCOM0_1_Handler
                0x0000000000006c70                DMAC_1_Handler
                0x0000000000006c70                SERCOM1_1_Handler
                0x0000000000006c70                EIC_2_Handler
                0x0000000000006c70                NVMCTRL_Handler
                0x0000000000006c70                PORT_Handler
                0x0000000000006c70                SYSTEM_Handler
                0x0000000000006c70                SERCOM1_0_Handler
                0x0000000000006c70                SERCOM2_1_Handler
                0x0000000000006c70                SERCOM1_2_Handler
                0x0000000000006c70                EIC_1_Handler
                0x0000000000006c70                SERCOM2_2_Handler
                0x0000000000006c70                PTC_Handler
                0x0000000000006c70                EVSYS_2_Handler
                0x0000000000006c70                SERCOM2_OTHER_Handler
                0x0000000000006c70                FREQM_Handler
                0x0000000000006c70                DAC_UNDERRUN_A_Handler
                0x0000000000006c70                TC0_Handler
                0x0000000000006c70                EIC_OTHER_Handler
                0x0000000000006c70                ADC_OTHER_Handler
                0x0000000000006c70                DMAC_3_Handler
                0x0000000000006c70                SERCOM2_0_Handler
 *fill*         0x0000000000006c72        0x2 
 .text.Reset_Handler
                0x0000000000006c74       0x68 gcc/gcc/startup_saml11e16a.o
                0x0000000000006c74                Reset_Handler
 .text.delay_init
                0x0000000000006cdc       0x14 hal/src/hal_delay.o
                0x0000000000006cdc                delay_init
 .text._delay_init
                0x0000000000006cf0        0x2 hpl/core/hpl_core_m23_base.o
                0x0000000000006cf0                _delay_init
 *fill*         0x0000000000006cf2        0x2 
 .text.prvResetNextTaskUnblockTime
                0x0000000000006cf4       0x1c ../../../Source/tasks.o
 .text.prvAddCurrentTaskToDelayedList
                0x0000000000006d10       0x60 ../../../Source/tasks.o
 .text.prvIdleTask
                0x0000000000006d70       0x58 ../../../Source/tasks.o
 .text.xTaskCreate
                0x0000000000006dc8      0x190 ../../../Source/tasks.o
                0x0000000000006dc8                xTaskCreate
 .text.vTaskStartScheduler
                0x0000000000006f58       0x60 ../../../Source/tasks.o
                0x0000000000006f58                vTaskStartScheduler
 .text.vTaskSuspendAll
                0x0000000000006fb8       0x10 ../../../Source/tasks.o
                0x0000000000006fb8                vTaskSuspendAll
 .text.xTaskGetTickCount
                0x0000000000006fc8        0xc ../../../Source/tasks.o
                0x0000000000006fc8                xTaskGetTickCount
 .text.xTaskIncrementTick
                0x0000000000006fd4       0xe8 ../../../Source/tasks.o
                0x0000000000006fd4                xTaskIncrementTick
 .text.xTaskResumeAll
                0x00000000000070bc       0xc8 ../../../Source/tasks.o
                0x00000000000070bc                xTaskResumeAll
 .text.vTaskDelayUntil
                0x0000000000007184       0x70 ../../../Source/tasks.o
                0x0000000000007184                vTaskDelayUntil
 .text.vTaskSwitchContext
                0x00000000000071f4       0x90 ../../../Source/tasks.o
                0x00000000000071f4                vTaskSwitchContext
 .text.vTaskPlaceOnEventList
                0x0000000000007284       0x2c ../../../Source/tasks.o
                0x0000000000007284                vTaskPlaceOnEventList
 .text.vTaskPlaceOnEventListRestricted
                0x00000000000072b0       0x34 ../../../Source/tasks.o
                0x00000000000072b0                vTaskPlaceOnEventListRestricted
 .text.xTaskRemoveFromEventList
                0x00000000000072e4       0x74 ../../../Source/tasks.o
                0x00000000000072e4                xTaskRemoveFromEventList
 .text.vTaskInternalSetTimeOutState
                0x0000000000007358       0x18 ../../../Source/tasks.o
                0x0000000000007358                vTaskInternalSetTimeOutState
 .text.xTaskCheckForTimeOut
                0x0000000000007370       0x6c ../../../Source/tasks.o
                0x0000000000007370                xTaskCheckForTimeOut
 .text.vTaskMissedYield
                0x00000000000073dc        0xc ../../../Source/tasks.o
                0x00000000000073dc                vTaskMissedYield
 .text.xTaskGetSchedulerState
                0x00000000000073e8       0x18 ../../../Source/tasks.o
                0x00000000000073e8                xTaskGetSchedulerState
 .text.xTaskPriorityDisinherit
                0x0000000000007400       0x70 ../../../Source/tasks.o
                0x0000000000007400                xTaskPriorityDisinherit
 .text.prvIsQueueEmpty
                0x0000000000007470       0x1c ../../../Source/queue.o
 .text.unlikely.prvCopyDataToQueue
                0x000000000000748c       0x70 ../../../Source/queue.o
 .text.prvNotifyQueueSetContainer
                0x00000000000074fc       0x5c ../../../Source/queue.o
 .text.unlikely.prvCopyDataFromQueue
                0x0000000000007558       0x28 ../../../Source/queue.o
 .text.prvUnlockQueue
                0x0000000000007580       0x84 ../../../Source/queue.o
 .text.xQueueGenericReset
                0x0000000000007604       0x74 ../../../Source/queue.o
                0x0000000000007604                xQueueGenericReset
 .text.xQueueGenericCreate
                0x0000000000007678       0x4c ../../../Source/queue.o
                0x0000000000007678                xQueueGenericCreate
 .text.xQueueGenericSend
                0x00000000000076c4      0x160 ../../../Source/queue.o
                0x00000000000076c4                xQueueGenericSend
 .text.xQueueGenericSendFromISR
                0x0000000000007824       0xb0 ../../../Source/queue.o
                0x0000000000007824                xQueueGenericSendFromISR
 .text.xQueueReceive
                0x00000000000078d4      0x128 ../../../Source/queue.o
                0x00000000000078d4                xQueueReceive
 .text.vQueueAddToRegistry
                0x00000000000079fc       0x24 ../../../Source/queue.o
                0x00000000000079fc                vQueueAddToRegistry
 .text.vQueueWaitForMessageRestricted
                0x0000000000007a20       0x58 ../../../Source/queue.o
                0x0000000000007a20                vQueueWaitForMessageRestricted
 .text.vListInitialise
                0x0000000000007a78       0x16 ../../../Source/list.o
                0x0000000000007a78                vListInitialise
 .text.vListInitialiseItem
                0x0000000000007a8e        0x6 ../../../Source/list.o
                0x0000000000007a8e                vListInitialiseItem
 .text.vListInsertEnd
                0x0000000000007a94       0x18 ../../../Source/list.o
                0x0000000000007a94                vListInsertEnd
 .text.vListInsert
                0x0000000000007aac       0x2e ../../../Source/list.o
                0x0000000000007aac                vListInsert
 .text.uxListRemove
                0x0000000000007ada       0x22 ../../../Source/list.o
                0x0000000000007ada                uxListRemove
 .text.prvCheckForValidListAndQueue
                0x0000000000007afc       0x58 ../../../Source/timers.o
 .text.prvInsertTimerInActiveList
                0x0000000000007b54       0x40 ../../../Source/timers.o
 .text.xTimerCreateTimerTask
                0x0000000000007b94       0x40 ../../../Source/timers.o
                0x0000000000007b94                xTimerCreateTimerTask
 .text.xTimerGenericCommand
                0x0000000000007bd4       0x58 ../../../Source/timers.o
                0x0000000000007bd4                xTimerGenericCommand
 .text.prvSwitchTimerLists
                0x0000000000007c2c       0x68 ../../../Source/timers.o
 .text.prvTimerTask
                0x0000000000007c94      0x18c ../../../Source/timers.o
 .text.pvPortMalloc
                0x0000000000007e20       0x60 ../../../Source/portable/MemMang/heap_1.o
                0x0000000000007e20                pvPortMalloc
 .text.vPortFree
                0x0000000000007e80        0x8 ../../../Source/portable/MemMang/heap_1.o
                0x0000000000007e80                vPortFree
 .text.prvTaskExitError
                0x0000000000007e88       0x24 ../../../Source/portable/GCC/AtmelSAML11/port.o
 *fill*         0x0000000000007eac        0x4 
 .text.vPortStartFirstTask
                0x0000000000007eb0       0x34 ../../../Source/portable/GCC/AtmelSAML11/port.o
 .text.pxPortInitialiseStack
                0x0000000000007ee4       0x20 ../../../Source/portable/GCC/AtmelSAML11/port.o
                0x0000000000007ee4                pxPortInitialiseStack
 .text.xPortStartScheduler
                0x0000000000007f04       0x70 ../../../Source/portable/GCC/AtmelSAML11/port.o
                0x0000000000007f04                xPortStartScheduler
 .text.vPortYield
                0x0000000000007f74       0x18 ../../../Source/portable/GCC/AtmelSAML11/port.o
                0x0000000000007f74                vPortYield
 .text.vPortEnterCritical
                0x0000000000007f8c       0x18 ../../../Source/portable/GCC/AtmelSAML11/port.o
                0x0000000000007f8c                vPortEnterCritical
 .text.vPortExitCritical
                0x0000000000007fa4       0x18 ../../../Source/portable/GCC/AtmelSAML11/port.o
                0x0000000000007fa4                vPortExitCritical
 .text.ulSetInterruptMaskFromISR
                0x0000000000007fbc        0x8 ../../../Source/portable/GCC/AtmelSAML11/port.o
                0x0000000000007fbc                ulSetInterruptMaskFromISR
 .text.vClearInterruptMaskFromISR
                0x0000000000007fc4        0x6 ../../../Source/portable/GCC/AtmelSAML11/port.o
                0x0000000000007fc4                vClearInterruptMaskFromISR
 *fill*         0x0000000000007fca        0x6 
 .text.PendSV_Handler
                0x0000000000007fd0       0x44 ../../../Source/portable/GCC/AtmelSAML11/port.o
                0x0000000000007fd0                PendSV_Handler
 .text.SysTick_Handler
                0x0000000000008014       0x30 ../../../Source/portable/GCC/AtmelSAML11/port.o
                0x0000000000008014                SysTick_Handler
 .text.vParTestInitialise
                0x0000000000008044       0x3c ParTest/ParTest.o
                0x0000000000008044                vParTestInitialise
 .text.vParTestToggleLED
                0x0000000000008080        0xc ParTest/ParTest.o
                0x0000000000008080                vParTestToggleLED
 .text.startup.main
                0x000000000000808c       0x20 main.o
                0x000000000000808c                main
 .text.vApplicationMallocFailedHook
                0x00000000000080ac        0x4 main.o
                0x00000000000080ac                vApplicationMallocFailedHook
 .text.vApplicationStackOverflowHook
                0x00000000000080b0        0x4 main.o
                0x00000000000080b0                vApplicationStackOverflowHook
 .text.vApplicationTickHook
                0x00000000000080b4        0x2 main.o
                0x00000000000080b4                vApplicationTickHook
 *fill*         0x00000000000080b6        0x2 
 .text.prvQueueSendTask
                0x00000000000080b8       0x40 main-blinky.o
 .text.prvQueueReceiveTask
                0x00000000000080f8       0x38 main-blinky.o
 .text.main_blinky
                0x0000000000008130       0x60 main-blinky.o
                0x0000000000008130                main_blinky
 .text.__libc_init_array
                0x0000000000008190       0x50 /home/smmosle/Rs/TZ/arm-none-eabi/bin/../lib/gcc/arm-none-eabi/6.3.1/../../../../arm-none-eabi/lib/thumb/v8-m.base/libc_nano.a(lib_a-init.o)
                0x0000000000008190                __libc_init_array
 .text.memcpy   0x00000000000081e0       0x12 /home/smmosle/Rs/TZ/arm-none-eabi/bin/../lib/gcc/arm-none-eabi/6.3.1/../../../../arm-none-eabi/lib/thumb/v8-m.base/libc_nano.a(lib_a-memcpy-stub.o)
                0x00000000000081e0                memcpy
 .text.memset   0x00000000000081f2       0x10 /home/smmosle/Rs/TZ/arm-none-eabi/bin/../lib/gcc/arm-none-eabi/6.3.1/../../../../arm-none-eabi/lib/thumb/v8-m.base/libc_nano.a(lib_a-memset.o)
                0x00000000000081f2                memset
 *(.glue_7t)
 .glue_7t       0x0000000000008202        0x0 linker stubs
 *(.glue_7)
 .glue_7        0x0000000000008202        0x0 linker stubs
 *(.rodata .rodata* .gnu.linkonce.r.*)
 .rodata.str1.1
                0x0000000000008202        0x5 ../../../Source/tasks.o
 .rodata.str1.1
                0x0000000000008207        0xd ../../../Source/timers.o
 .rodata.str1.1
                0x0000000000008214        0x6 main-blinky.o
 *(.ARM.extab* .gnu.linkonce.armextab.*)
                0x000000000000821c                . = ALIGN (0x4)
 *fill*         0x000000000000821a        0x2 
 *(.init)
 .init          0x000000000000821c        0x4 /home/smmosle/Rs/TZ/arm-none-eabi/bin/../lib/gcc/arm-none-eabi/6.3.1/thumb/v8-m.base/crti.o
                0x000000000000821c                _init
 .init          0x0000000000008220        0x8 /home/smmosle/Rs/TZ/arm-none-eabi/bin/../lib/gcc/arm-none-eabi/6.3.1/thumb/v8-m.base/crtn.o
                0x0000000000008228                . = ALIGN (0x4)
                0x0000000000008228                __preinit_array_start = .
 *(.preinit_array)
                0x0000000000008228                __preinit_array_end = .
                0x0000000000008228                . = ALIGN (0x4)
                0x0000000000008228                __init_array_start = .
 *(SORT(.init_array.*))
 *(.init_array)
 .init_array    0x0000000000008228        0x4 /home/smmosle/Rs/TZ/arm-none-eabi/bin/../lib/gcc/arm-none-eabi/6.3.1/thumb/v8-m.base/crtbegin.o
                0x000000000000822c                __init_array_end = .
                0x000000000000822c                . = ALIGN (0x4)
 *crtbegin.o(.ctors)
 *(EXCLUDE_FILE(*crtend.o) .ctors)
 *(SORT(.ctors.*))
 *crtend.o(.ctors)
                0x000000000000822c                . = ALIGN (0x4)
 *(.fini)
 .fini          0x000000000000822c        0x4 /home/smmosle/Rs/TZ/arm-none-eabi/bin/../lib/gcc/arm-none-eabi/6.3.1/thumb/v8-m.base/crti.o
                0x000000000000822c                _fini
 .fini          0x0000000000008230        0x8 /home/smmosle/Rs/TZ/arm-none-eabi/bin/../lib/gcc/arm-none-eabi/6.3.1/thumb/v8-m.base/crtn.o
                0x0000000000008238                . = ALIGN (0x4)
                0x0000000000008238                __fini_array_start = .
 *(.fini_array)
 .fini_array    0x0000000000008238        0x4 /home/smmosle/Rs/TZ/arm-none-eabi/bin/../lib/gcc/arm-none-eabi/6.3.1/thumb/v8-m.base/crtbegin.o
 *(SORT(.fini_array.*))
                0x000000000000823c                __fini_array_end = .
 *crtbegin.o(.dtors)
 *(EXCLUDE_FILE(*crtend.o) .dtors)
 *(SORT(.dtors.*))
 *crtend.o(.dtors)
                0x000000000000823c                . = ALIGN (0x4)
                0x000000000000823c                _efixed = .
                [!provide]                        PROVIDE (__exidx_start, .)

.vfp11_veneer   0x000000000000823c        0x0
 .vfp11_veneer  0x000000000000823c        0x0 linker stubs

.v4_bx          0x000000000000823c        0x0
 .v4_bx         0x000000000000823c        0x0 linker stubs

.iplt           0x000000000000823c        0x0
 .iplt          0x000000000000823c        0x0 /home/smmosle/Rs/TZ/arm-none-eabi/bin/../lib/gcc/arm-none-eabi/6.3.1/thumb/v8-m.base/crtbegin.o

.eh_frame       0x000000000000823c        0x0
 .eh_frame      0x000000000000823c        0x0 /home/smmosle/Rs/TZ/arm-none-eabi/bin/../lib/gcc/arm-none-eabi/6.3.1/thumb/v8-m.base/crtbegin.o

.rel.dyn        0x000000000000823c        0x0
 .rel.iplt      0x000000000000823c        0x0 /home/smmosle/Rs/TZ/arm-none-eabi/bin/../lib/gcc/arm-none-eabi/6.3.1/thumb/v8-m.base/crtbegin.o

.jcr            0x000000000000823c        0x0
 .jcr           0x000000000000823c        0x0 /home/smmosle/Rs/TZ/arm-none-eabi/bin/../lib/gcc/arm-none-eabi/6.3.1/thumb/v8-m.base/crtbegin.o

.igot.plt       0x000000000000823c        0x0
 .igot.plt      0x000000000000823c        0x0 /home/smmosle/Rs/TZ/arm-none-eabi/bin/../lib/gcc/arm-none-eabi/6.3.1/thumb/v8-m.base/crtbegin.o

.ARM.exidx
 *(.ARM.exidx* .gnu.linkonce.armexidx.*)
                [!provide]                        PROVIDE (__exidx_end, .)
                0x000000000000823c                . = ALIGN (0x4)
                0x000000000000823c                _etext = .
                0x000000000000823c                . = ALIGN (0x4)

.gnu.sgstubs    0x0000000000000000        0x0
                0x0000000000000000                _ssgstubs = .

.relocate       0x0000000020000000        0x8 load address 0x000000000000823c
                0x0000000020000000                . = ALIGN (0x4)
                0x0000000020000000                _srelocate = .
 *(.ramfunc .ramfunc.*)
 *(.data .data.*)
 .data          0x0000000020000000        0x4 gcc/system_saml11e16a.o
                0x0000000020000000                SystemCoreClock
 .data          0x0000000020000004        0x4 ../../../Source/portable/GCC/AtmelSAML11/port.o
                0x0000000020000008                . = ALIGN (0x4)
                0x0000000020000008                _erelocate = .

.bss            0x0000000020000008     0x2ca4 load address 0x0000000000008244
                0x0000000020000008                . = ALIGN (0x4)
                0x0000000020000008                _sbss = .
                0x0000000020000008                _szero = .
 *(.bss .bss.*)
 .bss           0x0000000020000008       0x1c /home/smmosle/Rs/TZ/arm-none-eabi/bin/../lib/gcc/arm-none-eabi/6.3.1/thumb/v8-m.base/crtbegin.o
 .bss           0x0000000020000024        0x4 hal/src/hal_delay.o
 .bss           0x0000000020000028      0x104 ../../../Source/tasks.o
                0x0000000020000034                pxCurrentTCB
 .bss           0x000000002000012c       0x3c ../../../Source/timers.o
 .bss           0x0000000020000168     0x2b00 ../../../Source/portable/MemMang/heap_1.o
 .bss           0x0000000020002c68        0x4 main-blinky.o
 *(COMMON)
 COMMON         0x0000000020002c6c       0x40 ../../../Source/queue.o
                0x0000000020002c6c                xQueueRegistry
                0x0000000020002cac                . = ALIGN (0x4)
                0x0000000020002cac                _ebss = .
                0x0000000020002cac                _ezero = .

.heap           0x0000000020002cac      0x204 load address 0x000000000000aee8
                0x0000000020002cb0                . = ALIGN (0x8)
 *fill*         0x0000000020002cac        0x4 
                0x0000000020002cb0                _sheap = .
                0x0000000020002eb0                . = (. + HEAP_SIZE)
 *fill*         0x0000000020002cb0      0x200 
                0x0000000020002eb0                . = ALIGN (0x8)
                0x0000000020002eb0                _eheap = .

.stack          0x0000000020002eb0      0x400 load address 0x000000000000b0ec
                0x0000000020002eb0                . = ALIGN (0x8)
                0x0000000020002eb0                _sstack = .
                0x00000000200032b0                . = (. + STACK_SIZE)
 *fill*         0x0000000020002eb0      0x400 
                0x00000000200032b0                . = ALIGN (0x8)
                0x00000000200032b0                _estack = .
                0x00000000200032b0                . = ALIGN (0x4)
                0x00000000200032b0                _end = .
                0x0000000020003f7f                _ram_end_ = ((ORIGIN (ram) + LENGTH (ram)) - 0x1)

.userRowBlock
 *(.userrowsec)
OUTPUT(AtmelStart.elf elf32-littlearm)

.ARM.attributes
                0x0000000000000000       0x2c
 .ARM.attributes
                0x0000000000000000       0x22 /home/smmosle/Rs/TZ/arm-none-eabi/bin/../lib/gcc/arm-none-eabi/6.3.1/thumb/v8-m.base/crti.o
 .ARM.attributes
                0x0000000000000022       0x30 /home/smmosle/Rs/TZ/arm-none-eabi/bin/../lib/gcc/arm-none-eabi/6.3.1/thumb/v8-m.base/crtbegin.o
 .ARM.attributes
                0x0000000000000052       0x30 gcc/system_saml11e16a.o
 .ARM.attributes
                0x0000000000000082       0x30 gcc/gcc/startup_saml11e16a.o
 .ARM.attributes
                0x00000000000000b2       0x30 hal/src/hal_delay.o
 .ARM.attributes
                0x00000000000000e2       0x30 hpl/core/hpl_core_m23_base.o
 .ARM.attributes
                0x0000000000000112       0x30 ../../../Source/tasks.o
 .ARM.attributes
                0x0000000000000142       0x30 ../../../Source/queue.o
 .ARM.attributes
                0x0000000000000172       0x30 ../../../Source/list.o
 .ARM.attributes
                0x00000000000001a2       0x30 ../../../Source/timers.o
 .ARM.attributes
                0x00000000000001d2       0x30 ../../../Source/portable/MemMang/heap_1.o
 .ARM.attributes
                0x0000000000000202       0x30 ../../../Source/portable/GCC/AtmelSAML11/port.o
 .ARM.attributes
                0x0000000000000232       0x30 ParTest/ParTest.o
 .ARM.attributes
                0x0000000000000262       0x30 main.o
 .ARM.attributes
                0x0000000000000292       0x30 main-blinky.o
 .ARM.attributes
                0x00000000000002c2       0x30 /home/smmosle/Rs/TZ/arm-none-eabi/bin/../lib/gcc/arm-none-eabi/6.3.1/../../../../arm-none-eabi/lib/thumb/v8-m.base/libc_nano.a(lib_a-init.o)
 .ARM.attributes
                0x00000000000002f2       0x30 /home/smmosle/Rs/TZ/arm-none-eabi/bin/../lib/gcc/arm-none-eabi/6.3.1/../../../../arm-none-eabi/lib/thumb/v8-m.base/libc_nano.a(lib_a-memcpy-stub.o)
 .ARM.attributes
                0x0000000000000322       0x30 /home/smmosle/Rs/TZ/arm-none-eabi/bin/../lib/gcc/arm-none-eabi/6.3.1/../../../../arm-none-eabi/lib/thumb/v8-m.base/libc_nano.a(lib_a-memset.o)
 .ARM.attributes
                0x0000000000000352       0x22 /home/smmosle/Rs/TZ/arm-none-eabi/bin/../lib/gcc/arm-none-eabi/6.3.1/thumb/v8-m.base/crtn.o

.comment        0x0000000000000000       0x59
 .comment       0x0000000000000000       0x59 gcc/system_saml11e16a.o
                                         0x5a (size before relaxing)
 .comment       0x0000000000000059       0x5a gcc/gcc/startup_saml11e16a.o
 .comment       0x0000000000000059       0x5a hal/src/hal_delay.o
 .comment       0x0000000000000059       0x5a hpl/core/hpl_core_m23_base.o
 .comment       0x0000000000000059       0x5a ../../../Source/tasks.o
 .comment       0x0000000000000059       0x5a ../../../Source/queue.o
 .comment       0x0000000000000059       0x5a ../../../Source/list.o
 .comment       0x0000000000000059       0x5a ../../../Source/timers.o
 .comment       0x0000000000000059       0x5a ../../../Source/portable/MemMang/heap_1.o
 .comment       0x0000000000000059       0x5a ../../../Source/portable/GCC/AtmelSAML11/port.o
 .comment       0x0000000000000059       0x5a ParTest/ParTest.o
 .comment       0x0000000000000059       0x5a main.o
 .comment       0x0000000000000059       0x5a main-blinky.o

.debug_info     0x0000000000000000     0xbb25
 .debug_info    0x0000000000000000       0xcf gcc/system_saml11e16a.o
 .debug_info    0x00000000000000cf      0x5f4 gcc/gcc/startup_saml11e16a.o
 .debug_info    0x00000000000006c3      0x1dc hal/src/hal_delay.o
 .debug_info    0x000000000000089f      0x8da hpl/core/hpl_core_m23_base.o
 .debug_info    0x0000000000001179     0x2f44 ../../../Source/tasks.o
 .debug_info    0x00000000000040bd     0x27f2 ../../../Source/queue.o
 .debug_info    0x00000000000068af      0xbeb ../../../Source/list.o
 .debug_info    0x000000000000749a     0x18f0 ../../../Source/timers.o
 .debug_info    0x0000000000008d8a      0xb05 ../../../Source/portable/MemMang/heap_1.o
 .debug_info    0x000000000000988f      0x310 ../../../Source/portable/GCC/AtmelSAML11/port.o
 .debug_info    0x0000000000009b9f     0x11d3 ParTest/ParTest.o
 .debug_info    0x000000000000ad72      0xaa2 main.o
 .debug_info    0x000000000000b814      0x311 main-blinky.o

.debug_abbrev   0x0000000000000000     0x1de8
 .debug_abbrev  0x0000000000000000       0x8a gcc/system_saml11e16a.o
 .debug_abbrev  0x000000000000008a      0x14f gcc/gcc/startup_saml11e16a.o
 .debug_abbrev  0x00000000000001d9       0xe1 hal/src/hal_delay.o
 .debug_abbrev  0x00000000000002ba      0x296 hpl/core/hpl_core_m23_base.o
 .debug_abbrev  0x0000000000000550      0x45c ../../../Source/tasks.o
 .debug_abbrev  0x00000000000009ac      0x3e0 ../../../Source/queue.o
 .debug_abbrev  0x0000000000000d8c      0x221 ../../../Source/list.o
 .debug_abbrev  0x0000000000000fad      0x3f1 ../../../Source/timers.o
 .debug_abbrev  0x000000000000139e      0x26e ../../../Source/portable/MemMang/heap_1.o
 .debug_abbrev  0x000000000000160c      0x1d9 ../../../Source/portable/GCC/AtmelSAML11/port.o
 .debug_abbrev  0x00000000000017e5      0x2b3 ParTest/ParTest.o
 .debug_abbrev  0x0000000000001a98      0x240 main.o
 .debug_abbrev  0x0000000000001cd8      0x110 main-blinky.o

.debug_aranges  0x0000000000000000      0x610
 .debug_aranges
                0x0000000000000000       0x20 gcc/system_saml11e16a.o
 .debug_aranges
                0x0000000000000020       0x28 gcc/gcc/startup_saml11e16a.o
 .debug_aranges
                0x0000000000000048       0x38 hal/src/hal_delay.o
 .debug_aranges
                0x0000000000000080       0x80 hpl/core/hpl_core_m23_base.o
 .debug_aranges
                0x0000000000000100      0x1a8 ../../../Source/tasks.o
 .debug_aranges
                0x00000000000002a8      0x140 ../../../Source/queue.o
 .debug_aranges
                0x00000000000003e8       0x40 ../../../Source/list.o
 .debug_aranges
                0x0000000000000428       0x98 ../../../Source/timers.o
 .debug_aranges
                0x00000000000004c0       0x38 ../../../Source/portable/MemMang/heap_1.o
 .debug_aranges
                0x00000000000004f8       0x80 ../../../Source/portable/GCC/AtmelSAML11/port.o
 .debug_aranges
                0x0000000000000578       0x30 ParTest/ParTest.o
 .debug_aranges
                0x00000000000005a8       0x38 main.o
 .debug_aranges
                0x00000000000005e0       0x30 main-blinky.o

.debug_ranges   0x0000000000000000      0x960
 .debug_ranges  0x0000000000000000       0x10 gcc/system_saml11e16a.o
 .debug_ranges  0x0000000000000010       0x18 gcc/gcc/startup_saml11e16a.o
 .debug_ranges  0x0000000000000028       0x28 hal/src/hal_delay.o
 .debug_ranges  0x0000000000000050       0x70 hpl/core/hpl_core_m23_base.o
 .debug_ranges  0x00000000000000c0      0x320 ../../../Source/tasks.o
 .debug_ranges  0x00000000000003e0      0x2c0 ../../../Source/queue.o
 .debug_ranges  0x00000000000006a0       0x30 ../../../Source/list.o
 .debug_ranges  0x00000000000006d0       0xe8 ../../../Source/timers.o
 .debug_ranges  0x00000000000007b8       0x28 ../../../Source/portable/MemMang/heap_1.o
 .debug_ranges  0x00000000000007e0       0x98 ../../../Source/portable/GCC/AtmelSAML11/port.o
 .debug_ranges  0x0000000000000878       0xa0 ParTest/ParTest.o
 .debug_ranges  0x0000000000000918       0x28 main.o
 .debug_ranges  0x0000000000000940       0x20 main-blinky.o

.debug_macro    0x0000000000000000    0x17827
 .debug_macro   0x0000000000000000      0x311 gcc/system_saml11e16a.o
 .debug_macro   0x0000000000000311      0x8bc gcc/system_saml11e16a.o
 .debug_macro   0x0000000000000bcd       0x22 gcc/system_saml11e16a.o
 .debug_macro   0x0000000000000bef       0x87 gcc/system_saml11e16a.o
 .debug_macro   0x0000000000000c76       0x51 gcc/system_saml11e16a.o
 .debug_macro   0x0000000000000cc7       0xef gcc/system_saml11e16a.o
 .debug_macro   0x0000000000000db6       0x6a gcc/system_saml11e16a.o
 .debug_macro   0x0000000000000e20      0x1df gcc/system_saml11e16a.o
 .debug_macro   0x0000000000000fff       0xc3 gcc/system_saml11e16a.o
 .debug_macro   0x00000000000010c2       0x28 gcc/system_saml11e16a.o
 .debug_macro   0x00000000000010ea       0x85 gcc/system_saml11e16a.o
 .debug_macro   0x000000000000116f      0xa2f gcc/system_saml11e16a.o
 .debug_macro   0x0000000000001b9e      0x894 gcc/system_saml11e16a.o
 .debug_macro   0x0000000000002432      0xb83 gcc/system_saml11e16a.o
 .debug_macro   0x0000000000002fb5      0x3e0 gcc/system_saml11e16a.o
 .debug_macro   0x0000000000003395      0x373 gcc/system_saml11e16a.o
 .debug_macro   0x0000000000003708      0xf2c gcc/system_saml11e16a.o
 .debug_macro   0x0000000000004634      0x834 gcc/system_saml11e16a.o
 .debug_macro   0x0000000000004e68      0x814 gcc/system_saml11e16a.o
 .debug_macro   0x000000000000567c      0xbf2 gcc/system_saml11e16a.o
 .debug_macro   0x000000000000626e      0x20d gcc/system_saml11e16a.o
 .debug_macro   0x000000000000647b      0x2b1 gcc/system_saml11e16a.o
 .debug_macro   0x000000000000672c      0x113 gcc/system_saml11e16a.o
 .debug_macro   0x000000000000683f      0x532 gcc/system_saml11e16a.o
 .debug_macro   0x0000000000006d71      0xfd0 gcc/system_saml11e16a.o
 .debug_macro   0x0000000000007d41      0x267 gcc/system_saml11e16a.o
 .debug_macro   0x0000000000007fa8      0xb82 gcc/system_saml11e16a.o
 .debug_macro   0x0000000000008b2a      0x370 gcc/system_saml11e16a.o
 .debug_macro   0x0000000000008e9a      0xe6d gcc/system_saml11e16a.o
 .debug_macro   0x0000000000009d07      0x292 gcc/system_saml11e16a.o
 .debug_macro   0x0000000000009f99      0x5b7 gcc/system_saml11e16a.o
 .debug_macro   0x000000000000a550       0x1c gcc/system_saml11e16a.o
 .debug_macro   0x000000000000a56c       0x9a gcc/system_saml11e16a.o
 .debug_macro   0x000000000000a606     0x231e gcc/system_saml11e16a.o
 .debug_macro   0x000000000000c924     0x15b1 gcc/system_saml11e16a.o
 .debug_macro   0x000000000000ded5      0x9c1 gcc/system_saml11e16a.o
 .debug_macro   0x000000000000e896      0xbee gcc/system_saml11e16a.o
 .debug_macro   0x000000000000f484      0x2b4 gcc/system_saml11e16a.o
 .debug_macro   0x000000000000f738      0x13d gcc/system_saml11e16a.o
 .debug_macro   0x000000000000f875      0x41d gcc/system_saml11e16a.o
 .debug_macro   0x000000000000fc92       0x88 gcc/system_saml11e16a.o
 .debug_macro   0x000000000000fd1a       0xb2 gcc/system_saml11e16a.o
 .debug_macro   0x000000000000fdcc       0x46 gcc/system_saml11e16a.o
 .debug_macro   0x000000000000fe12       0x5e gcc/system_saml11e16a.o
 .debug_macro   0x000000000000fe70       0xdc gcc/system_saml11e16a.o
 .debug_macro   0x000000000000ff4c       0xe8 gcc/system_saml11e16a.o
 .debug_macro   0x0000000000010034       0x94 gcc/system_saml11e16a.o
 .debug_macro   0x00000000000100c8      0x2a2 gcc/system_saml11e16a.o
 .debug_macro   0x000000000001036a       0x52 gcc/system_saml11e16a.o
 .debug_macro   0x00000000000103bc       0xf4 gcc/system_saml11e16a.o
 .debug_macro   0x00000000000104b0       0xbe gcc/system_saml11e16a.o
 .debug_macro   0x000000000001056e       0x52 gcc/system_saml11e16a.o
 .debug_macro   0x00000000000105c0       0xe2 gcc/system_saml11e16a.o
 .debug_macro   0x00000000000106a2       0x3a gcc/system_saml11e16a.o
 .debug_macro   0x00000000000106dc       0xb8 gcc/system_saml11e16a.o
 .debug_macro   0x0000000000010794       0x4c gcc/system_saml11e16a.o
 .debug_macro   0x00000000000107e0       0x82 gcc/system_saml11e16a.o
 .debug_macro   0x0000000000010862       0x46 gcc/system_saml11e16a.o
 .debug_macro   0x00000000000108a8       0xb8 gcc/system_saml11e16a.o
 .debug_macro   0x0000000000010960       0x34 gcc/system_saml11e16a.o
 .debug_macro   0x0000000000010994       0x22 gcc/system_saml11e16a.o
 .debug_macro   0x00000000000109b6      0x14b gcc/system_saml11e16a.o
 .debug_macro   0x0000000000010b01      0x189 gcc/system_saml11e16a.o
 .debug_macro   0x0000000000010c8a      0x189 gcc/system_saml11e16a.o
 .debug_macro   0x0000000000010e13      0x189 gcc/system_saml11e16a.o
 .debug_macro   0x0000000000010f9c       0x58 gcc/system_saml11e16a.o
 .debug_macro   0x0000000000010ff4      0x11f gcc/system_saml11e16a.o
 .debug_macro   0x0000000000011113      0x11f gcc/system_saml11e16a.o
 .debug_macro   0x0000000000011232      0x11f gcc/system_saml11e16a.o
 .debug_macro   0x0000000000011351      0x209 gcc/system_saml11e16a.o
 .debug_macro   0x000000000001155a       0x34 gcc/system_saml11e16a.o
 .debug_macro   0x000000000001158e       0x40 gcc/system_saml11e16a.o
 .debug_macro   0x00000000000115ce      0x38b gcc/system_saml11e16a.o
 .debug_macro   0x0000000000011959     0x1884 gcc/system_saml11e16a.o
 .debug_macro   0x00000000000131dd      0x31b gcc/system_saml11e16a.o
 .debug_macro   0x00000000000134f8      0x30b gcc/gcc/startup_saml11e16a.o
 .debug_macro   0x0000000000013803      0x48f hal/src/hal_delay.o
 .debug_macro   0x0000000000013c92      0x16d hal/src/hal_delay.o
 .debug_macro   0x0000000000013dff       0x22 hal/src/hal_delay.o
 .debug_macro   0x0000000000013e21       0xc9 hal/src/hal_delay.o
 .debug_macro   0x0000000000013eea       0x10 hal/src/hal_delay.o
 .debug_macro   0x0000000000013efa       0x10 hal/src/hal_delay.o
 .debug_macro   0x0000000000013f0a       0x16 hal/src/hal_delay.o
 .debug_macro   0x0000000000013f20       0x16 hal/src/hal_delay.o
 .debug_macro   0x0000000000013f36       0x16 hal/src/hal_delay.o
 .debug_macro   0x0000000000013f4c       0x16 hal/src/hal_delay.o
 .debug_macro   0x0000000000013f62       0x16 hal/src/hal_delay.o
 .debug_macro   0x0000000000013f78       0x16 hal/src/hal_delay.o
 .debug_macro   0x0000000000013f8e       0x16 hal/src/hal_delay.o
 .debug_macro   0x0000000000013fa4       0x16 hal/src/hal_delay.o
 .debug_macro   0x0000000000013fba       0x16 hal/src/hal_delay.o
 .debug_macro   0x0000000000013fd0       0x16 hal/src/hal_delay.o
 .debug_macro   0x0000000000013fe6       0x16 hal/src/hal_delay.o
 .debug_macro   0x0000000000013ffc       0x16 hal/src/hal_delay.o
 .debug_macro   0x0000000000014012       0x16 hal/src/hal_delay.o
 .debug_macro   0x0000000000014028       0x16 hal/src/hal_delay.o
 .debug_macro   0x000000000001403e       0x16 hal/src/hal_delay.o
 .debug_macro   0x0000000000014054       0x16 hal/src/hal_delay.o
 .debug_macro   0x000000000001406a       0x16 hal/src/hal_delay.o
 .debug_macro   0x0000000000014080       0x16 hal/src/hal_delay.o
 .debug_macro   0x0000000000014096       0x16 hal/src/hal_delay.o
 .debug_macro   0x00000000000140ac       0x16 hal/src/hal_delay.o
 .debug_macro   0x00000000000140c2       0x16 hal/src/hal_delay.o
 .debug_macro   0x00000000000140d8       0x16 hal/src/hal_delay.o
 .debug_macro   0x00000000000140ee       0x16 hal/src/hal_delay.o
 .debug_macro   0x0000000000014104       0x16 hal/src/hal_delay.o
 .debug_macro   0x000000000001411a       0x16 hal/src/hal_delay.o
 .debug_macro   0x0000000000014130       0xca hal/src/hal_delay.o
 .debug_macro   0x00000000000141fa      0x4b4 hpl/core/hpl_core_m23_base.o
 .debug_macro   0x00000000000146ae       0x6a hpl/core/hpl_core_m23_base.o
 .debug_macro   0x0000000000014718       0xc9 hpl/core/hpl_core_m23_base.o
 .debug_macro   0x00000000000147e1       0x16 hpl/core/hpl_core_m23_base.o
 .debug_macro   0x00000000000147f7      0x26c ../../../Source/tasks.o
 .debug_macro   0x0000000000014a63       0x52 ../../../Source/tasks.o
 .debug_macro   0x0000000000014ab5       0x8d ../../../Source/tasks.o
 .debug_macro   0x0000000000014b42       0x35 ../../../Source/tasks.o
 .debug_macro   0x0000000000014b77       0x9c ../../../Source/tasks.o
 .debug_macro   0x0000000000014c13       0x16 ../../../Source/tasks.o
 .debug_macro   0x0000000000014c29      0x10e ../../../Source/tasks.o
 .debug_macro   0x0000000000014d37       0x86 ../../../Source/tasks.o
 .debug_macro   0x0000000000014dbd       0x57 ../../../Source/tasks.o
 .debug_macro   0x0000000000014e14       0x58 ../../../Source/tasks.o
 .debug_macro   0x0000000000014e6c       0x1f ../../../Source/tasks.o
 .debug_macro   0x0000000000014e8b       0x43 ../../../Source/tasks.o
 .debug_macro   0x0000000000014ece       0x20 ../../../Source/tasks.o
 .debug_macro   0x0000000000014eee      0x187 ../../../Source/tasks.o
 .debug_macro   0x0000000000015075      0x353 ../../../Source/tasks.o
 .debug_macro   0x00000000000153c8       0x16 ../../../Source/tasks.o
 .debug_macro   0x00000000000153de       0x29 ../../../Source/tasks.o
 .debug_macro   0x0000000000015407       0x16 ../../../Source/tasks.o
 .debug_macro   0x000000000001541d       0x35 ../../../Source/tasks.o
 .debug_macro   0x0000000000015452       0xf4 ../../../Source/tasks.o
 .debug_macro   0x0000000000015546      0x15a ../../../Source/tasks.o
 .debug_macro   0x00000000000156a0       0xa6 ../../../Source/tasks.o
 .debug_macro   0x0000000000015746       0x10 ../../../Source/tasks.o
 .debug_macro   0x0000000000015756       0x1f ../../../Source/tasks.o
 .debug_macro   0x0000000000015775      0x4a9 ../../../Source/tasks.o
 .debug_macro   0x0000000000015c1e       0xb5 ../../../Source/tasks.o
 .debug_macro   0x0000000000015cd3       0x8c ../../../Source/tasks.o
 .debug_macro   0x0000000000015d5f       0x91 ../../../Source/tasks.o
 .debug_macro   0x0000000000015df0       0x10 ../../../Source/tasks.o
 .debug_macro   0x0000000000015e00      0x1fb ../../../Source/queue.o
 .debug_macro   0x0000000000015ffb       0x80 ../../../Source/queue.o
 .debug_macro   0x000000000001607b      0x17b ../../../Source/list.o
 .debug_macro   0x00000000000161f6      0x1be ../../../Source/timers.o
 .debug_macro   0x00000000000163b4       0x97 ../../../Source/timers.o
 .debug_macro   0x000000000001644b      0x19c ../../../Source/portable/MemMang/heap_1.o
 .debug_macro   0x00000000000165e7      0x124 ../../../Source/portable/GCC/AtmelSAML11/port.o
 .debug_macro   0x000000000001670b      0x562 ParTest/ParTest.o
 .debug_macro   0x0000000000016c6d       0x10 ParTest/ParTest.o
 .debug_macro   0x0000000000016c7d      0x5e0 main.o
 .debug_macro   0x000000000001725d       0x10 main.o
 .debug_macro   0x000000000001726d       0x7e main.o
 .debug_macro   0x00000000000172eb      0x53c main-blinky.o

.debug_line     0x0000000000000000     0x5f30
 .debug_line    0x0000000000000000      0x4bb gcc/system_saml11e16a.o
 .debug_line    0x00000000000004bb      0x4e2 gcc/gcc/startup_saml11e16a.o
 .debug_line    0x000000000000099d      0x7d9 hal/src/hal_delay.o
 .debug_line    0x0000000000001176      0x947 hpl/core/hpl_core_m23_base.o
 .debug_line    0x0000000000001abd      0xddd ../../../Source/tasks.o
 .debug_line    0x000000000000289a      0xa93 ../../../Source/queue.o
 .debug_line    0x000000000000332d      0x398 ../../../Source/list.o
 .debug_line    0x00000000000036c5      0x57a ../../../Source/timers.o
 .debug_line    0x0000000000003c3f      0x386 ../../../Source/portable/MemMang/heap_1.o
 .debug_line    0x0000000000003fc5      0x3b1 ../../../Source/portable/GCC/AtmelSAML11/port.o
 .debug_line    0x0000000000004376      0x989 ParTest/ParTest.o
 .debug_line    0x0000000000004cff      0x95b main.o
 .debug_line    0x000000000000565a      0x8d6 main-blinky.o

.debug_str      0x0000000000000000    0x8a98b
 .debug_str     0x0000000000000000    0x7db86 gcc/system_saml11e16a.o
                                      0x7dfbf (size before relaxing)
 .debug_str     0x000000000007db86      0x50f gcc/gcc/startup_saml11e16a.o
                                      0x7e4c4 (size before relaxing)
 .debug_str     0x000000000007e095      0xfee hal/src/hal_delay.o
                                      0x7f05f (size before relaxing)
 .debug_str     0x000000000007f083      0xc64 hpl/core/hpl_core_m23_base.o
                                      0x7fd0e (size before relaxing)
 .debug_str     0x000000000007fce7     0x8466 ../../../Source/tasks.o
                                       0xbd3b (size before relaxing)
 .debug_str     0x000000000008814d      0xfa7 ../../../Source/queue.o
                                       0xb087 (size before relaxing)
 .debug_str     0x00000000000890f4       0x58 ../../../Source/list.o
                                       0x981c (size before relaxing)
 .debug_str     0x000000000008914c      0x456 ../../../Source/timers.o
                                       0xb2c8 (size before relaxing)
 .debug_str     0x00000000000895a2       0xea ../../../Source/portable/MemMang/heap_1.o
                                       0x9dff (size before relaxing)
 .debug_str     0x000000000008968c      0x337 ../../../Source/portable/GCC/AtmelSAML11/port.o
                                       0x736b (size before relaxing)
 .debug_str     0x00000000000899c3      0x6c2 ParTest/ParTest.o
                                      0x8364e (size before relaxing)
 .debug_str     0x000000000008a085      0x783 main.o
                                      0x86457 (size before relaxing)
 .debug_str     0x000000000008a808      0x183 main-blinky.o
                                      0x831ed (size before relaxing)

.debug_frame    0x0000000000000000      0xfe8
 .debug_frame   0x0000000000000000       0x30 gcc/system_saml11e16a.o
 .debug_frame   0x0000000000000030       0x38 gcc/gcc/startup_saml11e16a.o
 .debug_frame   0x0000000000000068       0x68 hal/src/hal_delay.o
 .debug_frame   0x00000000000000d0       0xec hpl/core/hpl_core_m23_base.o
 .debug_frame   0x00000000000001bc      0x564 ../../../Source/tasks.o
 .debug_frame   0x0000000000000720      0x3d8 ../../../Source/queue.o
 .debug_frame   0x0000000000000af8       0x6c ../../../Source/list.o
 .debug_frame   0x0000000000000b64      0x19c ../../../Source/timers.o
 .debug_frame   0x0000000000000d00       0x5c ../../../Source/portable/MemMang/heap_1.o
 .debug_frame   0x0000000000000d5c       0xfc ../../../Source/portable/GCC/AtmelSAML11/port.o
 .debug_frame   0x0000000000000e58       0x48 ParTest/ParTest.o
 .debug_frame   0x0000000000000ea0       0x68 main.o
 .debug_frame   0x0000000000000f08       0x6c main-blinky.o
 .debug_frame   0x0000000000000f74       0x2c /home/smmosle/Rs/TZ/arm-none-eabi/bin/../lib/gcc/arm-none-eabi/6.3.1/../../../../arm-none-eabi/lib/thumb/v8-m.base/libc_nano.a(lib_a-init.o)
 .debug_frame   0x0000000000000fa0       0x28 /home/smmosle/Rs/TZ/arm-none-eabi/bin/../lib/gcc/arm-none-eabi/6.3.1/../../../../arm-none-eabi/lib/thumb/v8-m.base/libc_nano.a(lib_a-memcpy-stub.o)
 .debug_frame   0x0000000000000fc8       0x20 /home/smmosle/Rs/TZ/arm-none-eabi/bin/../lib/gcc/arm-none-eabi/6.3.1/../../../../arm-none-eabi/lib/thumb/v8-m.base/libc_nano.a(lib_a-memset.o)

.debug_loc      0x0000000000000000     0x5171
 .debug_loc     0x0000000000000000       0x63 gcc/gcc/startup_saml11e16a.o
 .debug_loc     0x0000000000000063       0xc3 hal/src/hal_delay.o
 .debug_loc     0x0000000000000126      0x1e3 hpl/core/hpl_core_m23_base.o
 .debug_loc     0x0000000000000309     0x1e9c ../../../Source/tasks.o
 .debug_loc     0x00000000000021a5     0x2083 ../../../Source/queue.o
 .debug_loc     0x0000000000004228       0xb4 ../../../Source/list.o
 .debug_loc     0x00000000000042dc      0x9fe ../../../Source/timers.o
 .debug_loc     0x0000000000004cda       0x69 ../../../Source/portable/MemMang/heap_1.o
 .debug_loc     0x0000000000004d43      0x134 ../../../Source/portable/GCC/AtmelSAML11/port.o
 .debug_loc     0x0000000000004e77      0x22d ParTest/ParTest.o
 .debug_loc     0x00000000000050a4       0x20 main.o
 .debug_loc     0x00000000000050c4       0xad main-blinky.o
