Archive member included to satisfy reference by file (symbol)

/home/smmosle/Rs/TZ/arm-none-eabi/bin/../lib/gcc/arm-none-eabi/6.3.1/../../../../arm-none-eabi/lib/thumb/v8-m.base/libc_nano.a(lib_a-exit.o)
                              /home/smmosle/Rs/TZ/arm-none-eabi/bin/../lib/gcc/arm-none-eabi/6.3.1/../../../../arm-none-eabi/lib/thumb/v8-m.base/crt0.o (exit)
/home/smmosle/Rs/TZ/arm-none-eabi/bin/../lib/gcc/arm-none-eabi/6.3.1/../../../../arm-none-eabi/lib/thumb/v8-m.base/libc_nano.a(lib_a-impure.o)
                              /home/smmosle/Rs/TZ/arm-none-eabi/bin/../lib/gcc/arm-none-eabi/6.3.1/../../../../arm-none-eabi/lib/thumb/v8-m.base/libc_nano.a(lib_a-exit.o) (_global_impure_ptr)
/home/smmosle/Rs/TZ/arm-none-eabi/bin/../lib/gcc/arm-none-eabi/6.3.1/../../../../arm-none-eabi/lib/thumb/v8-m.base/libc_nano.a(lib_a-init.o)
                              /home/smmosle/Rs/TZ/arm-none-eabi/bin/../lib/gcc/arm-none-eabi/6.3.1/../../../../arm-none-eabi/lib/thumb/v8-m.base/crt0.o (__libc_init_array)
/home/smmosle/Rs/TZ/arm-none-eabi/bin/../lib/gcc/arm-none-eabi/6.3.1/../../../../arm-none-eabi/lib/thumb/v8-m.base/libc_nano.a(lib_a-memset.o)
                              /home/smmosle/Rs/TZ/arm-none-eabi/bin/../lib/gcc/arm-none-eabi/6.3.1/../../../../arm-none-eabi/lib/thumb/v8-m.base/crt0.o (memset)
/home/smmosle/Rs/TZ/arm-none-eabi/bin/../lib/gcc/arm-none-eabi/6.3.1/../../../../arm-none-eabi/lib/thumb/v8-m.base/libc_nano.a(lib_a-printf.o)
                              hal/utils/src/utils_syscalls.o (printf)
/home/smmosle/Rs/TZ/arm-none-eabi/bin/../lib/gcc/arm-none-eabi/6.3.1/../../../../arm-none-eabi/lib/thumb/v8-m.base/libc_nano.a(lib_a-findfp.o)
                              /home/smmosle/Rs/TZ/arm-none-eabi/bin/../lib/gcc/arm-none-eabi/6.3.1/../../../../arm-none-eabi/lib/thumb/v8-m.base/libc_nano.a(lib_a-printf.o) (__sinit)
/home/smmosle/Rs/TZ/arm-none-eabi/bin/../lib/gcc/arm-none-eabi/6.3.1/../../../../arm-none-eabi/lib/thumb/v8-m.base/libc_nano.a(lib_a-fwalk.o)
                              /home/smmosle/Rs/TZ/arm-none-eabi/bin/../lib/gcc/arm-none-eabi/6.3.1/../../../../arm-none-eabi/lib/thumb/v8-m.base/libc_nano.a(lib_a-findfp.o) (_fwalk)
/home/smmosle/Rs/TZ/arm-none-eabi/bin/../lib/gcc/arm-none-eabi/6.3.1/../../../../arm-none-eabi/lib/thumb/v8-m.base/libc_nano.a(lib_a-nano-mallocr.o)
                              /home/smmosle/Rs/TZ/arm-none-eabi/bin/../lib/gcc/arm-none-eabi/6.3.1/../../../../arm-none-eabi/lib/thumb/v8-m.base/libc_nano.a(lib_a-findfp.o) (_malloc_r)
/home/smmosle/Rs/TZ/arm-none-eabi/bin/../lib/gcc/arm-none-eabi/6.3.1/../../../../arm-none-eabi/lib/thumb/v8-m.base/libc_nano.a(lib_a-nano-vfprintf.o)
                              /home/smmosle/Rs/TZ/arm-none-eabi/bin/../lib/gcc/arm-none-eabi/6.3.1/../../../../arm-none-eabi/lib/thumb/v8-m.base/libc_nano.a(lib_a-printf.o) (_vfprintf_r)
/home/smmosle/Rs/TZ/arm-none-eabi/bin/../lib/gcc/arm-none-eabi/6.3.1/../../../../arm-none-eabi/lib/thumb/v8-m.base/libc_nano.a(lib_a-nano-vfprintf_i.o)
                              /home/smmosle/Rs/TZ/arm-none-eabi/bin/../lib/gcc/arm-none-eabi/6.3.1/../../../../arm-none-eabi/lib/thumb/v8-m.base/libc_nano.a(lib_a-nano-vfprintf.o) (_printf_i)
/home/smmosle/Rs/TZ/arm-none-eabi/bin/../lib/gcc/arm-none-eabi/6.3.1/../../../../arm-none-eabi/lib/thumb/v8-m.base/libc_nano.a(lib_a-sbrkr.o)
                              /home/smmosle/Rs/TZ/arm-none-eabi/bin/../lib/gcc/arm-none-eabi/6.3.1/../../../../arm-none-eabi/lib/thumb/v8-m.base/libc_nano.a(lib_a-nano-mallocr.o) (_sbrk_r)
/home/smmosle/Rs/TZ/arm-none-eabi/bin/../lib/gcc/arm-none-eabi/6.3.1/../../../../arm-none-eabi/lib/thumb/v8-m.base/libc_nano.a(lib_a-stdio.o)
                              /home/smmosle/Rs/TZ/arm-none-eabi/bin/../lib/gcc/arm-none-eabi/6.3.1/../../../../arm-none-eabi/lib/thumb/v8-m.base/libc_nano.a(lib_a-findfp.o) (__sread)
/home/smmosle/Rs/TZ/arm-none-eabi/bin/../lib/gcc/arm-none-eabi/6.3.1/../../../../arm-none-eabi/lib/thumb/v8-m.base/libc_nano.a(lib_a-wbuf.o)
                              /home/smmosle/Rs/TZ/arm-none-eabi/bin/../lib/gcc/arm-none-eabi/6.3.1/../../../../arm-none-eabi/lib/thumb/v8-m.base/libc_nano.a(lib_a-nano-vfprintf.o) (__swbuf_r)
/home/smmosle/Rs/TZ/arm-none-eabi/bin/../lib/gcc/arm-none-eabi/6.3.1/../../../../arm-none-eabi/lib/thumb/v8-m.base/libc_nano.a(lib_a-writer.o)
                              /home/smmosle/Rs/TZ/arm-none-eabi/bin/../lib/gcc/arm-none-eabi/6.3.1/../../../../arm-none-eabi/lib/thumb/v8-m.base/libc_nano.a(lib_a-stdio.o) (_write_r)
/home/smmosle/Rs/TZ/arm-none-eabi/bin/../lib/gcc/arm-none-eabi/6.3.1/../../../../arm-none-eabi/lib/thumb/v8-m.base/libc_nano.a(lib_a-wsetup.o)
                              /home/smmosle/Rs/TZ/arm-none-eabi/bin/../lib/gcc/arm-none-eabi/6.3.1/../../../../arm-none-eabi/lib/thumb/v8-m.base/libc_nano.a(lib_a-nano-vfprintf.o) (__swsetup_r)
/home/smmosle/Rs/TZ/arm-none-eabi/bin/../lib/gcc/arm-none-eabi/6.3.1/../../../../arm-none-eabi/lib/thumb/v8-m.base/libc_nano.a(lib_a-closer.o)
[...]
Memory Configuration

Name             Origin             Length             Attributes
rom              0x000000000000c000 0x0000000000004000 xr
ram              0x0000000020002000 0x0000000000002000 xrw
*default*        0x0000000000000000 0xffffffffffffffff

Linker script and memory map

LOAD /home/smmosle/Rs/TZ/arm-none-eabi/bin/../lib/gcc/arm-none-eabi/6.3.1/thumb/v8-m.base/crti.o
LOAD /home/smmosle/Rs/TZ/arm-none-eabi/bin/../lib/gcc/arm-none-eabi/6.3.1/thumb/v8-m.base/crtbegin.o
LOAD /home/smmosle/Rs/TZ/arm-none-eabi/bin/../lib/gcc/arm-none-eabi/6.3.1/../../../../arm-none-eabi/lib/thumb/v8-m.base/crt0.o
LOAD hal/src/hal_io.o
LOAD gcc/gcc/startup_saml11e16a.o
LOAD gcc/system_saml11e16a.o
LOAD hal/utils/src/utils_syscalls.o
LOAD hal/src/hal_delay.o
LOAD hpl/oscctrl/hpl_oscctrl.o
LOAD hpl/core/hpl_init.o
LOAD hal/utils/src/utils_list.o
LOAD hal/utils/src/utils_assert.o
LOAD hpl/dmac/hpl_dmac.o
LOAD hpl/pm/hpl_pm.o
LOAD hpl/mclk/hpl_mclk.o
LOAD hpl/gclk/hpl_gclk.o
LOAD hal/src/hal_init.o
LOAD main.o
LOAD hpl/osc32kctrl/hpl_osc32kctrl.o
LOAD examples/driver_examples.o
LOAD driver_init.o
LOAD hpl/core/hpl_core_m23_base.o
LOAD hal/src/hal_gpio.o
LOAD hal/utils/src/utils_event.o
LOAD hal/src/hal_sleep.o
LOAD atmel_start.o
LOAD hal/src/hal_atomic.o
START GROUP
LOAD /home/smmosle/Rs/TZ/arm-none-eabi/bin/../lib/gcc/arm-none-eabi/6.3.1/../../../../arm-none-eabi/lib/thumb/v8-m.base/libm.a
LOAD ..//libsecure_gateway_veneer.lib
END GROUP
START GROUP
LOAD /home/smmosle/Rs/TZ/arm-none-eabi/bin/../lib/gcc/arm-none-eabi/6.3.1/thumb/v8-m.base/libgcc.a
LOAD /home/smmosle/Rs/TZ/arm-none-eabi/bin/../lib/gcc/arm-none-eabi/6.3.1/../../../../arm-none-eabi/lib/thumb/v8-m.base/libc_nano.a
END GROUP
START GROUP
LOAD /home/smmosle/Rs/TZ/arm-none-eabi/bin/../lib/gcc/arm-none-eabi/6.3.1/thumb/v8-m.base/libgcc.a
LOAD /home/smmosle/Rs/TZ/arm-none-eabi/bin/../lib/gcc/arm-none-eabi/6.3.1/../../../../arm-none-eabi/lib/thumb/v8-m.base/libc_nano.a
END GROUP
LOAD /home/smmosle/Rs/TZ/arm-none-eabi/bin/../lib/gcc/arm-none-eabi/6.3.1/thumb/v8-m.base/crtend.o
LOAD /home/smmosle/Rs/TZ/arm-none-eabi/bin/../lib/gcc/arm-none-eabi/6.3.1/thumb/v8-m.base/crtn.o
                0x0000000000000400                STACK_SIZE = DEFINED (STACK_SIZE)?STACK_SIZE:DEFINED (__stack_size__)?__stack_size__:0x400
                0x0000000000000200                HEAP_SIZE = DEFINED (HEAP_SIZE)?HEAP_SIZE:DEFINED (__heap_size__)?__heap_size__:0x200

.text           0x000000000000c000      0xbb0
                0x000000000000c000                . = ALIGN (0x4)
                0x000000000000c000                _sfixed = .
 *(.vectors .vectors.*)
 .vectors       0x000000000000c000       0xf4 gcc/gcc/startup_saml11e16a.o
                0x000000000000c000                exception_table
 *(.text .text.* .gnu.linkonce.t.*)
 .text          0x000000000000c0f4       0x6c /home/smmosle/Rs/TZ/arm-none-eabi/bin/../lib/gcc/arm-none-eabi/6.3.1/thumb/v8-m.base/crtbegin.o
 .text.Dummy_Handler
                0x000000000000c160        0x2 gcc/gcc/startup_saml11e16a.o
                0x000000000000c160                SVCall_Handler
                0x000000000000c160                SERCOM0_2_Handler
                0x000000000000c160                EVSYS_0_Handler
                0x000000000000c160                TRNG_Handler
                0x000000000000c160                HardFault_Handler
                0x000000000000c160                ADC_RESRDY_Handler
                0x000000000000c160                TC2_Handler
                0x000000000000c160                AC_Handler
                0x000000000000c160                DMAC_OTHER_Handler
                0x000000000000c160                SysTick_Handler
                0x000000000000c160                PendSV_Handler
                0x000000000000c160                EVSYS_3_Handler
                0x000000000000c160                NonMaskableInt_Handler
                0x000000000000c160                SERCOM0_OTHER_Handler
                0x000000000000c160                EIC_3_Handler
                0x000000000000c160                SERCOM0_0_Handler
                0x000000000000c160                RTC_Handler
                0x000000000000c160                SERCOM1_OTHER_Handler
                0x000000000000c160                EVSYS_1_Handler
                0x000000000000c160                DMAC_0_Handler
                0x000000000000c160                WDT_Handler
                0x000000000000c160                TRAM_Handler
                0x000000000000c160                EVSYS_NSCHK_Handler
                0x000000000000c160                TC1_Handler
                0x000000000000c160                DAC_EMPTY_Handler
                0x000000000000c160                PAC_Handler
                0x000000000000c160                EIC_0_Handler
                0x000000000000c160                Dummy_Handler
                0x000000000000c160                DMAC_2_Handler
                0x000000000000c160                SERCOM0_1_Handler
                0x000000000000c160                DMAC_1_Handler
                0x000000000000c160                SERCOM1_1_Handler
                0x000000000000c160                EIC_2_Handler
                0x000000000000c160                NVMCTRL_Handler
                0x000000000000c160                PORT_Handler
                0x000000000000c160                SYSTEM_Handler
                0x000000000000c160                SERCOM1_0_Handler
                0x000000000000c160                SERCOM2_1_Handler
                0x000000000000c160                SERCOM1_2_Handler
                0x000000000000c160                EIC_1_Handler
                0x000000000000c160                SERCOM2_2_Handler
                0x000000000000c160                PTC_Handler
                0x000000000000c160                EVSYS_2_Handler
                0x000000000000c160                SERCOM2_OTHER_Handler
                0x000000000000c160                FREQM_Handler
                0x000000000000c160                DAC_UNDERRUN_A_Handler
                0x000000000000c160                TC0_Handler
                0x000000000000c160                EIC_OTHER_Handler
                0x000000000000c160                ADC_OTHER_Handler
                0x000000000000c160                DMAC_3_Handler
                0x000000000000c160                SERCOM2_0_Handler
 *fill*         0x000000000000c162        0x2 
 .text.Reset_Handler
                0x000000000000c164       0x68 gcc/gcc/startup_saml11e16a.o
                0x000000000000c164                Reset_Handler
 .text.rtc_alarm_callback
                0x000000000000c1cc        0xc main.o
                0x000000000000c1cc                rtc_alarm_callback
 .text.print_title
                0x000000000000c1d8      0x13c main.o
                0x000000000000c1d8                print_title
 .text.startup.main
                0x000000000000c314       0xb4 main.o
                0x000000000000c314                main
 .text.__libc_init_array
                0x000000000000c3c8       0x50 /home/smmosle/Rs/TZ/arm-none-eabi/bin/../lib/gcc/arm-none-eabi/6.3.1/../../../../arm-none-eabi/lib/thumb/v8-m.base/libc_nano.a(lib_a-init.o)
                0x000000000000c3c8                __libc_init_array
 *(.glue_7t)
 .glue_7t       0x000000000000c418        0x0 linker stubs
 *(.glue_7)
 .glue_7        0x000000000000c418        0x0 linker stubs
 *(.rodata .rodata* .gnu.linkonce.r.*)
 .rodata.str1.1
                0x000000000000c418      0x777 main.o
                                        0x77e (size before relaxing)
 *(.ARM.extab* .gnu.linkonce.armextab.*)
                0x000000000000cb90                . = ALIGN (0x4)
 *fill*         0x000000000000cb8f        0x1 
 *(.init)
 .init          0x000000000000cb90        0x4 /home/smmosle/Rs/TZ/arm-none-eabi/bin/../lib/gcc/arm-none-eabi/6.3.1/thumb/v8-m.base/crti.o
                0x000000000000cb90                _init
 .init          0x000000000000cb94        0x8 /home/smmosle/Rs/TZ/arm-none-eabi/bin/../lib/gcc/arm-none-eabi/6.3.1/thumb/v8-m.base/crtn.o
                0x000000000000cb9c                . = ALIGN (0x4)
                0x000000000000cb9c                __preinit_array_start = .
 *(.preinit_array)
                0x000000000000cb9c                __preinit_array_end = .
                0x000000000000cb9c                . = ALIGN (0x4)
                0x000000000000cb9c                __init_array_start = .
 *(SORT(.init_array.*))
 *(.init_array)
 .init_array    0x000000000000cb9c        0x4 /home/smmosle/Rs/TZ/arm-none-eabi/bin/../lib/gcc/arm-none-eabi/6.3.1/thumb/v8-m.base/crtbegin.o
                0x000000000000cba0                __init_array_end = .
                0x000000000000cba0                . = ALIGN (0x4)
 *crtbegin.o(.ctors)
 *(EXCLUDE_FILE(*crtend.o) .ctors)
 *(SORT(.ctors.*))
 *crtend.o(.ctors)
                0x000000000000cba0                . = ALIGN (0x4)
 *(.fini)
 .fini          0x000000000000cba0        0x4 /home/smmosle/Rs/TZ/arm-none-eabi/bin/../lib/gcc/arm-none-eabi/6.3.1/thumb/v8-m.base/crti.o
                0x000000000000cba0                _fini
 .fini          0x000000000000cba4        0x8 /home/smmosle/Rs/TZ/arm-none-eabi/bin/../lib/gcc/arm-none-eabi/6.3.1/thumb/v8-m.base/crtn.o
                0x000000000000cbac                . = ALIGN (0x4)
                0x000000000000cbac                __fini_array_start = .
 *(.fini_array)
 .fini_array    0x000000000000cbac        0x4 /home/smmosle/Rs/TZ/arm-none-eabi/bin/../lib/gcc/arm-none-eabi/6.3.1/thumb/v8-m.base/crtbegin.o
 *(SORT(.fini_array.*))
                0x000000000000cbb0                __fini_array_end = .
 *crtbegin.o(.dtors)
 *(EXCLUDE_FILE(*crtend.o) .dtors)
 *(SORT(.dtors.*))
 *crtend.o(.dtors)
                0x000000000000cbb0                . = ALIGN (0x4)
                0x000000000000cbb0                _efixed = .
                [!provide]                        PROVIDE (__exidx_start, .)

.vfp11_veneer   0x000000000000cbb0        0x0
 .vfp11_veneer  0x000000000000cbb0        0x0 linker stubs

.v4_bx          0x000000000000cbb0        0x0
 .v4_bx         0x000000000000cbb0        0x0 linker stubs

.iplt           0x000000000000cbb0        0x0
 .iplt          0x000000000000cbb0        0x0 /home/smmosle/Rs/TZ/arm-none-eabi/bin/../lib/gcc/arm-none-eabi/6.3.1/thumb/v8-m.base/crtbegin.o

.eh_frame       0x000000000000cbb0        0x0
 .eh_frame      0x000000000000cbb0        0x0 /home/smmosle/Rs/TZ/arm-none-eabi/bin/../lib/gcc/arm-none-eabi/6.3.1/thumb/v8-m.base/crtbegin.o

.rel.dyn        0x000000000000cbb0        0x0
 .rel.iplt      0x000000000000cbb0        0x0 /home/smmosle/Rs/TZ/arm-none-eabi/bin/../lib/gcc/arm-none-eabi/6.3.1/thumb/v8-m.base/crtbegin.o

.jcr            0x000000000000cbb0        0x0
 .jcr           0x000000000000cbb0        0x0 /home/smmosle/Rs/TZ/arm-none-eabi/bin/../lib/gcc/arm-none-eabi/6.3.1/thumb/v8-m.base/crtbegin.o

.igot.plt       0x000000000000cbb0        0x0
 .igot.plt      0x000000000000cbb0        0x0 /home/smmosle/Rs/TZ/arm-none-eabi/bin/../lib/gcc/arm-none-eabi/6.3.1/thumb/v8-m.base/crtbegin.o

.ARM.exidx
 *(.ARM.exidx* .gnu.linkonce.armexidx.*)
                [!provide]                        PROVIDE (__exidx_end, .)
                0x000000000000cbb0                . = ALIGN (0x4)
                0x000000000000cbb0                _etext = .

.relocate       0x0000000020002000        0x4 load address 0x000000000000cbb0
                0x0000000020002000                . = ALIGN (0x4)
                0x0000000020002000                _srelocate = .
 *(.ramfunc .ramfunc.*)
 *(.data .data.*)
 .data          0x0000000020002000        0x1 main.o
                0x0000000020002000                rtc_alarm_flag
                0x0000000020002004                . = ALIGN (0x4)
 *fill*         0x0000000020002001        0x3 
                0x0000000020002004                _erelocate = .

.bss            0x0000000020002004       0x1c load address 0x000000000000cbb4
                0x0000000020002004                . = ALIGN (0x4)
                0x0000000020002004                _sbss = .
                0x0000000020002004                _szero = .
 *(.bss .bss.*)
 .bss           0x0000000020002004       0x1c /home/smmosle/Rs/TZ/arm-none-eabi/bin/../lib/gcc/arm-none-eabi/6.3.1/thumb/v8-m.base/crtbegin.o
 *(COMMON)
                0x0000000020002020                . = ALIGN (0x4)
                0x0000000020002020                _ebss = .
                0x0000000020002020                _ezero = .

.heap           0x0000000020002020      0x200 load address 0x000000000000cbd0
                0x0000000020002020                . = ALIGN (0x8)
                0x0000000020002020                _sheap = .
                0x0000000020002220                . = (. + HEAP_SIZE)
 *fill*         0x0000000020002020      0x200 
                0x0000000020002220                . = ALIGN (0x8)
                0x0000000020002220                _eheap = .

.stack          0x0000000020002220      0x400 load address 0x000000000000cdd0
                0x0000000020002220                . = ALIGN (0x8)
                0x0000000020002220                _sstack = .
                0x0000000020002620                . = (. + STACK_SIZE)
 *fill*         0x0000000020002220      0x400 
                0x0000000020002620                . = ALIGN (0x8)
                0x0000000020002620                _estack = .
                0x0000000020002620                . = ALIGN (0x4)
                0x0000000020002620                _end = .
                0x0000000020003fff                _ram_end_ = ((ORIGIN (ram) + LENGTH (ram)) - 0x1)
OUTPUT(AtmelStart.elf elf32-littlearm)

.ARM.attributes
                0x0000000000000000       0x2c
 .ARM.attributes
                0x0000000000000000       0x22 /home/smmosle/Rs/TZ/arm-none-eabi/bin/../lib/gcc/arm-none-eabi/6.3.1/thumb/v8-m.base/crti.o
 .ARM.attributes
                0x0000000000000022       0x30 /home/smmosle/Rs/TZ/arm-none-eabi/bin/../lib/gcc/arm-none-eabi/6.3.1/thumb/v8-m.base/crtbegin.o
 .ARM.attributes
                0x0000000000000052       0x30 gcc/gcc/startup_saml11e16a.o
 .ARM.attributes
                0x0000000000000082       0x30 main.o
 .ARM.attributes
                0x00000000000000b2       0x30 /home/smmosle/Rs/TZ/arm-none-eabi/bin/../lib/gcc/arm-none-eabi/6.3.1/../../../../arm-none-eabi/lib/thumb/v8-m.base/libc_nano.a(lib_a-init.o)
 .ARM.attributes
                0x00000000000000e2       0x22 /home/smmosle/Rs/TZ/arm-none-eabi/bin/../lib/gcc/arm-none-eabi/6.3.1/thumb/v8-m.base/crtn.o

.comment        0x0000000000000000       0x59
 .comment       0x0000000000000000       0x59 gcc/gcc/startup_saml11e16a.o
                                         0x5a (size before relaxing)
 .comment       0x0000000000000059       0x5a main.o

.debug_info     0x0000000000000000      0xc7a
 .debug_info    0x0000000000000000      0x5f4 gcc/gcc/startup_saml11e16a.o
 .debug_info    0x00000000000005f4      0x686 main.o

.debug_abbrev   0x0000000000000000      0x250
 .debug_abbrev  0x0000000000000000      0x14f gcc/gcc/startup_saml11e16a.o
 .debug_abbrev  0x000000000000014f      0x101 main.o

.debug_loc      0x0000000000000000       0xa3
 .debug_loc     0x0000000000000000       0x63 gcc/gcc/startup_saml11e16a.o
 .debug_loc     0x0000000000000063       0x40 main.o

.debug_aranges  0x0000000000000000       0x58
 .debug_aranges
                0x0000000000000000       0x28 gcc/gcc/startup_saml11e16a.o
 .debug_aranges
                0x0000000000000028       0x30 main.o

.debug_ranges   0x0000000000000000       0x38
 .debug_ranges  0x0000000000000000       0x18 gcc/gcc/startup_saml11e16a.o
 .debug_ranges  0x0000000000000018       0x20 main.o

.debug_macro    0x0000000000000000      0x71e
 .debug_macro   0x0000000000000000      0x30b gcc/gcc/startup_saml11e16a.o
 .debug_macro   0x000000000000030b       0xc3 gcc/gcc/startup_saml11e16a.o
 .debug_macro   0x00000000000003ce      0x328 main.o
 .debug_macro   0x00000000000006f6       0x28 main.o

.debug_line     0x0000000000000000      0xa3c
 .debug_line    0x0000000000000000      0x4f4 gcc/gcc/startup_saml11e16a.o
 .debug_line    0x00000000000004f4      0x548 main.o

.debug_str      0x0000000000000000    0x7df2e
 .debug_str     0x0000000000000000    0x7ddcc gcc/gcc/startup_saml11e16a.o
                                      0x7e242 (size before relaxing)
 .debug_str     0x000000000007ddcc      0x162 main.o
                                      0x7de57 (size before relaxing)

.debug_frame    0x0000000000000000       0xbc
 .debug_frame   0x0000000000000000       0x38 gcc/gcc/startup_saml11e16a.o
 .debug_frame   0x0000000000000038       0x58 main.o
 .debug_frame   0x0000000000000090       0x2c /home/smmosle/Rs/TZ/arm-none-eabi/bin/../lib/gcc/arm-none-eabi/6.3.1/../../../../arm-none-eabi/lib/thumb/v8-m.base/libc_nano.a(lib_a-init.o)
