Archive member included to satisfy reference by file (symbol)

/home/smmosle/Rs/TZ/arm-none-eabi/bin/../lib/gcc/arm-none-eabi/6.3.1/thumb/v8-m.base/libgcc.a(cmse.o)
                              Secure_Functions/secure_rtc.o (cmse_check_address_range)
/home/smmosle/Rs/TZ/arm-none-eabi/bin/../lib/gcc/arm-none-eabi/6.3.1/thumb/v8-m.base/libgcc.a(cmse_nonsecure_call.o)
                              main.o (__gnu_cmse_nonsecure_call)
/home/smmosle/Rs/TZ/arm-none-eabi/bin/../lib/gcc/arm-none-eabi/6.3.1/thumb/v8-m.base/libgcc.a(_thumb1_case_uqi.o)
                              hpl/wdt/hpl_wdt.o (__gnu_thumb1_case_uqi)
/home/smmosle/Rs/TZ/arm-none-eabi/bin/../lib/gcc/arm-none-eabi/6.3.1/thumb/v8-m.base/libgcc.a(_aeabi_uldivmod.o)
                              hpl/sercom/hpl_sercom.o (__aeabi_uldivmod)
/home/smmosle/Rs/TZ/arm-none-eabi/bin/../lib/gcc/arm-none-eabi/6.3.1/thumb/v8-m.base/libgcc.a(_muldi3.o)
                              hpl/wdt/hpl_wdt.o (__aeabi_lmul)
/home/smmosle/Rs/TZ/arm-none-eabi/bin/../lib/gcc/arm-none-eabi/6.3.1/thumb/v8-m.base/libgcc.a(_fixunsdfsi.o)
                              hpl/sercom/hpl_sercom.o (__aeabi_d2uiz)
/home/smmosle/Rs/TZ/arm-none-eabi/bin/../lib/gcc/arm-none-eabi/6.3.1/thumb/v8-m.base/libgcc.a(_udivmoddi4.o)
                              /home/smmosle/Rs/TZ/arm-none-eabi/bin/../lib/gcc/arm-none-eabi/6.3.1/thumb/v8-m.base/libgcc.a(_aeabi_uldivmod.o) (__udivmoddi4)
/home/smmosle/Rs/TZ/arm-none-eabi/bin/../lib/gcc/arm-none-eabi/6.3.1/thumb/v8-m.base/libgcc.a(divdf3.o)
                              hpl/sercom/hpl_sercom.o (__aeabi_ddiv)
/home/smmosle/Rs/TZ/arm-none-eabi/bin/../lib/gcc/arm-none-eabi/6.3.1/thumb/v8-m.base/libgcc.a(muldf3.o)
                              hpl/sercom/hpl_sercom.o (__aeabi_dmul)
/home/smmosle/Rs/TZ/arm-none-eabi/bin/../lib/gcc/arm-none-eabi/6.3.1/thumb/v8-m.base/libgcc.a(subdf3.o)
                              hpl/sercom/hpl_sercom.o (__aeabi_dsub)
/home/smmosle/Rs/TZ/arm-none-eabi/bin/../lib/gcc/arm-none-eabi/6.3.1/thumb/v8-m.base/libgcc.a(fixdfsi.o)
                              /home/smmosle/Rs/TZ/arm-none-eabi/bin/../lib/gcc/arm-none-eabi/6.3.1/thumb/v8-m.base/libgcc.a(_fixunsdfsi.o) (__aeabi_d2iz)
/home/smmosle/Rs/TZ/arm-none-eabi/bin/../lib/gcc/arm-none-eabi/6.3.1/thumb/v8-m.base/libgcc.a(floatsidf.o)
                              hpl/sercom/hpl_sercom.o (__aeabi_i2d)
/home/smmosle/Rs/TZ/arm-none-eabi/bin/../lib/gcc/arm-none-eabi/6.3.1/thumb/v8-m.base/libgcc.a(floatunsidf.o)
                              hpl/sercom/hpl_sercom.o (__aeabi_ui2d)
/home/smmosle/Rs/TZ/arm-none-eabi/bin/../lib/gcc/arm-none-eabi/6.3.1/thumb/v8-m.base/libgcc.a(_dvmd_tls.o)
                              /home/smmosle/Rs/TZ/arm-none-eabi/bin/../lib/gcc/arm-none-eabi/6.3.1/thumb/v8-m.base/libgcc.a(_aeabi_uldivmod.o) (__aeabi_ldiv0)
/home/smmosle/Rs/TZ/arm-none-eabi/bin/../lib/gcc/arm-none-eabi/6.3.1/thumb/v8-m.base/libgcc.a(_arm_cmpdf2.o)
                              /home/smmosle/Rs/TZ/arm-none-eabi/bin/../lib/gcc/arm-none-eabi/6.3.1/thumb/v8-m.base/libgcc.a(_fixunsdfsi.o) (__aeabi_dcmpge)
/home/smmosle/Rs/TZ/arm-none-eabi/bin/../lib/gcc/arm-none-eabi/6.3.1/thumb/v8-m.base/libgcc.a(_clzsi2.o)
                              /home/smmosle/Rs/TZ/arm-none-eabi/bin/../lib/gcc/arm-none-eabi/6.3.1/thumb/v8-m.base/libgcc.a(_udivmoddi4.o) (__clzsi2)
/home/smmosle/Rs/TZ/arm-none-eabi/bin/../lib/gcc/arm-none-eabi/6.3.1/thumb/v8-m.base/libgcc.a(eqdf2.o)
                              /home/smmosle/Rs/TZ/arm-none-eabi/bin/../lib/gcc/arm-none-eabi/6.3.1/thumb/v8-m.base/libgcc.a(_arm_cmpdf2.o) (__eqdf2)
/home/smmosle/Rs/TZ/arm-none-eabi/bin/../lib/gcc/arm-none-eabi/6.3.1/thumb/v8-m.base/libgcc.a(gedf2.o)
                              /home/smmosle/Rs/TZ/arm-none-eabi/bin/../lib/gcc/arm-none-eabi/6.3.1/thumb/v8-m.base/libgcc.a(_arm_cmpdf2.o) (__gedf2)
/home/smmosle/Rs/TZ/arm-none-eabi/bin/../lib/gcc/arm-none-eabi/6.3.1/thumb/v8-m.base/libgcc.a(ledf2.o)
                              /home/smmosle/Rs/TZ/arm-none-eabi/bin/../lib/gcc/arm-none-eabi/6.3.1/thumb/v8-m.base/libgcc.a(_arm_cmpdf2.o) (__ledf2)
/home/smmosle/Rs/TZ/arm-none-eabi/bin/../lib/gcc/arm-none-eabi/6.3.1/../../../../arm-none-eabi/lib/thumb/v8-m.base/libc_nano.a(lib_a-exit.o)
                              /home/smmosle/Rs/TZ/arm-none-eabi/bin/../lib/gcc/arm-none-eabi/6.3.1/../../../../arm-none-eabi/lib/thumb/v8-m.base/crt0.o (exit)
/home/smmosle/Rs/TZ/arm-none-eabi/bin/../lib/gcc/arm-none-eabi/6.3.1/../../../../arm-none-eabi/lib/thumb/v8-m.base/libc_nano.a(lib_a-impure.o)
                              /home/smmosle/Rs/TZ/arm-none-eabi/bin/../lib/gcc/arm-none-eabi/6.3.1/../../../../arm-none-eabi/lib/thumb/v8-m.base/libc_nano.a(lib_a-exit.o) (_global_impure_ptr)
/home/smmosle/Rs/TZ/arm-none-eabi/bin/../lib/gcc/arm-none-eabi/6.3.1/../../../../arm-none-eabi/lib/thumb/v8-m.base/libc_nano.a(lib_a-init.o)
[...]
Memory Configuration

Name             Origin             Length             Attributes
rom              0x0000000000000000 0x0000000000007c00 xr
rom_nsc          0x0000000000007c00 0x0000000000000400 xr
ram              0x0000000020000000 0x0000000000002000 xrw
userrow          0x0000000000804000 0x0000000000000100 rw
*default*        0x0000000000000000 0xffffffffffffffff

Linker script and memory map

LOAD /home/smmosle/Rs/TZ/arm-none-eabi/bin/../lib/gcc/arm-none-eabi/6.3.1/thumb/v8-m.base/crti.o
LOAD /home/smmosle/Rs/TZ/arm-none-eabi/bin/../lib/gcc/arm-none-eabi/6.3.1/thumb/v8-m.base/crtbegin.o
LOAD /home/smmosle/Rs/TZ/arm-none-eabi/bin/../lib/gcc/arm-none-eabi/6.3.1/../../../../arm-none-eabi/lib/thumb/v8-m.base/crt0.o
LOAD hal/src/hal_io.o
LOAD stdio_redirect/stdio_io.o
LOAD Secure_Functions/secure_dataflash.o
LOAD Secure_Functions/secure_pac.o
LOAD gcc/system_saml11e16a.o
LOAD hpl/wdt/hpl_wdt.o
LOAD gcc/gcc/startup_saml11e16a.o
LOAD stdio_redirect/gcc/write.o
LOAD hal/src/hal_pac.o
LOAD hal/utils/src/utils_syscalls.o
LOAD stdio_redirect/gcc/read.o
LOAD trustzone/trustzone_manager.o
LOAD hal/src/hal_i2c_m_sync.o
LOAD Secure_Functions/secure_tram.o
LOAD hal/src/hal_delay.o
LOAD main.o
LOAD hpl/oscctrl/hpl_oscctrl.o
LOAD hpl/core/hpl_init.o
LOAD hal/src/hal_wdt.o
LOAD hpl/rtc/rtc_lite.o
LOAD hpl/pac/hpl_pac.o
LOAD hpl/pm/hpl_pm.o
LOAD app_veneer.o
LOAD hal/src/hal_usart_sync.o
LOAD hpl/mclk/hpl_mclk.o
LOAD Secure_Functions/secure_wdt.o
LOAD hpl/gclk/hpl_gclk.o
LOAD stdio_start.o
LOAD Secure_Functions/secure_rtc.o
LOAD hal/src/hal_init.o
LOAD trustzone/trustzone_veneer.o
LOAD hal/utils/src/utils_list.o
LOAD hpl/osc32kctrl/hpl_osc32kctrl.o
LOAD examples/driver_examples.o
LOAD hpl/tram/tram_lite.o
LOAD driver_init.o
LOAD Secure_Functions/secure_led.o
LOAD Secure_Functions/secure_lowpower.o
LOAD hpl/sercom/hpl_sercom.o
LOAD hpl/core/hpl_core_m23_base.o
LOAD hpl/nvmctrl/nvmctrl_lite.o
LOAD hal/src/hal_gpio.o
LOAD hal/utils/src/utils_assert.o
LOAD hal/utils/src/utils_event.o
LOAD hal/src/hal_sleep.o
LOAD hpl/dmac/hpl_dmac.o
LOAD atmel_start.o
LOAD hal/src/hal_atomic.o
START GROUP
LOAD /home/smmosle/Rs/TZ/arm-none-eabi/bin/../lib/gcc/arm-none-eabi/6.3.1/../../../../arm-none-eabi/lib/thumb/v8-m.base/libm.a
END GROUP
START GROUP
LOAD /home/smmosle/Rs/TZ/arm-none-eabi/bin/../lib/gcc/arm-none-eabi/6.3.1/thumb/v8-m.base/libgcc.a
LOAD /home/smmosle/Rs/TZ/arm-none-eabi/bin/../lib/gcc/arm-none-eabi/6.3.1/../../../../arm-none-eabi/lib/thumb/v8-m.base/libc_nano.a
END GROUP
START GROUP
LOAD /home/smmosle/Rs/TZ/arm-none-eabi/bin/../lib/gcc/arm-none-eabi/6.3.1/thumb/v8-m.base/libgcc.a
LOAD /home/smmosle/Rs/TZ/arm-none-eabi/bin/../lib/gcc/arm-none-eabi/6.3.1/../../../../arm-none-eabi/lib/thumb/v8-m.base/libc_nano.a
END GROUP
LOAD /home/smmosle/Rs/TZ/arm-none-eabi/bin/../lib/gcc/arm-none-eabi/6.3.1/thumb/v8-m.base/crtend.o
LOAD /home/smmosle/Rs/TZ/arm-none-eabi/bin/../lib/gcc/arm-none-eabi/6.3.1/thumb/v8-m.base/crtn.o
                0x0000000000000400                STACK_SIZE = DEFINED (STACK_SIZE)?STACK_SIZE:DEFINED (__stack_size__)?__stack_size__:0x400
                0x0000000000000200                HEAP_SIZE = DEFINED (HEAP_SIZE)?HEAP_SIZE:DEFINED (__heap_size__)?__heap_size__:0x200

.text           0x0000000000000000     0x4574
                0x0000000000000000                . = ALIGN (0x4)
                0x0000000000000000                _sfixed = .
 *(.vectors .vectors.*)
 .vectors       0x0000000000000000       0xf4 gcc/gcc/startup_saml11e16a.o
                0x0000000000000000                exception_table
 *trustzone_veneer.o(.text.*)
 .text.nsc_periph_clock_init
                0x00000000000000f4       0x34 trustzone/trustzone_veneer.o
                0x00000000000000f4                __acle_se_nsc_periph_clock_init
 .text.nsc_ext_irq_init
                0x0000000000000128       0xb0 trustzone/trustzone_veneer.o
                0x0000000000000128                __acle_se_nsc_ext_irq_init
 *(.text .text.* .gnu.linkonce.t.*)
 .text          0x00000000000001d8       0x6c /home/smmosle/Rs/TZ/arm-none-eabi/bin/../lib/gcc/arm-none-eabi/6.3.1/thumb/v8-m.base/crtbegin.o
 .text.io_write
                0x0000000000000244       0x30 hal/src/hal_io.o
                0x0000000000000244                io_write
 .text.io_read  0x0000000000000274       0x30 hal/src/hal_io.o
                0x0000000000000274                io_read
 .text.stdio_io_init
                0x00000000000002a4       0x2c stdio_redirect/stdio_io.o
                0x00000000000002a4                stdio_io_init
 .text.stdio_io_read
                0x00000000000002d0       0x20 stdio_redirect/stdio_io.o
                0x00000000000002d0                stdio_io_read
 .text.stdio_io_write
                0x00000000000002f0       0x20 stdio_redirect/stdio_io.o
                0x00000000000002f0                stdio_io_write
 .text.secure_dataflash_init
                0x0000000000000310       0x18 Secure_Functions/secure_dataflash.o
                0x0000000000000310                secure_dataflash_init
 .text.secure_dataflash_TEROW_write_pattern
                0x0000000000000328       0x30 Secure_Functions/secure_dataflash.o
                0x0000000000000328                secure_dataflash_TEROW_write_pattern
 .text.secure_dataflash_print_TEROW
                0x0000000000000358       0x38 Secure_Functions/secure_dataflash.o
                0x0000000000000358                secure_dataflash_print_TEROW
 .text.PAC_Handler
                0x0000000000000390      0x218 Secure_Functions/secure_pac.o
                0x0000000000000390                PAC_Handler
 .text.secure_pac_init
                0x00000000000005a8       0x18 Secure_Functions/secure_pac.o
                0x00000000000005a8                secure_pac_init
 .text.hri_wdt_get_CTRLA_ALWAYSON_bit
                0x00000000000005c0        0xe hpl/wdt/hpl_wdt.o
 *fill*         0x00000000000005ce        0x2 
 .text._wdt_init
                0x00000000000005d0       0x5c hpl/wdt/hpl_wdt.o
                0x00000000000005d0                _wdt_init
 .text._wdt_set_timeout_period
                0x000000000000062c       0xf4 hpl/wdt/hpl_wdt.o
                0x000000000000062c                _wdt_set_timeout_period
 .text._wdt_enable
                0x0000000000000720       0x34 hpl/wdt/hpl_wdt.o
                0x0000000000000720                _wdt_enable
 .text._wdt_disable
                0x0000000000000754       0x48 hpl/wdt/hpl_wdt.o
                0x0000000000000754                _wdt_disable
 .text.Dummy_Handler
                0x000000000000079c        0x2 gcc/gcc/startup_saml11e16a.o
                0x000000000000079c                SVCall_Handler
                0x000000000000079c                SERCOM0_2_Handler
                0x000000000000079c                EVSYS_0_Handler
                0x000000000000079c                TRNG_Handler
                0x000000000000079c                ADC_RESRDY_Handler
                0x000000000000079c                TC2_Handler
                0x000000000000079c                AC_Handler
                0x000000000000079c                DMAC_OTHER_Handler
                0x000000000000079c                SysTick_Handler
                0x000000000000079c                PendSV_Handler
                0x000000000000079c                EVSYS_3_Handler
                0x000000000000079c                NonMaskableInt_Handler
                0x000000000000079c                SERCOM0_OTHER_Handler
                0x000000000000079c                EIC_3_Handler
                0x000000000000079c                SERCOM0_0_Handler
                0x000000000000079c                SERCOM1_OTHER_Handler
                0x000000000000079c                EVSYS_1_Handler
                0x000000000000079c                DMAC_0_Handler
                0x000000000000079c                TRAM_Handler
                0x000000000000079c                EVSYS_NSCHK_Handler
                0x000000000000079c                TC1_Handler
                0x000000000000079c                DAC_EMPTY_Handler
                0x000000000000079c                EIC_0_Handler
                0x000000000000079c                Dummy_Handler
                0x000000000000079c                DMAC_2_Handler
                0x000000000000079c                SERCOM0_1_Handler
                0x000000000000079c                DMAC_1_Handler
                0x000000000000079c                SERCOM1_1_Handler
                0x000000000000079c                EIC_2_Handler
                0x000000000000079c                NVMCTRL_Handler
                0x000000000000079c                PORT_Handler
                0x000000000000079c                SYSTEM_Handler
                0x000000000000079c                SERCOM1_0_Handler
                0x000000000000079c                SERCOM2_1_Handler
                0x000000000000079c                SERCOM1_2_Handler
                0x000000000000079c                EIC_1_Handler
                0x000000000000079c                SERCOM2_2_Handler
                0x000000000000079c                PTC_Handler
                0x000000000000079c                EVSYS_2_Handler
                0x000000000000079c                SERCOM2_OTHER_Handler
                0x000000000000079c                FREQM_Handler
                0x000000000000079c                DAC_UNDERRUN_A_Handler
                0x000000000000079c                TC0_Handler
                0x000000000000079c                EIC_OTHER_Handler
                0x000000000000079c                ADC_OTHER_Handler
                0x000000000000079c                DMAC_3_Handler
                0x000000000000079c                SERCOM2_0_Handler
 *fill*         0x000000000000079e        0x2 
 .text.Reset_Handler
                0x00000000000007a0       0x68 gcc/gcc/startup_saml11e16a.o
                0x00000000000007a0                Reset_Handler
 .text._write   0x0000000000000808       0x20 stdio_redirect/gcc/write.o
                0x0000000000000808                _write
 .text._sbrk    0x0000000000000828       0x1c hal/utils/src/utils_syscalls.o
                0x0000000000000828                _sbrk
 .text._close   0x0000000000000844        0x6 hal/utils/src/utils_syscalls.o
                0x0000000000000844                _close
 .text._fstat   0x000000000000084a        0xa hal/utils/src/utils_syscalls.o
                0x000000000000084a                _fstat
 .text._isatty  0x0000000000000854        0x4 hal/utils/src/utils_syscalls.o
                0x0000000000000854                _isatty
 .text._lseek   0x0000000000000858        0x4 hal/utils/src/utils_syscalls.o
                0x0000000000000858                _lseek
 .text._read    0x000000000000085c       0x1c stdio_redirect/gcc/read.o
                0x000000000000085c                _read
 .text.i2c_m_sync_write
                0x0000000000000878       0x2c hal/src/hal_i2c_m_sync.o
 .text.i2c_m_sync_read
                0x00000000000008a4       0x2c hal/src/hal_i2c_m_sync.o
 .text.i2c_m_sync_init
                0x00000000000008d0       0x3c hal/src/hal_i2c_m_sync.o
                0x00000000000008d0                i2c_m_sync_init
 .text.secure_tram_print
                0x000000000000090c       0x3c Secure_Functions/secure_tram.o
                0x000000000000090c                secure_tram_print
 .text.secure_tram_fill
                0x0000000000000948       0x1c Secure_Functions/secure_tram.o
                0x0000000000000948                secure_tram_fill
 .text._gpio_set_pin_function
                0x0000000000000964       0x70 main.o
 .text.wdt_enable.constprop.1
                0x00000000000009d4       0x2c main.o
 .text.Tamper_Message
                0x0000000000000a00       0x80 main.o
                0x0000000000000a00                Tamper_Message
 .text.wdt_message
                0x0000000000000a80       0x40 main.o
                0x0000000000000a80                wdt_message
 .text.port_sec_init
                0x0000000000000ac0       0x60 main.o
                0x0000000000000ac0                port_sec_init
 .text.HardFault_Handler
                0x0000000000000b20       0x5c main.o
                0x0000000000000b20                HardFault_Handler
 .text.secure_menu_print_fuses_settings
                0x0000000000000b7c      0x33c main.o
                0x0000000000000b7c                secure_menu_print_fuses_settings
 .text.secure_menu_load_application
                0x0000000000000eb8       0x34 main.o
                0x0000000000000eb8                secure_menu_load_application
 .text.secure_print_main_menu
                0x0000000000000eec      0x118 main.o
                0x0000000000000eec                secure_print_main_menu
 .text.startup.main
                0x0000000000001004      0x16c main.o
                0x0000000000001004                main
 .text._oscctrl_init_sources
                0x0000000000001170       0x1c hpl/oscctrl/hpl_oscctrl.o
                0x0000000000001170                _oscctrl_init_sources
 .text._oscctrl_init_referenced_generators
                0x000000000000118c        0x2 hpl/oscctrl/hpl_oscctrl.o
                0x000000000000118c                _oscctrl_init_referenced_generators
 *fill*         0x000000000000118e        0x2 
 .text._init_chip
                0x0000000000001190       0x44 hpl/core/hpl_init.o
                0x0000000000001190                _init_chip
 .text.hri_rtcmode0_wait_for_sync.constprop.5
                0x00000000000011d4       0x10 hpl/rtc/rtc_lite.o
 .text.REAL_TIMER_COUNTER_init
                0x00000000000011e4       0x88 hpl/rtc/rtc_lite.o
                0x00000000000011e4                REAL_TIMER_COUNTER_init
 .text._set_sleep_mode
                0x000000000000126c       0x28 hpl/pm/hpl_pm.o
                0x000000000000126c                _set_sleep_mode
 .text._set_performance_level
                0x0000000000001294       0x28 hpl/pm/hpl_pm.o
                0x0000000000001294                _set_performance_level
 .text.nsc_puts
                0x00000000000012bc       0x30 app_veneer.o
                0x00000000000012bc                __acle_se_nsc_puts
 .text.nsc_putc
                0x00000000000012ec       0x54 app_veneer.o
                0x00000000000012ec                __acle_se_nsc_putc
 .text.nsc_getc
                0x0000000000001340       0x48 app_veneer.o
                0x0000000000001340                __acle_se_nsc_getc
 .text.nsc_led_on
                0x0000000000001388       0x48 app_veneer.o
                0x0000000000001388                __acle_se_nsc_led_on
 .text.nsc_led_off
                0x00000000000013d0       0x48 app_veneer.o
                0x00000000000013d0                __acle_se_nsc_led_off
 .text.nsc_led_toggle
                0x0000000000001418       0x48 app_veneer.o
                0x0000000000001418                __acle_se_nsc_led_toggle
 .text.nsc_enter_standby_mode
                0x0000000000001460       0x40 app_veneer.o
                0x0000000000001460                __acle_se_nsc_enter_standby_mode
 .text.nsc_rtc_enable_CMP0_interrupt
                0x00000000000014a0       0x40 app_veneer.o
                0x00000000000014a0                __acle_se_nsc_rtc_enable_CMP0_interrupt
 .text.nsc_rtc_CMP0_val_set
                0x00000000000014e0       0x44 app_veneer.o
                0x00000000000014e0                __acle_se_nsc_rtc_CMP0_val_set
 .text.nsc_rtc_CMP0_callback_register
                0x0000000000001524       0x44 app_veneer.o
                0x0000000000001524                __acle_se_nsc_rtc_CMP0_callback_register
 .text.usart_sync_write
                0x0000000000001568       0x68 hal/src/hal_usart_sync.o
 .text.usart_sync_read
                0x00000000000015d0       0x54 hal/src/hal_usart_sync.o
 .text.usart_sync_init
                0x0000000000001624       0x44 hal/src/hal_usart_sync.o
                0x0000000000001624                usart_sync_init
 .text.usart_sync_enable
                0x0000000000001668       0x2c hal/src/hal_usart_sync.o
                0x0000000000001668                usart_sync_enable
 .text._mclk_init
                0x0000000000001694        0xc hpl/mclk/hpl_mclk.o
                0x0000000000001694                _mclk_init
 .text.WDT_Handler
                0x00000000000016a0       0x10 Secure_Functions/secure_wdt.o
                0x00000000000016a0                WDT_Handler
 .text.secure_wdt_interrupt_callback_register
                0x00000000000016b0       0x14 Secure_Functions/secure_wdt.o
                0x00000000000016b0                secure_wdt_interrupt_callback_register
 .text.secure_wdt_init
                0x00000000000016c4       0x50 Secure_Functions/secure_wdt.o
                0x00000000000016c4                secure_wdt_init
 .text._gclk_init_generators_by_fref
                0x0000000000001714       0x1c hpl/gclk/hpl_gclk.o
                0x0000000000001714                _gclk_init_generators_by_fref
 .text.stdio_redirect_init
                0x0000000000001730       0x20 stdio_start.o
                0x0000000000001730                stdio_redirect_init
 .text.RTC_Handler
                0x0000000000001750       0x40 Secure_Functions/secure_rtc.o
                0x0000000000001750                RTC_Handler
 .text.secure_rtc_tamper_callback_register
                0x0000000000001790       0x14 Secure_Functions/secure_rtc.o
                0x0000000000001790                secure_rtc_tamper_callback_register
 .text.secure_rtc_CMP0_register_callback
                0x00000000000017a4       0x48 Secure_Functions/secure_rtc.o
                0x00000000000017a4                secure_rtc_CMP0_register_callback
 .text.secure_rtc_enable_CMP0_interrupt
                0x00000000000017ec       0x28 Secure_Functions/secure_rtc.o
                0x00000000000017ec                secure_rtc_enable_CMP0_interrupt
 .text.secure_rtc_CMP0_val_set
                0x0000000000001814       0x38 Secure_Functions/secure_rtc.o
                0x0000000000001814                secure_rtc_CMP0_val_set
 .text._osc32kctrl_init_sources
                0x000000000000184c       0x18 hpl/osc32kctrl/hpl_osc32kctrl.o
                0x000000000000184c                _osc32kctrl_init_sources
 .text.TRUST_RAM_init
                0x0000000000001864       0x60 hpl/tram/tram_lite.o
                0x0000000000001864                TRUST_RAM_init
 .text.TRUST_RAM_read
                0x00000000000018c4       0x10 hpl/tram/tram_lite.o
                0x00000000000018c4                TRUST_RAM_read
 .text.TRUST_RAM_write
                0x00000000000018d4       0x10 hpl/tram/tram_lite.o
                0x00000000000018d4                TRUST_RAM_write
 .text._gpio_set_pin_function
                0x00000000000018e4       0x70 driver_init.o
 .text.FLASH_clock_init
                0x0000000000001954       0x18 driver_init.o
                0x0000000000001954                FLASH_clock_init
 .text.REAL_TIMER_COUNTER_CLOCK_init
                0x000000000000196c       0x14 driver_init.o
                0x000000000000196c                REAL_TIMER_COUNTER_CLOCK_init
 .text.UART_INSTANCE_PORT_init
                0x0000000000001980       0x20 driver_init.o
                0x0000000000001980                UART_INSTANCE_PORT_init
 .text.UART_INSTANCE_CLOCK_init
                0x00000000000019a0       0x24 driver_init.o
                0x00000000000019a0                UART_INSTANCE_CLOCK_init
 .text.UART_INSTANCE_init
                0x00000000000019c4       0x2c driver_init.o
                0x00000000000019c4                UART_INSTANCE_init
 .text.I2C_INSTANCE_PORT_init
                0x00000000000019f0       0x38 driver_init.o
                0x00000000000019f0                I2C_INSTANCE_PORT_init
 .text.I2C_INSTANCE_CLOCK_init
                0x0000000000001a28       0x24 driver_init.o
                0x0000000000001a28                I2C_INSTANCE_CLOCK_init
 .text.I2C_INSTANCE_init
                0x0000000000001a4c       0x28 driver_init.o
                0x0000000000001a4c                I2C_INSTANCE_init
 .text.TRUST_RAM_CLOCK_init
                0x0000000000001a74       0x14 driver_init.o
                0x0000000000001a74                TRUST_RAM_CLOCK_init
 .text.WATCHDOG_CLOCK_init
                0x0000000000001a88       0x14 driver_init.o
                0x0000000000001a88                WATCHDOG_CLOCK_init
 .text.WATCHDOG_init
                0x0000000000001a9c       0x34 driver_init.o
                0x0000000000001a9c                WATCHDOG_init
 .text.system_init
                0x0000000000001ad0       0xd4 driver_init.o
                0x0000000000001ad0                system_init
 .text.secure_led_on
                0x0000000000001ba4       0x3c Secure_Functions/secure_led.o
                0x0000000000001ba4                secure_led_on
 .text.secure_led_off
                0x0000000000001be0       0x28 Secure_Functions/secure_led.o
                0x0000000000001be0                secure_led_off
 .text.secure_led_toggle
                0x0000000000001c08       0x28 Secure_Functions/secure_led.o
                0x0000000000001c08                secure_led_toggle
 .text._gpio_set_pin_function.constprop.0
                0x0000000000001c30       0x44 Secure_Functions/secure_lowpower.o
 .text.secure_enter_sleep
                0x0000000000001c74       0xbc Secure_Functions/secure_lowpower.o
                0x0000000000001c74                secure_enter_sleep
 .text.hri_sercomi2cm_wait_for_sync
                0x0000000000001d30        0x8 hpl/sercom/hpl_sercom.o
 .text.hri_sercomusart_wait_for_sync
                0x0000000000001d38        0x8 hpl/sercom/hpl_sercom.o
 .text.hri_sercomi2cm_clear_CTRLA_ENABLE_bit
                0x0000000000001d40       0x18 hpl/sercom/hpl_sercom.o
 .text.hri_sercomusart_clear_CTRLA_ENABLE_bit
                0x0000000000001d58       0x18 hpl/sercom/hpl_sercom.o
 .text._sercom_get_hardware_index
                0x0000000000001d70       0x38 hpl/sercom/hpl_sercom.o
 .text._get_i2cm_index
                0x0000000000001da8       0x2c hpl/sercom/hpl_sercom.o
 .text._sercom_i2c_send_stop
                0x0000000000001dd4       0x18 hpl/sercom/hpl_sercom.o
 .text._sercom_i2c_sync_analyse_flags
                0x0000000000001dec      0x188 hpl/sercom/hpl_sercom.o
 .text._i2c_m_sync_init_impl
                0x0000000000001f74       0xb4 hpl/sercom/hpl_sercom.o
 .text._usart_init
                0x0000000000002028       0x90 hpl/sercom/hpl_sercom.o
 .text._usart_sync_init
                0x00000000000020b8       0x2c hpl/sercom/hpl_sercom.o
                0x00000000000020b8                _usart_sync_init
 .text._usart_sync_enable
                0x00000000000020e4       0x18 hpl/sercom/hpl_sercom.o
                0x00000000000020e4                _usart_sync_enable
 .text._usart_sync_write_byte
                0x00000000000020fc        0x8 hpl/sercom/hpl_sercom.o
                0x00000000000020fc                _usart_sync_write_byte
 .text._usart_sync_read_byte
                0x0000000000002104        0x8 hpl/sercom/hpl_sercom.o
                0x0000000000002104                _usart_sync_read_byte
 .text._usart_sync_is_ready_to_send
                0x000000000000210c        0xa hpl/sercom/hpl_sercom.o
                0x000000000000210c                _usart_sync_is_ready_to_send
 .text._usart_sync_is_transmit_done
                0x0000000000002116        0xa hpl/sercom/hpl_sercom.o
                0x0000000000002116                _usart_sync_is_transmit_done
 .text._usart_sync_is_byte_received
                0x0000000000002120        0xa hpl/sercom/hpl_sercom.o
                0x0000000000002120                _usart_sync_is_byte_received
 *fill*         0x000000000000212a        0x2 
 .text._i2c_m_sync_init
                0x000000000000212c       0x30 hpl/sercom/hpl_sercom.o
                0x000000000000212c                _i2c_m_sync_init
 .text._i2c_m_sync_transfer
                0x000000000000215c      0x194 hpl/sercom/hpl_sercom.o
                0x000000000000215c                _i2c_m_sync_transfer
 .text._go_to_sleep
                0x00000000000022f0        0x8 hpl/core/hpl_core_m23_base.o
                0x00000000000022f0                _go_to_sleep
 .text.FLASH_init
                0x00000000000022f8        0x4 hpl/nvmctrl/nvmctrl_lite.o
                0x00000000000022f8                FLASH_init
 .text.FLASH_exec_cmd
                0x00000000000022fc       0x44 hpl/nvmctrl/nvmctrl_lite.o
                0x00000000000022fc                FLASH_exec_cmd
 .text.FLASH_erase_row
                0x0000000000002340       0x10 hpl/nvmctrl/nvmctrl_lite.o
                0x0000000000002340                FLASH_erase_row
 .text.assert   0x0000000000002350        0x6 hal/utils/src/utils_assert.o
                0x0000000000002350                assert
 *fill*         0x0000000000002356        0x2 
 .text.sleep    0x0000000000002358       0x20 hal/src/hal_sleep.o
                0x0000000000002358                sleep
 .text.atmel_start_init
                0x0000000000002378       0x30 atmel_start.o
                0x0000000000002378                atmel_start_init
 .text          0x00000000000023a8       0xb0 /home/smmosle/Rs/TZ/arm-none-eabi/bin/../lib/gcc/arm-none-eabi/6.3.1/thumb/v8-m.base/libgcc.a(cmse.o)
                0x00000000000023a8                cmse_check_address_range
 .text          0x0000000000002458       0x32 /home/smmosle/Rs/TZ/arm-none-eabi/bin/../lib/gcc/arm-none-eabi/6.3.1/thumb/v8-m.base/libgcc.a(cmse_nonsecure_call.o)
                0x0000000000002458                __gnu_cmse_nonsecure_call
 *fill*         0x000000000000248a        0x2 
 .text          0x000000000000248c       0x5c /home/smmosle/Rs/TZ/arm-none-eabi/bin/../lib/gcc/arm-none-eabi/6.3.1/thumb/v8-m.base/libgcc.a(_muldi3.o)
                0x000000000000248c                __aeabi_lmul
                0x000000000000248c                __muldi3
 .text.__libc_init_array
                0x00000000000024e8       0x50 /home/smmosle/Rs/TZ/arm-none-eabi/bin/../lib/gcc/arm-none-eabi/6.3.1/../../../../arm-none-eabi/lib/thumb/v8-m.base/libc_nano.a(lib_a-init.o)
                0x00000000000024e8                __libc_init_array
 .text.memset   0x0000000000002538       0x10 /home/smmosle/Rs/TZ/arm-none-eabi/bin/../lib/gcc/arm-none-eabi/6.3.1/../../../../arm-none-eabi/lib/thumb/v8-m.base/libc_nano.a(lib_a-memset.o)
                0x0000000000002538                memset
 .text.printf   0x0000000000002548       0x30 /home/smmosle/Rs/TZ/arm-none-eabi/bin/../lib/gcc/arm-none-eabi/6.3.1/../../../../arm-none-eabi/lib/thumb/v8-m.base/libc_nano.a(lib_a-printf.o)
                0x0000000000002548                printf
                0x0000000000002548                iprintf
 .text.putchar  0x0000000000002578       0x24 /home/smmosle/Rs/TZ/arm-none-eabi/bin/../lib/gcc/arm-none-eabi/6.3.1/../../../../arm-none-eabi/lib/thumb/v8-m.base/libc_nano.a(lib_a-putchar.o)
                0x0000000000002578                putchar
 .text.__srget_r
                0x000000000000259c       0x58 /home/smmosle/Rs/TZ/arm-none-eabi/bin/../lib/gcc/arm-none-eabi/6.3.1/../../../../arm-none-eabi/lib/thumb/v8-m.base/libc_nano.a(lib_a-rget.o)
                0x000000000000259c                __srget_r
 .text.setbuf   0x00000000000025f4       0x12 /home/smmosle/Rs/TZ/arm-none-eabi/bin/../lib/gcc/arm-none-eabi/6.3.1/../../../../arm-none-eabi/lib/thumb/v8-m.base/libc_nano.a(lib_a-setbuf.o)
                0x00000000000025f4                setbuf
 *fill*         0x0000000000002606        0x2 
 .text.setvbuf  0x0000000000002608      0x150 /home/smmosle/Rs/TZ/arm-none-eabi/bin/../lib/gcc/arm-none-eabi/6.3.1/../../../../arm-none-eabi/lib/thumb/v8-m.base/libc_nano.a(lib_a-setvbuf.o)
                0x0000000000002608                setvbuf
 .text.__swbuf_r
                0x0000000000002758       0xa4 /home/smmosle/Rs/TZ/arm-none-eabi/bin/../lib/gcc/arm-none-eabi/6.3.1/../../../../arm-none-eabi/lib/thumb/v8-m.base/libc_nano.a(lib_a-wbuf.o)
                0x0000000000002758                __swbuf_r
 .text.__swsetup_r
                0x00000000000027fc       0xe4 /home/smmosle/Rs/TZ/arm-none-eabi/bin/../lib/gcc/arm-none-eabi/6.3.1/../../../../arm-none-eabi/lib/thumb/v8-m.base/libc_nano.a(lib_a-wsetup.o)
                0x00000000000027fc                __swsetup_r
 .text.__sflush_r
                0x00000000000028e0      0x110 /home/smmosle/Rs/TZ/arm-none-eabi/bin/../lib/gcc/arm-none-eabi/6.3.1/../../../../arm-none-eabi/lib/thumb/v8-m.base/libc_nano.a(lib_a-fflush.o)
                0x00000000000028e0                __sflush_r
 .text._fflush_r
                0x00000000000029f0       0x54 /home/smmosle/Rs/TZ/arm-none-eabi/bin/../lib/gcc/arm-none-eabi/6.3.1/../../../../arm-none-eabi/lib/thumb/v8-m.base/libc_nano.a(lib_a-fflush.o)
                0x00000000000029f0                _fflush_r
 .text.fflush   0x0000000000002a44       0x28 /home/smmosle/Rs/TZ/arm-none-eabi/bin/../lib/gcc/arm-none-eabi/6.3.1/../../../../arm-none-eabi/lib/thumb/v8-m.base/libc_nano.a(lib_a-fflush.o)
                0x0000000000002a44                fflush
 .text._cleanup_r
                0x0000000000002a6c       0x10 /home/smmosle/Rs/TZ/arm-none-eabi/bin/../lib/gcc/arm-none-eabi/6.3.1/../../../../arm-none-eabi/lib/thumb/v8-m.base/libc_nano.a(lib_a-findfp.o)
                0x0000000000002a6c                _cleanup_r
 .text.std.isra.0
                0x0000000000002a7c       0x48 /home/smmosle/Rs/TZ/arm-none-eabi/bin/../lib/gcc/arm-none-eabi/6.3.1/../../../../arm-none-eabi/lib/thumb/v8-m.base/libc_nano.a(lib_a-findfp.o)
 .text.__sfmoreglue
                0x0000000000002ac4       0x2c /home/smmosle/Rs/TZ/arm-none-eabi/bin/../lib/gcc/arm-none-eabi/6.3.1/../../../../arm-none-eabi/lib/thumb/v8-m.base/libc_nano.a(lib_a-findfp.o)
                0x0000000000002ac4                __sfmoreglue
 .text.__sinit  0x0000000000002af0       0x64 /home/smmosle/Rs/TZ/arm-none-eabi/bin/../lib/gcc/arm-none-eabi/6.3.1/../../../../arm-none-eabi/lib/thumb/v8-m.base/libc_nano.a(lib_a-findfp.o)
                0x0000000000002af0                __sinit
 .text.__sfp    0x0000000000002b54       0x78 /home/smmosle/Rs/TZ/arm-none-eabi/bin/../lib/gcc/arm-none-eabi/6.3.1/../../../../arm-none-eabi/lib/thumb/v8-m.base/libc_nano.a(lib_a-findfp.o)
                0x0000000000002b54                __sfp
 .text._fwalk   0x0000000000002bcc       0x36 /home/smmosle/Rs/TZ/arm-none-eabi/bin/../lib/gcc/arm-none-eabi/6.3.1/../../../../arm-none-eabi/lib/thumb/v8-m.base/libc_nano.a(lib_a-fwalk.o)
                0x0000000000002bcc                _fwalk
 .text._fwalk_reent
                0x0000000000002c02       0x40 /home/smmosle/Rs/TZ/arm-none-eabi/bin/../lib/gcc/arm-none-eabi/6.3.1/../../../../arm-none-eabi/lib/thumb/v8-m.base/libc_nano.a(lib_a-fwalk.o)
                0x0000000000002c02                _fwalk_reent
 *fill*         0x0000000000002c42        0x2 
 .text.__swhatbuf_r
                0x0000000000002c44       0x50 /home/smmosle/Rs/TZ/arm-none-eabi/bin/../lib/gcc/arm-none-eabi/6.3.1/../../../../arm-none-eabi/lib/thumb/v8-m.base/libc_nano.a(lib_a-makebuf.o)
                0x0000000000002c44                __swhatbuf_r
 .text.__smakebuf_r
                0x0000000000002c94       0x80 /home/smmosle/Rs/TZ/arm-none-eabi/bin/../lib/gcc/arm-none-eabi/6.3.1/../../../../arm-none-eabi/lib/thumb/v8-m.base/libc_nano.a(lib_a-makebuf.o)
                0x0000000000002c94                __smakebuf_r
 .text.malloc   0x0000000000002d14       0x14 /home/smmosle/Rs/TZ/arm-none-eabi/bin/../lib/gcc/arm-none-eabi/6.3.1/../../../../arm-none-eabi/lib/thumb/v8-m.base/libc_nano.a(lib_a-malloc.o)
                0x0000000000002d14                malloc
 .text._free_r  0x0000000000002d28       0x94 /home/smmosle/Rs/TZ/arm-none-eabi/bin/../lib/gcc/arm-none-eabi/6.3.1/../../../../arm-none-eabi/lib/thumb/v8-m.base/libc_nano.a(lib_a-nano-freer.o)
                0x0000000000002d28                _free_r
 .text._malloc_r
                0x0000000000002dbc       0xbc /home/smmosle/Rs/TZ/arm-none-eabi/bin/../lib/gcc/arm-none-eabi/6.3.1/../../../../arm-none-eabi/lib/thumb/v8-m.base/libc_nano.a(lib_a-nano-mallocr.o)
                0x0000000000002dbc                _malloc_r
 .text.__sfputc_r
                0x0000000000002e78       0x2a /home/smmosle/Rs/TZ/arm-none-eabi/bin/../lib/gcc/arm-none-eabi/6.3.1/../../../../arm-none-eabi/lib/thumb/v8-m.base/libc_nano.a(lib_a-nano-vfprintf.o)
 .text.__sfputs_r
                0x0000000000002ea2       0x24 /home/smmosle/Rs/TZ/arm-none-eabi/bin/../lib/gcc/arm-none-eabi/6.3.1/../../../../arm-none-eabi/lib/thumb/v8-m.base/libc_nano.a(lib_a-nano-vfprintf.o)
                0x0000000000002ea2                __sfputs_r
 *fill*         0x0000000000002ec6        0x2 
 .text._vfprintf_r
                0x0000000000002ec8      0x234 /home/smmosle/Rs/TZ/arm-none-eabi/bin/../lib/gcc/arm-none-eabi/6.3.1/../../../../arm-none-eabi/lib/thumb/v8-m.base/libc_nano.a(lib_a-nano-vfprintf.o)
                0x0000000000002ec8                _vfiprintf_r
                0x0000000000002ec8                _vfprintf_r
 .text._printf_common
                0x00000000000030fc       0xd8 /home/smmosle/Rs/TZ/arm-none-eabi/bin/../lib/gcc/arm-none-eabi/6.3.1/../../../../arm-none-eabi/lib/thumb/v8-m.base/libc_nano.a(lib_a-nano-vfprintf_i.o)
                0x00000000000030fc                _printf_common
 .text._printf_i
                0x00000000000031d4      0x220 /home/smmosle/Rs/TZ/arm-none-eabi/bin/../lib/gcc/arm-none-eabi/6.3.1/../../../../arm-none-eabi/lib/thumb/v8-m.base/libc_nano.a(lib_a-nano-vfprintf_i.o)
                0x00000000000031d4                _printf_i
 .text._putc_r  0x00000000000033f4       0x68 /home/smmosle/Rs/TZ/arm-none-eabi/bin/../lib/gcc/arm-none-eabi/6.3.1/../../../../arm-none-eabi/lib/thumb/v8-m.base/libc_nano.a(lib_a-putc.o)
                0x00000000000033f4                _putc_r
 .text.lflush   0x000000000000345c       0x18 /home/smmosle/Rs/TZ/arm-none-eabi/bin/../lib/gcc/arm-none-eabi/6.3.1/../../../../arm-none-eabi/lib/thumb/v8-m.base/libc_nano.a(lib_a-refill.o)
 .text.__srefill_r
                0x0000000000003474      0x118 /home/smmosle/Rs/TZ/arm-none-eabi/bin/../lib/gcc/arm-none-eabi/6.3.1/../../../../arm-none-eabi/lib/thumb/v8-m.base/libc_nano.a(lib_a-refill.o)
                0x0000000000003474                __srefill_r
 .text._sbrk_r  0x000000000000358c       0x20 /home/smmosle/Rs/TZ/arm-none-eabi/bin/../lib/gcc/arm-none-eabi/6.3.1/../../../../arm-none-eabi/lib/thumb/v8-m.base/libc_nano.a(lib_a-sbrkr.o)
                0x000000000000358c                _sbrk_r
 .text.__sread  0x00000000000035ac       0x28 /home/smmosle/Rs/TZ/arm-none-eabi/bin/../lib/gcc/arm-none-eabi/6.3.1/../../../../arm-none-eabi/lib/thumb/v8-m.base/libc_nano.a(lib_a-stdio.o)
                0x00000000000035ac                __sread
 .text.__swrite
                0x00000000000035d4       0x38 /home/smmosle/Rs/TZ/arm-none-eabi/bin/../lib/gcc/arm-none-eabi/6.3.1/../../../../arm-none-eabi/lib/thumb/v8-m.base/libc_nano.a(lib_a-stdio.o)
                0x00000000000035d4                __swrite
 .text.__sseek  0x000000000000360c       0x2c /home/smmosle/Rs/TZ/arm-none-eabi/bin/../lib/gcc/arm-none-eabi/6.3.1/../../../../arm-none-eabi/lib/thumb/v8-m.base/libc_nano.a(lib_a-stdio.o)
                0x000000000000360c                __sseek
 .text.__sclose
                0x0000000000003638        0xc /home/smmosle/Rs/TZ/arm-none-eabi/bin/../lib/gcc/arm-none-eabi/6.3.1/../../../../arm-none-eabi/lib/thumb/v8-m.base/libc_nano.a(lib_a-stdio.o)
                0x0000000000003638                __sclose
 .text._write_r
                0x0000000000003644       0x24 /home/smmosle/Rs/TZ/arm-none-eabi/bin/../lib/gcc/arm-none-eabi/6.3.1/../../../../arm-none-eabi/lib/thumb/v8-m.base/libc_nano.a(lib_a-writer.o)
                0x0000000000003644                _write_r
 .text._close_r
                0x0000000000003668       0x20 /home/smmosle/Rs/TZ/arm-none-eabi/bin/../lib/gcc/arm-none-eabi/6.3.1/../../../../arm-none-eabi/lib/thumb/v8-m.base/libc_nano.a(lib_a-closer.o)
                0x0000000000003668                _close_r
 .text._fstat_r
                0x0000000000003688       0x24 /home/smmosle/Rs/TZ/arm-none-eabi/bin/../lib/gcc/arm-none-eabi/6.3.1/../../../../arm-none-eabi/lib/thumb/v8-m.base/libc_nano.a(lib_a-fstatr.o)
                0x0000000000003688                _fstat_r
 .text._isatty_r
                0x00000000000036ac       0x20 /home/smmosle/Rs/TZ/arm-none-eabi/bin/../lib/gcc/arm-none-eabi/6.3.1/../../../../arm-none-eabi/lib/thumb/v8-m.base/libc_nano.a(lib_a-isattyr.o)
                0x00000000000036ac                _isatty_r
 .text._lseek_r
                0x00000000000036cc       0x24 /home/smmosle/Rs/TZ/arm-none-eabi/bin/../lib/gcc/arm-none-eabi/6.3.1/../../../../arm-none-eabi/lib/thumb/v8-m.base/libc_nano.a(lib_a-lseekr.o)
                0x00000000000036cc                _lseek_r
 .text.memchr   0x00000000000036f0       0x16 /home/smmosle/Rs/TZ/arm-none-eabi/bin/../lib/gcc/arm-none-eabi/6.3.1/../../../../arm-none-eabi/lib/thumb/v8-m.base/libc_nano.a(lib_a-memchr-stub.o)
                0x00000000000036f0                memchr
 .text.__malloc_lock
                0x0000000000003706        0x2 /home/smmosle/Rs/TZ/arm-none-eabi/bin/../lib/gcc/arm-none-eabi/6.3.1/../../../../arm-none-eabi/lib/thumb/v8-m.base/libc_nano.a(lib_a-mlock.o)
                0x0000000000003706                __malloc_lock
 .text.__malloc_unlock
                0x0000000000003708        0x2 /home/smmosle/Rs/TZ/arm-none-eabi/bin/../lib/gcc/arm-none-eabi/6.3.1/../../../../arm-none-eabi/lib/thumb/v8-m.base/libc_nano.a(lib_a-mlock.o)
                0x0000000000003708                __malloc_unlock
 *fill*         0x000000000000370a        0x2 
 .text._read_r  0x000000000000370c       0x24 /home/smmosle/Rs/TZ/arm-none-eabi/bin/../lib/gcc/arm-none-eabi/6.3.1/../../../../arm-none-eabi/lib/thumb/v8-m.base/libc_nano.a(lib_a-readr.o)
                0x000000000000370c                _read_r
 *(.glue_7t)
 .glue_7t       0x0000000000003730        0x0 linker stubs
 *(.glue_7)
 .glue_7        0x0000000000003730        0x0 linker stubs
 *(.rodata .rodata* .gnu.linkonce.r.*)
 .rodata.str1.1
                0x0000000000003730       0x14 hal/src/hal_io.o
 .rodata.str1.1
                0x0000000000003744       0x13 Secure_Functions/secure_dataflash.o
 .rodata.str1.1
                0x0000000000003757      0x13a Secure_Functions/secure_pac.o
                                        0x146 (size before relaxing)
 .rodata.str1.1
                0x0000000000003891       0x15 hpl/wdt/hpl_wdt.o
 .rodata.str1.1
                0x00000000000038a6       0x1c hal/src/hal_i2c_m_sync.o
 .rodata.str1.1
                0x00000000000038c2       0x13 Secure_Functions/secure_tram.o
 .rodata.str1.1
                0x00000000000038d5      0x950 main.o
                                        0x99c (size before relaxing)
 .rodata.str1.1
                0x0000000000004225       0xf9 app_veneer.o
                                         0xfc (size before relaxing)
 .rodata.str1.1
                0x000000000000431e       0x1c hal/src/hal_usart_sync.o
 .rodata.str1.1
                0x000000000000433a       0x19 Secure_Functions/secure_wdt.o
 .rodata.str1.1
                0x000000000000433a       0xb2 Secure_Functions/secure_rtc.o
                                         0xba (size before relaxing)
 .rodata.str1.1
                0x00000000000043ec       0x19 driver_init.o
 .rodata.str1.1
                0x00000000000043ec       0x35 Secure_Functions/secure_led.o
                                         0x3d (size before relaxing)
 .rodata.str1.1
                0x0000000000004421       0x1a Secure_Functions/secure_lowpower.o
                                         0x22 (size before relaxing)
 *fill*         0x000000000000443b        0x1 
 .rodata        0x000000000000443c       0x35 hpl/sercom/hpl_sercom.o
 .rodata.str1.1
                0x0000000000004471       0x1b hpl/sercom/hpl_sercom.o
 .rodata        0x000000000000448c       0x30 /home/smmosle/Rs/TZ/arm-none-eabi/bin/../lib/gcc/arm-none-eabi/6.3.1/thumb/v8-m.base/libgcc.a(cmse.o)
 .rodata._global_impure_ptr
                0x00000000000044bc        0x4 /home/smmosle/Rs/TZ/arm-none-eabi/bin/../lib/gcc/arm-none-eabi/6.3.1/../../../../arm-none-eabi/lib/thumb/v8-m.base/libc_nano.a(lib_a-impure.o)
                0x00000000000044bc                _global_impure_ptr
 .rodata.__sf_fake_stderr
                0x00000000000044c0       0x20 /home/smmosle/Rs/TZ/arm-none-eabi/bin/../lib/gcc/arm-none-eabi/6.3.1/../../../../arm-none-eabi/lib/thumb/v8-m.base/libc_nano.a(lib_a-findfp.o)
                0x00000000000044c0                __sf_fake_stderr
 .rodata.__sf_fake_stdin
                0x00000000000044e0       0x20 /home/smmosle/Rs/TZ/arm-none-eabi/bin/../lib/gcc/arm-none-eabi/6.3.1/../../../../arm-none-eabi/lib/thumb/v8-m.base/libc_nano.a(lib_a-findfp.o)
                0x00000000000044e0                __sf_fake_stdin
 .rodata.__sf_fake_stdout
                0x0000000000004500       0x20 /home/smmosle/Rs/TZ/arm-none-eabi/bin/../lib/gcc/arm-none-eabi/6.3.1/../../../../arm-none-eabi/lib/thumb/v8-m.base/libc_nano.a(lib_a-findfp.o)
                0x0000000000004500                __sf_fake_stdout
 .rodata._vfprintf_r.str1.1
                0x0000000000004520       0x11 /home/smmosle/Rs/TZ/arm-none-eabi/bin/../lib/gcc/arm-none-eabi/6.3.1/../../../../arm-none-eabi/lib/thumb/v8-m.base/libc_nano.a(lib_a-nano-vfprintf.o)
 .rodata._printf_i.str1.1
                0x0000000000004531       0x22 /home/smmosle/Rs/TZ/arm-none-eabi/bin/../lib/gcc/arm-none-eabi/6.3.1/../../../../arm-none-eabi/lib/thumb/v8-m.base/libc_nano.a(lib_a-nano-vfprintf_i.o)
 *(.ARM.extab* .gnu.linkonce.armextab.*)
                0x0000000000004554                . = ALIGN (0x4)
 *fill*         0x0000000000004553        0x1 
 *(.init)
 .init          0x0000000000004554        0x4 /home/smmosle/Rs/TZ/arm-none-eabi/bin/../lib/gcc/arm-none-eabi/6.3.1/thumb/v8-m.base/crti.o
                0x0000000000004554                _init
 .init          0x0000000000004558        0x8 /home/smmosle/Rs/TZ/arm-none-eabi/bin/../lib/gcc/arm-none-eabi/6.3.1/thumb/v8-m.base/crtn.o
                0x0000000000004560                . = ALIGN (0x4)
                0x0000000000004560                __preinit_array_start = .
 *(.preinit_array)
                0x0000000000004560                __preinit_array_end = .
                0x0000000000004560                . = ALIGN (0x4)
                0x0000000000004560                __init_array_start = .
 *(SORT(.init_array.*))
 *(.init_array)
 .init_array    0x0000000000004560        0x4 /home/smmosle/Rs/TZ/arm-none-eabi/bin/../lib/gcc/arm-none-eabi/6.3.1/thumb/v8-m.base/crtbegin.o
                0x0000000000004564                __init_array_end = .
                0x0000000000004564                . = ALIGN (0x4)
 *crtbegin.o(.ctors)
 *(EXCLUDE_FILE(*crtend.o) .ctors)
 *(SORT(.ctors.*))
 *crtend.o(.ctors)
                0x0000000000004564                . = ALIGN (0x4)
 *(.fini)
 .fini          0x0000000000004564        0x4 /home/smmosle/Rs/TZ/arm-none-eabi/bin/../lib/gcc/arm-none-eabi/6.3.1/thumb/v8-m.base/crti.o
                0x0000000000004564                _fini
 .fini          0x0000000000004568        0x8 /home/smmosle/Rs/TZ/arm-none-eabi/bin/../lib/gcc/arm-none-eabi/6.3.1/thumb/v8-m.base/crtn.o
                0x0000000000004570                . = ALIGN (0x4)
                0x0000000000004570                __fini_array_start = .
 *(.fini_array)
 .fini_array    0x0000000000004570        0x4 /home/smmosle/Rs/TZ/arm-none-eabi/bin/../lib/gcc/arm-none-eabi/6.3.1/thumb/v8-m.base/crtbegin.o
 *(SORT(.fini_array.*))
                0x0000000000004574                __fini_array_end = .
 *crtbegin.o(.dtors)
 *(EXCLUDE_FILE(*crtend.o) .dtors)
 *(SORT(.dtors.*))
 *crtend.o(.dtors)
                0x0000000000004574                . = ALIGN (0x4)
                0x0000000000004574                _efixed = .
                [!provide]                        PROVIDE (__exidx_start, .)

.vfp11_veneer   0x0000000000004574        0x0
 .vfp11_veneer  0x0000000000004574        0x0 linker stubs

.v4_bx          0x0000000000004574        0x0
 .v4_bx         0x0000000000004574        0x0 linker stubs

.iplt           0x0000000000004574        0x0
 .iplt          0x0000000000004574        0x0 /home/smmosle/Rs/TZ/arm-none-eabi/bin/../lib/gcc/arm-none-eabi/6.3.1/thumb/v8-m.base/crtbegin.o

.rel.dyn        0x0000000000004574        0x0
 .rel.iplt      0x0000000000004574        0x0 /home/smmosle/Rs/TZ/arm-none-eabi/bin/../lib/gcc/arm-none-eabi/6.3.1/thumb/v8-m.base/crtbegin.o

.ARM.exidx
 *(.ARM.exidx* .gnu.linkonce.armexidx.*)
                [!provide]                        PROVIDE (__exidx_end, .)
                0x0000000000004574                . = ALIGN (0x4)
                0x0000000000004574                _etext = .
                0x0000000000004574                . = ALIGN (0x4)

.gnu.sgstubs    0x0000000000007c00       0x60
                0x0000000000007c00                _ssgstubs = .
 .gnu.sgstubs.__stub
                0x0000000000007c00       0x60 linker stubs
                0x0000000000007c00                nsc_putc
                0x0000000000007c08                nsc_ext_irq_init
                0x0000000000007c10                nsc_periph_clock_init
                0x0000000000007c18                nsc_led_on
                0x0000000000007c20                nsc_getc
                0x0000000000007c28                nsc_led_toggle
                0x0000000000007c30                nsc_rtc_CMP0_val_set
                0x0000000000007c38                nsc_enter_standby_mode
                0x0000000000007c40                nsc_led_off
                0x0000000000007c48                nsc_rtc_enable_CMP0_interrupt
                0x0000000000007c50                nsc_rtc_CMP0_callback_register
                0x0000000000007c58                nsc_puts

.relocate       0x0000000020000000       0x68 load address 0x0000000000004574
                0x0000000020000000                . = ALIGN (0x4)
                0x0000000020000000                _srelocate = .
 *(.ramfunc .ramfunc.*)
 *(.data .data.*)
 .data          0x0000000020000000        0x4 Secure_Functions/secure_dataflash.o
                0x0000000020000000                DATA32
 .data._impure_ptr
                0x0000000020000004        0x4 /home/smmosle/Rs/TZ/arm-none-eabi/bin/../lib/gcc/arm-none-eabi/6.3.1/../../../../arm-none-eabi/lib/thumb/v8-m.base/libc_nano.a(lib_a-impure.o)
                0x0000000020000004                _impure_ptr
 .data.impure_data
                0x0000000020000008       0x60 /home/smmosle/Rs/TZ/arm-none-eabi/bin/../lib/gcc/arm-none-eabi/6.3.1/../../../../arm-none-eabi/lib/thumb/v8-m.base/libc_nano.a(lib_a-impure.o)
                0x0000000020000068                . = ALIGN (0x4)
                0x0000000020000068                _erelocate = .

.bss            0x0000000020000068       0x6c load address 0x00000000000045dc
                0x0000000020000068                . = ALIGN (0x4)
                0x0000000020000068                _sbss = .
                0x0000000020000068                _szero = .
 *(.bss .bss.*)
 .bss           0x0000000020000068       0x1c /home/smmosle/Rs/TZ/arm-none-eabi/bin/../lib/gcc/arm-none-eabi/6.3.1/thumb/v8-m.base/crtbegin.o
 .bss           0x0000000020000084        0x4 stdio_redirect/stdio_io.o
 .bss           0x0000000020000088        0x4 hal/utils/src/utils_syscalls.o
 .bss           0x000000002000008c        0x4 Secure_Functions/secure_wdt.o
 .bss           0x0000000020000090        0x8 Secure_Functions/secure_rtc.o
 .bss.__malloc_free_list
                0x0000000020000098        0x4 /home/smmosle/Rs/TZ/arm-none-eabi/bin/../lib/gcc/arm-none-eabi/6.3.1/../../../../arm-none-eabi/lib/thumb/v8-m.base/libc_nano.a(lib_a-nano-mallocr.o)
                0x0000000020000098                __malloc_free_list
 .bss.__malloc_sbrk_start
                0x000000002000009c        0x4 /home/smmosle/Rs/TZ/arm-none-eabi/bin/../lib/gcc/arm-none-eabi/6.3.1/../../../../arm-none-eabi/lib/thumb/v8-m.base/libc_nano.a(lib_a-nano-mallocr.o)
                0x000000002000009c                __malloc_sbrk_start
 *(COMMON)
 COMMON         0x00000000200000a0       0x30 driver_init.o
                0x00000000200000a0                UART_INSTANCE
                0x00000000200000ac                I2C_INSTANCE
                0x00000000200000cc                WATCHDOG
 COMMON         0x00000000200000d0        0x4 /home/smmosle/Rs/TZ/arm-none-eabi/bin/../lib/gcc/arm-none-eabi/6.3.1/../../../../arm-none-eabi/lib/thumb/v8-m.base/libc_nano.a(lib_a-reent.o)
                0x00000000200000d0                errno
                0x00000000200000d4                . = ALIGN (0x4)
                0x00000000200000d4                _ebss = .
                0x00000000200000d4                _ezero = .

.heap           0x00000000200000d4      0x204 load address 0x0000000000004648
                0x00000000200000d8                . = ALIGN (0x8)
 *fill*         0x00000000200000d4        0x4 
                0x00000000200000d8                _sheap = .
                0x00000000200002d8                . = (. + HEAP_SIZE)
 *fill*         0x00000000200000d8      0x200 
                0x00000000200002d8                . = ALIGN (0x8)
                0x00000000200002d8                _eheap = .

.stack          0x00000000200002d8      0x400 load address 0x000000000000484c
                0x00000000200002d8                . = ALIGN (0x8)
                0x00000000200002d8                _sstack = .
                0x00000000200006d8                . = (. + STACK_SIZE)
 *fill*         0x00000000200002d8      0x400 
                0x00000000200006d8                . = ALIGN (0x8)
                0x00000000200006d8                _estack = .
                0x00000000200006d8                . = ALIGN (0x4)
                0x00000000200006d8                _end = .
                0x0000000020001fff                _ram_end_ = ((ORIGIN (ram) + LENGTH (ram)) - 0x1)

.userRowBlock   0x0000000000804000       0x20
 *(.userrowsec)
 .userrowsec    0x0000000000804000       0x20 trustzone/trustzone_manager.o
                0x0000000000804000                nvm_user_row
OUTPUT(AtmelStart.elf elf32-littlearm)

.eh_frame       0x0000000000804020        0x0
 .eh_frame      0x0000000000804020        0x0 /home/smmosle/Rs/TZ/arm-none-eabi/bin/../lib/gcc/arm-none-eabi/6.3.1/thumb/v8-m.base/crtbegin.o

.jcr            0x0000000000804020        0x0
 .jcr           0x0000000000804020        0x0 /home/smmosle/Rs/TZ/arm-none-eabi/bin/../lib/gcc/arm-none-eabi/6.3.1/thumb/v8-m.base/crtbegin.o

.igot.plt       0x0000000000004574        0x0 load address 0x0000000000804020
 .igot.plt      0x0000000000004574        0x0 /home/smmosle/Rs/TZ/arm-none-eabi/bin/../lib/gcc/arm-none-eabi/6.3.1/thumb/v8-m.base/crtbegin.o

.ARM.attributes
                0x0000000000000000       0x2c
 .ARM.attributes
                0x0000000000000000       0x22 /home/smmosle/Rs/TZ/arm-none-eabi/bin/../lib/gcc/arm-none-eabi/6.3.1/thumb/v8-m.base/crti.o
 .ARM.attributes
                0x0000000000000022       0x30 /home/smmosle/Rs/TZ/arm-none-eabi/bin/../lib/gcc/arm-none-eabi/6.3.1/thumb/v8-m.base/crtbegin.o
 .ARM.attributes
                0x0000000000000052       0x30 hal/src/hal_io.o
 .ARM.attributes
                0x0000000000000082       0x30 stdio_redirect/stdio_io.o
 .ARM.attributes
                0x00000000000000b2       0x30 Secure_Functions/secure_dataflash.o
 .ARM.attributes
                0x00000000000000e2       0x30 Secure_Functions/secure_pac.o
 .ARM.attributes
                0x0000000000000112       0x30 hpl/wdt/hpl_wdt.o
 .ARM.attributes
                0x0000000000000142       0x30 gcc/gcc/startup_saml11e16a.o
 .ARM.attributes
                0x0000000000000172       0x30 stdio_redirect/gcc/write.o
 .ARM.attributes
                0x00000000000001a2       0x30 hal/utils/src/utils_syscalls.o
 .ARM.attributes
                0x00000000000001d2       0x30 stdio_redirect/gcc/read.o
 .ARM.attributes
                0x0000000000000202       0x30 trustzone/trustzone_manager.o
 .ARM.attributes
                0x0000000000000232       0x30 hal/src/hal_i2c_m_sync.o
 .ARM.attributes
                0x0000000000000262       0x30 Secure_Functions/secure_tram.o
 .ARM.attributes
                0x0000000000000292       0x30 main.o
 .ARM.attributes
                0x00000000000002c2       0x30 hpl/oscctrl/hpl_oscctrl.o
 .ARM.attributes
                0x00000000000002f2       0x30 hpl/core/hpl_init.o
 .ARM.attributes
                0x0000000000000322       0x30 hpl/rtc/rtc_lite.o
 .ARM.attributes
                0x0000000000000352       0x30 hpl/pm/hpl_pm.o
 .ARM.attributes
                0x0000000000000382       0x30 hal/src/hal_usart_sync.o
 .ARM.attributes
                0x00000000000003b2       0x30 hpl/mclk/hpl_mclk.o
 .ARM.attributes
                0x00000000000003e2       0x30 Secure_Functions/secure_wdt.o
 .ARM.attributes
                0x0000000000000412       0x30 hpl/gclk/hpl_gclk.o
 .ARM.attributes
                0x0000000000000442       0x30 stdio_start.o
 .ARM.attributes
                0x0000000000000472       0x30 Secure_Functions/secure_rtc.o
 .ARM.attributes
                0x00000000000004a2       0x30 trustzone/trustzone_veneer.o
 .ARM.attributes
                0x00000000000004d2       0x30 hpl/osc32kctrl/hpl_osc32kctrl.o
 .ARM.attributes
                0x0000000000000502       0x30 hpl/tram/tram_lite.o
 .ARM.attributes
                0x0000000000000532       0x30 driver_init.o
 .ARM.attributes
                0x0000000000000562       0x30 hpl/sercom/hpl_sercom.o
 .ARM.attributes
                0x0000000000000592       0x30 hpl/nvmctrl/nvmctrl_lite.o
 .ARM.attributes
                0x00000000000005c2       0x30 hal/utils/src/utils_assert.o
 .ARM.attributes
                0x00000000000005f2       0x30 atmel_start.o
 .ARM.attributes
                0x0000000000000622       0x20 /home/smmosle/Rs/TZ/arm-none-eabi/bin/../lib/gcc/arm-none-eabi/6.3.1/thumb/v8-m.base/libgcc.a(cmse_nonsecure_call.o)
 .ARM.attributes
                0x0000000000000642       0x30 /home/smmosle/Rs/TZ/arm-none-eabi/bin/../lib/gcc/arm-none-eabi/6.3.1/thumb/v8-m.base/libgcc.a(_muldi3.o)
 .ARM.attributes
                0x0000000000000672       0x30 /home/smmosle/Rs/TZ/arm-none-eabi/bin/../lib/gcc/arm-none-eabi/6.3.1/../../../../arm-none-eabi/lib/thumb/v8-m.base/libc_nano.a(lib_a-impure.o)
 .ARM.attributes
                0x00000000000006a2       0x30 /home/smmosle/Rs/TZ/arm-none-eabi/bin/../lib/gcc/arm-none-eabi/6.3.1/../../../../arm-none-eabi/lib/thumb/v8-m.base/libc_nano.a(lib_a-init.o)
 .ARM.attributes
                0x00000000000006d2       0x30 /home/smmosle/Rs/TZ/arm-none-eabi/bin/../lib/gcc/arm-none-eabi/6.3.1/../../../../arm-none-eabi/lib/thumb/v8-m.base/libc_nano.a(lib_a-memset.o)
 .ARM.attributes
                0x0000000000000702       0x30 /home/smmosle/Rs/TZ/arm-none-eabi/bin/../lib/gcc/arm-none-eabi/6.3.1/../../../../arm-none-eabi/lib/thumb/v8-m.base/libc_nano.a(lib_a-printf.o)
 .ARM.attributes
                0x0000000000000732       0x30 /home/smmosle/Rs/TZ/arm-none-eabi/bin/../lib/gcc/arm-none-eabi/6.3.1/../../../../arm-none-eabi/lib/thumb/v8-m.base/libc_nano.a(lib_a-putchar.o)
 .ARM.attributes
                0x0000000000000762       0x30 /home/smmosle/Rs/TZ/arm-none-eabi/bin/../lib/gcc/arm-none-eabi/6.3.1/../../../../arm-none-eabi/lib/thumb/v8-m.base/libc_nano.a(lib_a-rget.o)
 .ARM.attributes
                0x0000000000000792       0x30 /home/smmosle/Rs/TZ/arm-none-eabi/bin/../lib/gcc/arm-none-eabi/6.3.1/../../../../arm-none-eabi/lib/thumb/v8-m.base/libc_nano.a(lib_a-setbuf.o)
 .ARM.attributes
                0x00000000000007c2       0x30 /home/smmosle/Rs/TZ/arm-none-eabi/bin/../lib/gcc/arm-none-eabi/6.3.1/../../../../arm-none-eabi/lib/thumb/v8-m.base/libc_nano.a(lib_a-setvbuf.o)
 .ARM.attributes
                0x00000000000007f2       0x30 /home/smmosle/Rs/TZ/arm-none-eabi/bin/../lib/gcc/arm-none-eabi/6.3.1/../../../../arm-none-eabi/lib/thumb/v8-m.base/libc_nano.a(lib_a-wbuf.o)
 .ARM.attributes
                0x0000000000000822       0x30 /home/smmosle/Rs/TZ/arm-none-eabi/bin/../lib/gcc/arm-none-eabi/6.3.1/../../../../arm-none-eabi/lib/thumb/v8-m.base/libc_nano.a(lib_a-wsetup.o)
 .ARM.attributes
                0x0000000000000852       0x30 /home/smmosle/Rs/TZ/arm-none-eabi/bin/../lib/gcc/arm-none-eabi/6.3.1/../../../../arm-none-eabi/lib/thumb/v8-m.base/libc_nano.a(lib_a-fflush.o)
 .ARM.attributes
                0x0000000000000882       0x30 /home/smmosle/Rs/TZ/arm-none-eabi/bin/../lib/gcc/arm-none-eabi/6.3.1/../../../../arm-none-eabi/lib/thumb/v8-m.base/libc_nano.a(lib_a-findfp.o)
 .ARM.attributes
                0x00000000000008b2       0x30 /home/smmosle/Rs/TZ/arm-none-eabi/bin/../lib/gcc/arm-none-eabi/6.3.1/../../../../arm-none-eabi/lib/thumb/v8-m.base/libc_nano.a(lib_a-fwalk.o)
 .ARM.attributes
                0x00000000000008e2       0x30 /home/smmosle/Rs/TZ/arm-none-eabi/bin/../lib/gcc/arm-none-eabi/6.3.1/../../../../arm-none-eabi/lib/thumb/v8-m.base/libc_nano.a(lib_a-makebuf.o)
 .ARM.attributes
                0x0000000000000912       0x30 /home/smmosle/Rs/TZ/arm-none-eabi/bin/../lib/gcc/arm-none-eabi/6.3.1/../../../../arm-none-eabi/lib/thumb/v8-m.base/libc_nano.a(lib_a-malloc.o)
 .ARM.attributes
                0x0000000000000942       0x30 /home/smmosle/Rs/TZ/arm-none-eabi/bin/../lib/gcc/arm-none-eabi/6.3.1/../../../../arm-none-eabi/lib/thumb/v8-m.base/libc_nano.a(lib_a-nano-freer.o)
 .ARM.attributes
                0x0000000000000972       0x30 /home/smmosle/Rs/TZ/arm-none-eabi/bin/../lib/gcc/arm-none-eabi/6.3.1/../../../../arm-none-eabi/lib/thumb/v8-m.base/libc_nano.a(lib_a-nano-mallocr.o)
 .ARM.attributes
                0x00000000000009a2       0x30 /home/smmosle/Rs/TZ/arm-none-eabi/bin/../lib/gcc/arm-none-eabi/6.3.1/../../../../arm-none-eabi/lib/thumb/v8-m.base/libc_nano.a(lib_a-nano-vfprintf.o)
 .ARM.attributes
                0x00000000000009d2       0x30 /home/smmosle/Rs/TZ/arm-none-eabi/bin/../lib/gcc/arm-none-eabi/6.3.1/../../../../arm-none-eabi/lib/thumb/v8-m.base/libc_nano.a(lib_a-nano-vfprintf_i.o)
 .ARM.attributes
                0x0000000000000a02       0x30 /home/smmosle/Rs/TZ/arm-none-eabi/bin/../lib/gcc/arm-none-eabi/6.3.1/../../../../arm-none-eabi/lib/thumb/v8-m.base/libc_nano.a(lib_a-putc.o)
 .ARM.attributes
                0x0000000000000a32       0x30 /home/smmosle/Rs/TZ/arm-none-eabi/bin/../lib/gcc/arm-none-eabi/6.3.1/../../../../arm-none-eabi/lib/thumb/v8-m.base/libc_nano.a(lib_a-refill.o)
 .ARM.attributes
                0x0000000000000a62       0x30 /home/smmosle/Rs/TZ/arm-none-eabi/bin/../lib/gcc/arm-none-eabi/6.3.1/../../../../arm-none-eabi/lib/thumb/v8-m.base/libc_nano.a(lib_a-sbrkr.o)
 .ARM.attributes
                0x0000000000000a92       0x30 /home/smmosle/Rs/TZ/arm-none-eabi/bin/../lib/gcc/arm-none-eabi/6.3.1/../../../../arm-none-eabi/lib/thumb/v8-m.base/libc_nano.a(lib_a-stdio.o)
 .ARM.attributes
                0x0000000000000ac2       0x30 /home/smmosle/Rs/TZ/arm-none-eabi/bin/../lib/gcc/arm-none-eabi/6.3.1/../../../../arm-none-eabi/lib/thumb/v8-m.base/libc_nano.a(lib_a-writer.o)
 .ARM.attributes
                0x0000000000000af2       0x30 /home/smmosle/Rs/TZ/arm-none-eabi/bin/../lib/gcc/arm-none-eabi/6.3.1/../../../../arm-none-eabi/lib/thumb/v8-m.base/libc_nano.a(lib_a-closer.o)
 .ARM.attributes
                0x0000000000000b22       0x30 /home/smmosle/Rs/TZ/arm-none-eabi/bin/../lib/gcc/arm-none-eabi/6.3.1/../../../../arm-none-eabi/lib/thumb/v8-m.base/libc_nano.a(lib_a-fstatr.o)
 .ARM.attributes
                0x0000000000000b52       0x30 /home/smmosle/Rs/TZ/arm-none-eabi/bin/../lib/gcc/arm-none-eabi/6.3.1/../../../../arm-none-eabi/lib/thumb/v8-m.base/libc_nano.a(lib_a-isattyr.o)
 .ARM.attributes
                0x0000000000000b82       0x30 /home/smmosle/Rs/TZ/arm-none-eabi/bin/../lib/gcc/arm-none-eabi/6.3.1/../../../../arm-none-eabi/lib/thumb/v8-m.base/libc_nano.a(lib_a-lseekr.o)
 .ARM.attributes
                0x0000000000000bb2       0x30 /home/smmosle/Rs/TZ/arm-none-eabi/bin/../lib/gcc/arm-none-eabi/6.3.1/../../../../arm-none-eabi/lib/thumb/v8-m.base/libc_nano.a(lib_a-memchr-stub.o)
 .ARM.attributes
                0x0000000000000be2       0x30 /home/smmosle/Rs/TZ/arm-none-eabi/bin/../lib/gcc/arm-none-eabi/6.3.1/../../../../arm-none-eabi/lib/thumb/v8-m.base/libc_nano.a(lib_a-mlock.o)
 .ARM.attributes
                0x0000000000000c12       0x30 /home/smmosle/Rs/TZ/arm-none-eabi/bin/../lib/gcc/arm-none-eabi/6.3.1/../../../../arm-none-eabi/lib/thumb/v8-m.base/libc_nano.a(lib_a-readr.o)
 .ARM.attributes
                0x0000000000000c42       0x30 /home/smmosle/Rs/TZ/arm-none-eabi/bin/../lib/gcc/arm-none-eabi/6.3.1/../../../../arm-none-eabi/lib/thumb/v8-m.base/libc_nano.a(lib_a-reent.o)
 .ARM.attributes
                0x0000000000000c72       0x22 /home/smmosle/Rs/TZ/arm-none-eabi/bin/../lib/gcc/arm-none-eabi/6.3.1/thumb/v8-m.base/crtn.o

.comment        0x0000000000000000       0x59
 .comment       0x0000000000000000       0x59 hal/src/hal_io.o
                                         0x5a (size before relaxing)
 .comment       0x0000000000000059       0x5a stdio_redirect/stdio_io.o
 .comment       0x0000000000000059       0x5a Secure_Functions/secure_dataflash.o
 .comment       0x0000000000000059       0x5a Secure_Functions/secure_pac.o
 .comment       0x0000000000000059       0x5a hpl/wdt/hpl_wdt.o
 .comment       0x0000000000000059       0x5a gcc/gcc/startup_saml11e16a.o
 .comment       0x0000000000000059       0x5a stdio_redirect/gcc/write.o
 .comment       0x0000000000000059       0x5a hal/utils/src/utils_syscalls.o
 .comment       0x0000000000000059       0x5a stdio_redirect/gcc/read.o
 .comment       0x0000000000000059       0x5a trustzone/trustzone_manager.o
 .comment       0x0000000000000059       0x5a hal/src/hal_i2c_m_sync.o
 .comment       0x0000000000000059       0x5a Secure_Functions/secure_tram.o
 .comment       0x0000000000000059       0x5a main.o
 .comment       0x0000000000000059       0x5a hpl/oscctrl/hpl_oscctrl.o
 .comment       0x0000000000000059       0x5a hpl/core/hpl_init.o
 .comment       0x0000000000000059       0x5a hpl/rtc/rtc_lite.o
 .comment       0x0000000000000059       0x5a hpl/pm/hpl_pm.o
 .comment       0x0000000000000059       0x5a hal/src/hal_usart_sync.o
 .comment       0x0000000000000059       0x5a hpl/mclk/hpl_mclk.o
 .comment       0x0000000000000059       0x5a Secure_Functions/secure_wdt.o
 .comment       0x0000000000000059       0x5a hpl/gclk/hpl_gclk.o
 .comment       0x0000000000000059       0x5a stdio_start.o
 .comment       0x0000000000000059       0x5a Secure_Functions/secure_rtc.o
 .comment       0x0000000000000059       0x5a trustzone/trustzone_veneer.o
 .comment       0x0000000000000059       0x5a hpl/osc32kctrl/hpl_osc32kctrl.o
 .comment       0x0000000000000059       0x5a hpl/tram/tram_lite.o
 .comment       0x0000000000000059       0x5a driver_init.o
 .comment       0x0000000000000059       0x5a hpl/sercom/hpl_sercom.o
 .comment       0x0000000000000059       0x5a hpl/nvmctrl/nvmctrl_lite.o
 .comment       0x0000000000000059       0x5a hal/utils/src/utils_assert.o
 .comment       0x0000000000000059       0x5a atmel_start.o

.debug_info     0x0000000000000000    0x2f9ec
 .debug_info    0x0000000000000000      0x2b2 hal/src/hal_io.o
 .debug_info    0x00000000000002b2      0xbe2 stdio_redirect/stdio_io.o
 .debug_info    0x0000000000000e94     0x185f Secure_Functions/secure_dataflash.o
 .debug_info    0x00000000000026f3     0x2510 Secure_Functions/secure_pac.o
 .debug_info    0x0000000000004c03      0xc12 hpl/wdt/hpl_wdt.o
 .debug_info    0x0000000000005815      0x5f4 gcc/gcc/startup_saml11e16a.o
 .debug_info    0x0000000000005e09      0xa33 stdio_redirect/gcc/write.o
 .debug_info    0x000000000000683c      0xdc8 hal/utils/src/utils_syscalls.o
 .debug_info    0x0000000000007604      0xa34 stdio_redirect/gcc/read.o
 .debug_info    0x0000000000008038       0xbe trustzone/trustzone_manager.o
 .debug_info    0x00000000000080f6      0x878 hal/src/hal_i2c_m_sync.o
 .debug_info    0x000000000000896e     0x1212 Secure_Functions/secure_tram.o
 .debug_info    0x0000000000009b80     0x6249 main.o
 .debug_info    0x000000000000fdc9      0xf09 hpl/oscctrl/hpl_oscctrl.o
 .debug_info    0x0000000000010cd2      0xc29 hpl/core/hpl_init.o
 .debug_info    0x00000000000118fb     0x2a50 hpl/rtc/rtc_lite.o
 .debug_info    0x000000000001434b      0x775 hpl/pm/hpl_pm.o
 .debug_info    0x0000000000014ac0      0xc54 hal/src/hal_usart_sync.o
 .debug_info    0x0000000000015714      0x6fa hpl/mclk/hpl_mclk.o
 .debug_info    0x0000000000015e0e     0x10f8 Secure_Functions/secure_wdt.o
 .debug_info    0x0000000000016f06      0x531 hpl/gclk/hpl_gclk.o
 .debug_info    0x0000000000017437      0xca1 stdio_start.o
 .debug_info    0x00000000000180d8     0x37f4 Secure_Functions/secure_rtc.o
 .debug_info    0x000000000001b8cc     0x1ca5 trustzone/trustzone_veneer.o
 .debug_info    0x000000000001d571      0x6d1 hpl/osc32kctrl/hpl_osc32kctrl.o
 .debug_info    0x000000000001dc42      0x95b hpl/tram/tram_lite.o
 .debug_info    0x000000000001e59d     0x4a66 driver_init.o
 .debug_info    0x0000000000023003     0xa263 hpl/sercom/hpl_sercom.o
 .debug_info    0x000000000002d266      0xfee hpl/nvmctrl/nvmctrl_lite.o
 .debug_info    0x000000000002e254      0x107 hal/utils/src/utils_assert.o
 .debug_info    0x000000000002e35b     0x1691 atmel_start.o

.debug_abbrev   0x0000000000000000     0x4d24
 .debug_abbrev  0x0000000000000000      0x115 hal/src/hal_io.o
 .debug_abbrev  0x0000000000000115      0x229 stdio_redirect/stdio_io.o
 .debug_abbrev  0x000000000000033e      0x349 Secure_Functions/secure_dataflash.o
 .debug_abbrev  0x0000000000000687      0x36c Secure_Functions/secure_pac.o
 .debug_abbrev  0x00000000000009f3      0x3bf hpl/wdt/hpl_wdt.o
 .debug_abbrev  0x0000000000000db2      0x14f gcc/gcc/startup_saml11e16a.o
 .debug_abbrev  0x0000000000000f01      0x1e8 stdio_redirect/gcc/write.o
 .debug_abbrev  0x00000000000010e9      0x25a hal/utils/src/utils_syscalls.o
 .debug_abbrev  0x0000000000001343      0x1e8 stdio_redirect/gcc/read.o
 .debug_abbrev  0x000000000000152b       0x71 trustzone/trustzone_manager.o
 .debug_abbrev  0x000000000000159c      0x1a6 hal/src/hal_i2c_m_sync.o
 .debug_abbrev  0x0000000000001742      0x2ce Secure_Functions/secure_tram.o
 .debug_abbrev  0x0000000000001a10      0x52d main.o
 .debug_abbrev  0x0000000000001f3d      0x1dc hpl/oscctrl/hpl_oscctrl.o
 .debug_abbrev  0x0000000000002119      0x1d9 hpl/core/hpl_init.o
 .debug_abbrev  0x00000000000022f2      0x26d hpl/rtc/rtc_lite.o
 .debug_abbrev  0x000000000000255f      0x255 hpl/pm/hpl_pm.o
 .debug_abbrev  0x00000000000027b4      0x226 hal/src/hal_usart_sync.o
 .debug_abbrev  0x00000000000029da      0x197 hpl/mclk/hpl_mclk.o
 .debug_abbrev  0x0000000000002b71      0x2f5 Secure_Functions/secure_wdt.o
 .debug_abbrev  0x0000000000002e66      0x184 hpl/gclk/hpl_gclk.o
 .debug_abbrev  0x0000000000002fea      0x1e2 stdio_start.o
 .debug_abbrev  0x00000000000031cc      0x3de Secure_Functions/secure_rtc.o
 .debug_abbrev  0x00000000000035aa      0x359 trustzone/trustzone_veneer.o
 .debug_abbrev  0x0000000000003903      0x1f2 hpl/osc32kctrl/hpl_osc32kctrl.o
 .debug_abbrev  0x0000000000003af5      0x292 hpl/tram/tram_lite.o
 .debug_abbrev  0x0000000000003d87      0x38b driver_init.o
 .debug_abbrev  0x0000000000004112      0x622 hpl/sercom/hpl_sercom.o
 .debug_abbrev  0x0000000000004734      0x323 hpl/nvmctrl/nvmctrl_lite.o
 .debug_abbrev  0x0000000000004a57       0x86 hal/utils/src/utils_assert.o
 .debug_abbrev  0x0000000000004add      0x247 atmel_start.o

.debug_loc      0x0000000000000000     0xa50c
 .debug_loc     0x0000000000000000      0x132 hal/src/hal_io.o
 .debug_loc     0x0000000000000132      0x127 stdio_redirect/stdio_io.o
 .debug_loc     0x0000000000000259       0xfd Secure_Functions/secure_dataflash.o
 .debug_loc     0x0000000000000356      0x161 Secure_Functions/secure_pac.o
 .debug_loc     0x00000000000004b7      0x695 hpl/wdt/hpl_wdt.o
 .debug_loc     0x0000000000000b4c       0x63 gcc/gcc/startup_saml11e16a.o
 .debug_loc     0x0000000000000baf       0xaf stdio_redirect/gcc/write.o
 .debug_loc     0x0000000000000c5e      0x11d hal/utils/src/utils_syscalls.o
 .debug_loc     0x0000000000000d7b       0xa2 stdio_redirect/gcc/read.o
 .debug_loc     0x0000000000000e1d      0x681 hal/src/hal_i2c_m_sync.o
 .debug_loc     0x000000000000149e      0x111 Secure_Functions/secure_tram.o
 .debug_loc     0x00000000000015af      0x811 main.o
 .debug_loc     0x0000000000001dc0       0x30 hpl/oscctrl/hpl_oscctrl.o
 .debug_loc     0x0000000000001df0       0x4c hpl/core/hpl_init.o
 .debug_loc     0x0000000000001e3c      0x1b3 hpl/rtc/rtc_lite.o
 .debug_loc     0x0000000000001fef      0x14e hpl/pm/hpl_pm.o
 .debug_loc     0x000000000000213d      0x825 hal/src/hal_usart_sync.o
 .debug_loc     0x0000000000002962       0x2c hpl/mclk/hpl_mclk.o
 .debug_loc     0x000000000000298e       0xa0 Secure_Functions/secure_wdt.o
 .debug_loc     0x0000000000002a2e       0x71 hpl/gclk/hpl_gclk.o
 .debug_loc     0x0000000000002a9f       0x40 stdio_start.o
 .debug_loc     0x0000000000002adf      0x1d6 Secure_Functions/secure_rtc.o
 .debug_loc     0x0000000000002cb5      0x2f6 trustzone/trustzone_veneer.o
 .debug_loc     0x0000000000002fab       0x94 hpl/osc32kctrl/hpl_osc32kctrl.o
 .debug_loc     0x000000000000303f      0x1e8 hpl/tram/tram_lite.o
 .debug_loc     0x0000000000003227      0xaee driver_init.o
 .debug_loc     0x0000000000003d15     0x6419 hpl/sercom/hpl_sercom.o
 .debug_loc     0x000000000000a12e      0x3be hpl/nvmctrl/nvmctrl_lite.o
 .debug_loc     0x000000000000a4ec       0x20 atmel_start.o

.debug_aranges  0x0000000000000000      0xbe8
 .debug_aranges
                0x0000000000000000       0x30 hal/src/hal_io.o
 .debug_aranges
                0x0000000000000030       0x38 stdio_redirect/stdio_io.o
 .debug_aranges
                0x0000000000000068       0x30 Secure_Functions/secure_dataflash.o
 .debug_aranges
                0x0000000000000098       0x28 Secure_Functions/secure_pac.o
 .debug_aranges
                0x00000000000000c0       0x58 hpl/wdt/hpl_wdt.o
 .debug_aranges
                0x0000000000000118       0x28 gcc/gcc/startup_saml11e16a.o
 .debug_aranges
                0x0000000000000140       0x20 stdio_redirect/gcc/write.o
 .debug_aranges
                0x0000000000000160       0x60 hal/utils/src/utils_syscalls.o
 .debug_aranges
                0x00000000000001c0       0x20 stdio_redirect/gcc/read.o
 .debug_aranges
                0x00000000000001e0       0x18 trustzone/trustzone_manager.o
 .debug_aranges
                0x00000000000001f8       0x88 hal/src/hal_i2c_m_sync.o
 .debug_aranges
                0x0000000000000280       0x28 Secure_Functions/secure_tram.o
 .debug_aranges
                0x00000000000002a8       0x70 main.o
 .debug_aranges
                0x0000000000000318       0x28 hpl/oscctrl/hpl_oscctrl.o
 .debug_aranges
                0x0000000000000340       0x20 hpl/core/hpl_init.o
 .debug_aranges
                0x0000000000000360       0x28 hpl/rtc/rtc_lite.o
 .debug_aranges
                0x0000000000000388       0x30 hpl/pm/hpl_pm.o
 .debug_aranges
                0x00000000000003b8       0xa8 hal/src/hal_usart_sync.o
 .debug_aranges
                0x0000000000000460       0x20 hpl/mclk/hpl_mclk.o
 .debug_aranges
                0x0000000000000480       0x38 Secure_Functions/secure_wdt.o
 .debug_aranges
                0x00000000000004b8       0x28 hpl/gclk/hpl_gclk.o
 .debug_aranges
                0x00000000000004e0       0x28 stdio_start.o
 .debug_aranges
                0x0000000000000508       0x40 Secure_Functions/secure_rtc.o
 .debug_aranges
                0x0000000000000548       0x28 trustzone/trustzone_veneer.o
 .debug_aranges
                0x0000000000000570       0x20 hpl/osc32kctrl/hpl_osc32kctrl.o
 .debug_aranges
                0x0000000000000590       0x30 hpl/tram/tram_lite.o
 .debug_aranges
                0x00000000000005c0       0x80 driver_init.o
 .debug_aranges
                0x0000000000000640      0x520 hpl/sercom/hpl_sercom.o
 .debug_aranges
                0x0000000000000b60       0x48 hpl/nvmctrl/nvmctrl_lite.o
 .debug_aranges
                0x0000000000000ba8       0x20 hal/utils/src/utils_assert.o
 .debug_aranges
                0x0000000000000bc8       0x20 atmel_start.o

.debug_ranges   0x0000000000000000     0x1ba0
 .debug_ranges  0x0000000000000000       0x20 hal/src/hal_io.o
 .debug_ranges  0x0000000000000020       0x28 stdio_redirect/stdio_io.o
 .debug_ranges  0x0000000000000048       0x50 Secure_Functions/secure_dataflash.o
 .debug_ranges  0x0000000000000098       0xa8 Secure_Functions/secure_pac.o
 .debug_ranges  0x0000000000000140      0x120 hpl/wdt/hpl_wdt.o
 .debug_ranges  0x0000000000000260       0x18 gcc/gcc/startup_saml11e16a.o
 .debug_ranges  0x0000000000000278       0x10 stdio_redirect/gcc/write.o
 .debug_ranges  0x0000000000000288       0x50 hal/utils/src/utils_syscalls.o
 .debug_ranges  0x00000000000002d8       0x10 stdio_redirect/gcc/read.o
 .debug_ranges  0x00000000000002e8       0x78 hal/src/hal_i2c_m_sync.o
 .debug_ranges  0x0000000000000360       0x30 Secure_Functions/secure_tram.o
 .debug_ranges  0x0000000000000390      0x130 main.o
 .debug_ranges  0x00000000000004c0       0x30 hpl/oscctrl/hpl_oscctrl.o
 .debug_ranges  0x00000000000004f0       0x30 hpl/core/hpl_init.o
 .debug_ranges  0x0000000000000520       0x98 hpl/rtc/rtc_lite.o
 .debug_ranges  0x00000000000005b8       0x38 hpl/pm/hpl_pm.o
 .debug_ranges  0x00000000000005f0       0x98 hal/src/hal_usart_sync.o
 .debug_ranges  0x0000000000000688       0x28 hpl/mclk/hpl_mclk.o
 .debug_ranges  0x00000000000006b0       0x40 Secure_Functions/secure_wdt.o
 .debug_ranges  0x00000000000006f0       0x18 hpl/gclk/hpl_gclk.o
 .debug_ranges  0x0000000000000708       0x18 stdio_start.o
 .debug_ranges  0x0000000000000720       0x98 Secure_Functions/secure_rtc.o
 .debug_ranges  0x00000000000007b8       0x48 trustzone/trustzone_veneer.o
 .debug_ranges  0x0000000000000800       0x28 hpl/osc32kctrl/hpl_osc32kctrl.o
 .debug_ranges  0x0000000000000828       0x20 hpl/tram/tram_lite.o
 .debug_ranges  0x0000000000000848      0x300 driver_init.o
 .debug_ranges  0x0000000000000b48      0xf58 hpl/sercom/hpl_sercom.o
 .debug_ranges  0x0000000000001aa0       0xc8 hpl/nvmctrl/nvmctrl_lite.o
 .debug_ranges  0x0000000000001b68       0x10 hal/utils/src/utils_assert.o
 .debug_ranges  0x0000000000001b78       0x28 atmel_start.o

.debug_macro    0x0000000000000000    0x1fe4e
 .debug_macro   0x0000000000000000      0x470 hal/src/hal_io.o
 .debug_macro   0x0000000000000470      0x8bc hal/src/hal_io.o
 .debug_macro   0x0000000000000d2c      0x16d hal/src/hal_io.o
 .debug_macro   0x0000000000000e99       0x22 hal/src/hal_io.o
 .debug_macro   0x0000000000000ebb       0x87 hal/src/hal_io.o
 .debug_macro   0x0000000000000f42       0x51 hal/src/hal_io.o
 .debug_macro   0x0000000000000f93       0xef hal/src/hal_io.o
 .debug_macro   0x0000000000001082       0x6a hal/src/hal_io.o
 .debug_macro   0x00000000000010ec      0x1df hal/src/hal_io.o
 .debug_macro   0x00000000000012cb       0x22 hal/src/hal_io.o
 .debug_macro   0x00000000000012ed       0xc9 hal/src/hal_io.o
 .debug_macro   0x00000000000013b6       0x28 hal/src/hal_io.o
 .debug_macro   0x00000000000013de       0x85 hal/src/hal_io.o
 .debug_macro   0x0000000000001463      0xa2f hal/src/hal_io.o
 .debug_macro   0x0000000000001e92      0x894 hal/src/hal_io.o
 .debug_macro   0x0000000000002726      0xb83 hal/src/hal_io.o
 .debug_macro   0x00000000000032a9      0x3e0 hal/src/hal_io.o
 .debug_macro   0x0000000000003689      0x373 hal/src/hal_io.o
 .debug_macro   0x00000000000039fc      0xf2c hal/src/hal_io.o
 .debug_macro   0x0000000000004928      0x834 hal/src/hal_io.o
 .debug_macro   0x000000000000515c      0x814 hal/src/hal_io.o
 .debug_macro   0x0000000000005970      0xbf2 hal/src/hal_io.o
 .debug_macro   0x0000000000006562      0x20d hal/src/hal_io.o
 .debug_macro   0x000000000000676f      0x2b1 hal/src/hal_io.o
 .debug_macro   0x0000000000006a20      0x113 hal/src/hal_io.o
 .debug_macro   0x0000000000006b33      0x532 hal/src/hal_io.o
 .debug_macro   0x0000000000007065      0xfd0 hal/src/hal_io.o
 .debug_macro   0x0000000000008035      0x267 hal/src/hal_io.o
 .debug_macro   0x000000000000829c      0xb82 hal/src/hal_io.o
 .debug_macro   0x0000000000008e1e      0x370 hal/src/hal_io.o
 .debug_macro   0x000000000000918e      0xe6d hal/src/hal_io.o
 .debug_macro   0x0000000000009ffb      0x292 hal/src/hal_io.o
 .debug_macro   0x000000000000a28d      0x5b7 hal/src/hal_io.o
 .debug_macro   0x000000000000a844       0x1c hal/src/hal_io.o
 .debug_macro   0x000000000000a860       0x9a hal/src/hal_io.o
 .debug_macro   0x000000000000a8fa     0x231e hal/src/hal_io.o
 .debug_macro   0x000000000000cc18     0x15b1 hal/src/hal_io.o
 .debug_macro   0x000000000000e1c9      0x9c1 hal/src/hal_io.o
 .debug_macro   0x000000000000eb8a      0xbee hal/src/hal_io.o
 .debug_macro   0x000000000000f778      0x2b4 hal/src/hal_io.o
 .debug_macro   0x000000000000fa2c      0x13d hal/src/hal_io.o
 .debug_macro   0x000000000000fb69      0x41d hal/src/hal_io.o
 .debug_macro   0x000000000000ff86       0x88 hal/src/hal_io.o
 .debug_macro   0x000000000001000e       0xb2 hal/src/hal_io.o
 .debug_macro   0x00000000000100c0       0x46 hal/src/hal_io.o
 .debug_macro   0x0000000000010106       0x5e hal/src/hal_io.o
 .debug_macro   0x0000000000010164       0xdc hal/src/hal_io.o
 .debug_macro   0x0000000000010240       0xe8 hal/src/hal_io.o
 .debug_macro   0x0000000000010328       0x94 hal/src/hal_io.o
 .debug_macro   0x00000000000103bc      0x2a2 hal/src/hal_io.o
 .debug_macro   0x000000000001065e       0x52 hal/src/hal_io.o
 .debug_macro   0x00000000000106b0       0xf4 hal/src/hal_io.o
 .debug_macro   0x00000000000107a4       0xbe hal/src/hal_io.o
 .debug_macro   0x0000000000010862       0x52 hal/src/hal_io.o
 .debug_macro   0x00000000000108b4       0xe2 hal/src/hal_io.o
 .debug_macro   0x0000000000010996       0x3a hal/src/hal_io.o
 .debug_macro   0x00000000000109d0       0xb8 hal/src/hal_io.o
 .debug_macro   0x0000000000010a88       0x4c hal/src/hal_io.o
 .debug_macro   0x0000000000010ad4       0x82 hal/src/hal_io.o
 .debug_macro   0x0000000000010b56       0x46 hal/src/hal_io.o
 .debug_macro   0x0000000000010b9c       0xb8 hal/src/hal_io.o
 .debug_macro   0x0000000000010c54       0x34 hal/src/hal_io.o
 .debug_macro   0x0000000000010c88       0x22 hal/src/hal_io.o
 .debug_macro   0x0000000000010caa      0x14b hal/src/hal_io.o
 .debug_macro   0x0000000000010df5      0x189 hal/src/hal_io.o
 .debug_macro   0x0000000000010f7e      0x189 hal/src/hal_io.o
 .debug_macro   0x0000000000011107      0x189 hal/src/hal_io.o
 .debug_macro   0x0000000000011290       0x58 hal/src/hal_io.o
 .debug_macro   0x00000000000112e8      0x11f hal/src/hal_io.o
 .debug_macro   0x0000000000011407      0x11f hal/src/hal_io.o
 .debug_macro   0x0000000000011526      0x11f hal/src/hal_io.o
 .debug_macro   0x0000000000011645      0x209 hal/src/hal_io.o
 .debug_macro   0x000000000001184e       0x34 hal/src/hal_io.o
 .debug_macro   0x0000000000011882       0x40 hal/src/hal_io.o
 .debug_macro   0x00000000000118c2      0x38b hal/src/hal_io.o
 .debug_macro   0x0000000000011c4d     0x1884 hal/src/hal_io.o
 .debug_macro   0x00000000000134d1      0x31b hal/src/hal_io.o
 .debug_macro   0x00000000000137ec       0x10 hal/src/hal_io.o
 .debug_macro   0x00000000000137fc       0x10 hal/src/hal_io.o
 .debug_macro   0x000000000001380c       0x16 hal/src/hal_io.o
 .debug_macro   0x0000000000013822       0x16 hal/src/hal_io.o
 .debug_macro   0x0000000000013838       0x16 hal/src/hal_io.o
 .debug_macro   0x000000000001384e       0x16 hal/src/hal_io.o
 .debug_macro   0x0000000000013864       0x16 hal/src/hal_io.o
 .debug_macro   0x000000000001387a       0x16 hal/src/hal_io.o
 .debug_macro   0x0000000000013890       0x16 hal/src/hal_io.o
 .debug_macro   0x00000000000138a6       0x16 hal/src/hal_io.o
 .debug_macro   0x00000000000138bc       0x16 hal/src/hal_io.o
 .debug_macro   0x00000000000138d2       0x16 hal/src/hal_io.o
 .debug_macro   0x00000000000138e8       0x16 hal/src/hal_io.o
 .debug_macro   0x00000000000138fe       0x16 hal/src/hal_io.o
 .debug_macro   0x0000000000013914       0x16 hal/src/hal_io.o
 .debug_macro   0x000000000001392a       0x16 hal/src/hal_io.o
 .debug_macro   0x0000000000013940       0x16 hal/src/hal_io.o
 .debug_macro   0x0000000000013956       0x16 hal/src/hal_io.o
 .debug_macro   0x000000000001396c       0x16 hal/src/hal_io.o
 .debug_macro   0x0000000000013982       0x16 hal/src/hal_io.o
 .debug_macro   0x0000000000013998       0x16 hal/src/hal_io.o
 .debug_macro   0x00000000000139ae       0x16 hal/src/hal_io.o
 .debug_macro   0x00000000000139c4       0x16 hal/src/hal_io.o
 .debug_macro   0x00000000000139da       0x16 hal/src/hal_io.o
 .debug_macro   0x00000000000139f0       0x16 hal/src/hal_io.o
 .debug_macro   0x0000000000013a06       0x16 hal/src/hal_io.o
 .debug_macro   0x0000000000013a1c       0x16 hal/src/hal_io.o
 .debug_macro   0x0000000000013a32       0xca hal/src/hal_io.o
 .debug_macro   0x0000000000013afc       0x16 hal/src/hal_io.o
 .debug_macro   0x0000000000013b12      0x5b6 stdio_redirect/stdio_io.o
 .debug_macro   0x00000000000140c8       0x52 stdio_redirect/stdio_io.o
 .debug_macro   0x000000000001411a       0x8d stdio_redirect/stdio_io.o
 .debug_macro   0x00000000000141a7       0x35 stdio_redirect/stdio_io.o
 .debug_macro   0x00000000000141dc       0x9c stdio_redirect/stdio_io.o
 .debug_macro   0x0000000000014278       0x16 stdio_redirect/stdio_io.o
 .debug_macro   0x000000000001428e       0x57 stdio_redirect/stdio_io.o
 .debug_macro   0x00000000000142e5       0x97 stdio_redirect/stdio_io.o
 .debug_macro   0x000000000001437c      0x353 stdio_redirect/stdio_io.o
 .debug_macro   0x00000000000146cf       0xf6 stdio_redirect/stdio_io.o
 .debug_macro   0x00000000000147c5       0x10 stdio_redirect/stdio_io.o
 .debug_macro   0x00000000000147d5       0x58 stdio_redirect/stdio_io.o
 .debug_macro   0x000000000001482d       0x1f stdio_redirect/stdio_io.o
 .debug_macro   0x000000000001484c       0x43 stdio_redirect/stdio_io.o
 .debug_macro   0x000000000001488f       0x20 stdio_redirect/stdio_io.o
 .debug_macro   0x00000000000148af      0x187 stdio_redirect/stdio_io.o
 .debug_macro   0x0000000000014a36       0x10 stdio_redirect/stdio_io.o
 .debug_macro   0x0000000000014a46       0x1c stdio_redirect/stdio_io.o
 .debug_macro   0x0000000000014a62       0x52 stdio_redirect/stdio_io.o
 .debug_macro   0x0000000000014ab4       0x40 stdio_redirect/stdio_io.o
 .debug_macro   0x0000000000014af4       0x10 stdio_redirect/stdio_io.o
 .debug_macro   0x0000000000014b04       0x40 stdio_redirect/stdio_io.o
 .debug_macro   0x0000000000014b44       0xd7 stdio_redirect/stdio_io.o
 .debug_macro   0x0000000000014c1b       0x16 stdio_redirect/stdio_io.o
 .debug_macro   0x0000000000014c31      0x18b stdio_redirect/stdio_io.o
 .debug_macro   0x0000000000014dbc      0x751 Secure_Functions/secure_dataflash.o
 .debug_macro   0x000000000001550d       0x1c Secure_Functions/secure_dataflash.o
 .debug_macro   0x0000000000015529       0x10 Secure_Functions/secure_dataflash.o
 .debug_macro   0x0000000000015539       0x64 Secure_Functions/secure_dataflash.o
 .debug_macro   0x000000000001559d       0x40 Secure_Functions/secure_dataflash.o
 .debug_macro   0x00000000000155dd       0x10 Secure_Functions/secure_dataflash.o
 .debug_macro   0x00000000000155ed       0x70 Secure_Functions/secure_dataflash.o
 .debug_macro   0x000000000001565d       0x64 Secure_Functions/secure_dataflash.o
 .debug_macro   0x00000000000156c1      0x41b Secure_Functions/secure_dataflash.o
 .debug_macro   0x0000000000015adc       0x58 Secure_Functions/secure_dataflash.o
 .debug_macro   0x0000000000015b34       0x35 Secure_Functions/secure_dataflash.o
 .debug_macro   0x0000000000015b69      0x74f Secure_Functions/secure_pac.o
 .debug_macro   0x00000000000162b8       0x40 Secure_Functions/secure_pac.o
 .debug_macro   0x00000000000162f8      0x4cb hpl/wdt/hpl_wdt.o
 .debug_macro   0x00000000000167c3       0x1c hpl/wdt/hpl_wdt.o
 .debug_macro   0x00000000000167df      0x30b gcc/gcc/startup_saml11e16a.o
 .debug_macro   0x0000000000016aea      0x5bc stdio_redirect/gcc/write.o
 .debug_macro   0x00000000000170a6      0x1d6 hal/utils/src/utils_syscalls.o
 .debug_macro   0x000000000001727c       0x4c hal/utils/src/utils_syscalls.o
 .debug_macro   0x00000000000172c8       0x16 hal/utils/src/utils_syscalls.o
 .debug_macro   0x00000000000172de       0x10 hal/utils/src/utils_syscalls.o
 .debug_macro   0x00000000000172ee       0x10 hal/utils/src/utils_syscalls.o
 .debug_macro   0x00000000000172fe       0x35 hal/utils/src/utils_syscalls.o
 .debug_macro   0x0000000000017333      0x122 hal/utils/src/utils_syscalls.o
 .debug_macro   0x0000000000017455      0x5bc stdio_redirect/gcc/read.o
 .debug_macro   0x0000000000017a11      0x482 trustzone/trustzone_manager.o
 .debug_macro   0x0000000000017e93      0x498 hal/src/hal_i2c_m_sync.o
 .debug_macro   0x000000000001832b       0x6a hal/src/hal_i2c_m_sync.o
 .debug_macro   0x0000000000018395       0xc9 hal/src/hal_i2c_m_sync.o
 .debug_macro   0x000000000001845e      0x74b Secure_Functions/secure_tram.o
 .debug_macro   0x0000000000018ba9      0x785 main.o
 .debug_macro   0x000000000001932e       0x10 main.o
 .debug_macro   0x000000000001933e      0x482 hpl/oscctrl/hpl_oscctrl.o
 .debug_macro   0x00000000000197c0      0x145 hpl/oscctrl/hpl_oscctrl.o
 .debug_macro   0x0000000000019905       0x4d hpl/oscctrl/hpl_oscctrl.o
 .debug_macro   0x0000000000019952       0x22 hpl/oscctrl/hpl_oscctrl.o
 .debug_macro   0x0000000000019974      0x4d2 hpl/core/hpl_init.o
 .debug_macro   0x0000000000019e46      0x3f2 hpl/core/hpl_init.o
 .debug_macro   0x000000000001a238      0x46a hpl/rtc/rtc_lite.o
 .debug_macro   0x000000000001a6a2      0x475 hpl/pm/hpl_pm.o
 .debug_macro   0x000000000001ab17      0x497 hal/src/hal_usart_sync.o
 .debug_macro   0x000000000001afae      0x46f hpl/mclk/hpl_mclk.o
 .debug_macro   0x000000000001b41d      0x744 Secure_Functions/secure_wdt.o
 .debug_macro   0x000000000001bb61      0x479 hpl/gclk/hpl_gclk.o
 .debug_macro   0x000000000001bfda      0x137 hpl/gclk/hpl_gclk.o
 .debug_macro   0x000000000001c111      0x73a stdio_start.o
 .debug_macro   0x000000000001c84b      0x74f Secure_Functions/secure_rtc.o
 .debug_macro   0x000000000001cf9a      0x744 trustzone/trustzone_veneer.o
 .debug_macro   0x000000000001d6de      0x46a hpl/osc32kctrl/hpl_osc32kctrl.o
 .debug_macro   0x000000000001db48       0x80 hpl/osc32kctrl/hpl_osc32kctrl.o
 .debug_macro   0x000000000001dbc8      0x46a hpl/tram/tram_lite.o
 .debug_macro   0x000000000001e032      0x59d driver_init.o
 .debug_macro   0x000000000001e5cf      0x6a9 hpl/sercom/hpl_sercom.o
 .debug_macro   0x000000000001ec78      0x14d hpl/sercom/hpl_sercom.o
 .debug_macro   0x000000000001edc5       0x10 hpl/sercom/hpl_sercom.o
 .debug_macro   0x000000000001edd5       0x1c hpl/sercom/hpl_sercom.o
 .debug_macro   0x000000000001edf1       0x22 hpl/sercom/hpl_sercom.o
 .debug_macro   0x000000000001ee13       0x10 hpl/sercom/hpl_sercom.o
 .debug_macro   0x000000000001ee23      0x47c hpl/nvmctrl/nvmctrl_lite.o
 .debug_macro   0x000000000001f29f      0x466 hal/utils/src/utils_assert.o
 .debug_macro   0x000000000001f705       0x10 hal/utils/src/utils_assert.o
 .debug_macro   0x000000000001f715      0x739 atmel_start.o

.debug_line     0x0000000000000000    0x14091
 .debug_line    0x0000000000000000      0x7d9 hal/src/hal_io.o
 .debug_line    0x00000000000007d9      0x8e7 stdio_redirect/stdio_io.o
 .debug_line    0x00000000000010c0      0xb99 Secure_Functions/secure_dataflash.o
 .debug_line    0x0000000000001c59      0xbf6 Secure_Functions/secure_pac.o
 .debug_line    0x000000000000284f      0xa36 hpl/wdt/hpl_wdt.o
 .debug_line    0x0000000000003285      0x4f4 gcc/gcc/startup_saml11e16a.o
 .debug_line    0x0000000000003779      0x8ba stdio_redirect/gcc/write.o
 .debug_line    0x0000000000004033      0x376 hal/utils/src/utils_syscalls.o
 .debug_line    0x00000000000043a9      0x8b7 stdio_redirect/gcc/read.o
 .debug_line    0x0000000000004c60      0x7aa trustzone/trustzone_manager.o
 .debug_line    0x000000000000540a      0x8fe hal/src/hal_i2c_m_sync.o
 .debug_line    0x0000000000005d08      0xb7b Secure_Functions/secure_tram.o
 .debug_line    0x0000000000006883      0xfdb main.o
 .debug_line    0x000000000000785e      0x821 hpl/oscctrl/hpl_oscctrl.o
 .debug_line    0x000000000000807f      0x870 hpl/core/hpl_init.o
 .debug_line    0x00000000000088ef      0x81f hpl/rtc/rtc_lite.o
 .debug_line    0x000000000000910e      0x808 hpl/pm/hpl_pm.o
 .debug_line    0x0000000000009916      0x9c6 hal/src/hal_usart_sync.o
 .debug_line    0x000000000000a2dc      0x7c1 hpl/mclk/hpl_mclk.o
 .debug_line    0x000000000000aa9d      0xb7f Secure_Functions/secure_wdt.o
 .debug_line    0x000000000000b61c      0x7de hpl/gclk/hpl_gclk.o
 .debug_line    0x000000000000bdfa      0xb15 stdio_start.o
 .debug_line    0x000000000000c90f      0xbdb Secure_Functions/secure_rtc.o
 .debug_line    0x000000000000d4ea      0xbab trustzone/trustzone_veneer.o
 .debug_line    0x000000000000e095      0x7d9 hpl/osc32kctrl/hpl_osc32kctrl.o
 .debug_line    0x000000000000e86e      0x806 hpl/tram/tram_lite.o
 .debug_line    0x000000000000f074      0xc38 driver_init.o
 .debug_line    0x000000000000fcac     0x287b hpl/sercom/hpl_sercom.o
 .debug_line    0x0000000000012527      0x8d2 hpl/nvmctrl/nvmctrl_lite.o
 .debug_line    0x0000000000012df9      0x78d hal/utils/src/utils_assert.o
 .debug_line    0x0000000000013586      0xb0b atmel_start.o

.debug_str      0x0000000000000000    0x91db7
 .debug_str     0x0000000000000000    0x7eb4c hal/src/hal_io.o
                                      0x7f0b2 (size before relaxing)
 .debug_str     0x000000000007eb4c     0x3e2a stdio_redirect/stdio_io.o
                                      0x82e72 (size before relaxing)
 .debug_str     0x0000000000082976     0x395f Secure_Functions/secure_dataflash.o
                                      0x86864 (size before relaxing)
 .debug_str     0x00000000000862d5      0x875 Secure_Functions/secure_pac.o
                                      0x86c6f (size before relaxing)
 .debug_str     0x0000000000086b4a      0x512 hpl/wdt/hpl_wdt.o
                                      0x7f5b9 (size before relaxing)
 .debug_str     0x000000000008705c      0x512 gcc/gcc/startup_saml11e16a.o
                                      0x7e4d4 (size before relaxing)
 .debug_str     0x000000000008756e       0x1e stdio_redirect/gcc/write.o
                                      0x82dd7 (size before relaxing)
 .debug_str     0x000000000008758c      0x75b hal/utils/src/utils_syscalls.o
                                       0x73b5 (size before relaxing)
 .debug_str     0x0000000000087ce7       0x1d stdio_redirect/gcc/read.o
                                      0x82dd5 (size before relaxing)
 .debug_str     0x0000000000087d04       0x2e trustzone/trustzone_manager.o
                                      0x81b62 (size before relaxing)
 .debug_str     0x0000000000087d32      0x5e9 hal/src/hal_i2c_m_sync.o
                                      0x7f908 (size before relaxing)
 .debug_str     0x000000000008831b      0x186 Secure_Functions/secure_tram.o
                                      0x86544 (size before relaxing)
 .debug_str     0x00000000000884a1      0xe9b main.o
                                      0x87b97 (size before relaxing)
 .debug_str     0x000000000008933c      0xbb1 hpl/oscctrl/hpl_oscctrl.o
                                      0x7fbc9 (size before relaxing)
 .debug_str     0x0000000000089eed      0xd56 hpl/core/hpl_init.o
                                      0x8042a (size before relaxing)
 .debug_str     0x000000000008ac43      0x7ba hpl/rtc/rtc_lite.o
                                      0x7f88f (size before relaxing)
 .debug_str     0x000000000008b3fd      0x244 hpl/pm/hpl_pm.o
                                      0x7f2c7 (size before relaxing)
 .debug_str     0x000000000008b641      0x49e hal/src/hal_usart_sync.o
                                      0x7fb52 (size before relaxing)
 .debug_str     0x000000000008badf      0x126 hpl/mclk/hpl_mclk.o
                                      0x7f41f (size before relaxing)
 .debug_str     0x000000000008bc05       0x5c Secure_Functions/secure_wdt.o
                                      0x8679d (size before relaxing)
 .debug_str     0x000000000008bc61      0x624 hpl/gclk/hpl_gclk.o
                                      0x7f685 (size before relaxing)
 .debug_str     0x000000000008c285       0x44 stdio_start.o
                                      0x863a0 (size before relaxing)
 .debug_str     0x000000000008c2c9      0x18b Secure_Functions/secure_rtc.o
                                      0x87067 (size before relaxing)
 .debug_str     0x000000000008c454      0x4e2 trustzone/trustzone_veneer.o
                                      0x8696a (size before relaxing)
 .debug_str     0x000000000008c936      0x439 hpl/osc32kctrl/hpl_osc32kctrl.o
                                      0x7f46c (size before relaxing)
 .debug_str     0x000000000008cd6f      0x106 hpl/tram/tram_lite.o
                                      0x7f2b1 (size before relaxing)
 .debug_str     0x000000000008ce75      0x1fd driver_init.o
                                      0x8120a (size before relaxing)
 .debug_str     0x000000000008d072     0x4b27 hpl/sercom/hpl_sercom.o
                                      0x85453 (size before relaxing)
 .debug_str     0x0000000000091b99      0x1cc hpl/nvmctrl/nvmctrl_lite.o
                                      0x7f654 (size before relaxing)
 .debug_str     0x0000000000091d65       0x2a hal/utils/src/utils_assert.o
                                      0x7f015 (size before relaxing)
 .debug_str     0x0000000000091d8f       0x28 atmel_start.o
                                      0x8665c (size before relaxing)

.debug_frame    0x0000000000000000     0x266c
 .debug_frame   0x0000000000000000       0x58 hal/src/hal_io.o
 .debug_frame   0x0000000000000058       0x6c stdio_redirect/stdio_io.o
 .debug_frame   0x00000000000000c4       0x58 Secure_Functions/secure_dataflash.o